Component: ARM Compiler 5.06 update 3 (build 300) Tool: armlink [4d35c9]

==============================================================================

Section Cross References

    main.o(i.advertising_init) refers to memseta.o(.text) for __aeabi_memclr4
    main.o(i.advertising_init) refers to ble_advertising.o(i.ble_advertising_init) for ble_advertising_init
    main.o(i.advertising_init) refers to main.o(i.app_error_handler) for app_error_handler
    main.o(i.advertising_init) refers to main.o(i.on_adv_evt) for on_adv_evt
    main.o(i.app_error_handler) refers to main.o(i.NVIC_SystemReset) for NVIC_SystemReset
    main.o(i.app_uart_transmit) refers to app_uart_fifo.o(i.app_uart_put) for app_uart_put
    main.o(i.app_uart_transmit) refers to main.o(i.NVIC_SystemReset) for NVIC_SystemReset
    main.o(i.apple_notification_error_handler) refers to main.o(i.app_error_handler) for app_error_handler
    main.o(i.apple_notification_setup) refers to nrf_delay.o(i.nrf_delay_ms) for nrf_delay_ms
    main.o(i.apple_notification_setup) refers to ble_ancs_c.o(i.ble_ancs_c_notif_source_notif_enable) for ble_ancs_c_notif_source_notif_enable
    main.o(i.apple_notification_setup) refers to main.o(i.app_error_handler) for app_error_handler
    main.o(i.apple_notification_setup) refers to ble_ancs_c.o(i.ble_ancs_c_data_source_notif_enable) for ble_ancs_c_data_source_notif_enable
    main.o(i.apple_notification_setup) refers to main.o(.bss) for m_ancs_c
    main.o(i.assert_nrf_callback) refers to main.o(i.app_error_handler) for app_error_handler
    main.o(i.ble_evt_dispatch) refers to device_manager_peripheral.o(i.dm_ble_evt_handler) for dm_ble_evt_handler
    main.o(i.ble_evt_dispatch) refers to ble_db_discovery.o(i.ble_db_discovery_on_ble_evt) for ble_db_discovery_on_ble_evt
    main.o(i.ble_evt_dispatch) refers to ble_conn_params.o(i.ble_conn_params_on_ble_evt) for ble_conn_params_on_ble_evt
    main.o(i.ble_evt_dispatch) refers to ble_ancs_c.o(i.ble_ancs_c_on_ble_evt) for ble_ancs_c_on_ble_evt
    main.o(i.ble_evt_dispatch) refers to ble_gogglepal.o(i.ble_gogglepal_on_ble_evt) for ble_gogglepal_on_ble_evt
    main.o(i.ble_evt_dispatch) refers to main.o(i.on_ble_evt) for on_ble_evt
    main.o(i.ble_evt_dispatch) refers to ble_advertising.o(i.ble_advertising_on_ble_evt) for ble_advertising_on_ble_evt
    main.o(i.ble_evt_dispatch) refers to main.o(.bss) for m_ble_db_discovery
    main.o(i.ble_gogglepal_get_handle_object) refers to main.o(.bss) for m_gogglepal
    main.o(i.ble_stack_init) refers to softdevice_handler.o(i.softdevice_handler_init) for softdevice_handler_init
    main.o(i.ble_stack_init) refers to main.o(i.app_error_handler) for app_error_handler
    main.o(i.ble_stack_init) refers to softdevice_handler.o(i.softdevice_ble_evt_handler_set) for softdevice_ble_evt_handler_set
    main.o(i.ble_stack_init) refers to softdevice_handler.o(i.softdevice_sys_evt_handler_set) for softdevice_sys_evt_handler_set
    main.o(i.ble_stack_init) refers to main.o(.bss) for BLE_EVT_BUFFER
    main.o(i.ble_stack_init) refers to main.o(i.ble_evt_dispatch) for ble_evt_dispatch
    main.o(i.ble_stack_init) refers to main.o(i.sys_evt_dispatch) for sys_evt_dispatch
    main.o(i.bootloader_write_handler) refers to main.o(i.queueSerialEvent) for queueSerialEvent
    main.o(i.bootloader_write_handler) refers to main.o(.data) for gp_firmware_info
    main.o(i.conn_params_error_handler) refers to main.o(i.app_error_handler) for app_error_handler
    main.o(i.conn_params_init) refers to memseta.o(.text) for __aeabi_memclr4
    main.o(i.conn_params_init) refers to ble_conn_params.o(i.ble_conn_params_init) for ble_conn_params_init
    main.o(i.conn_params_init) refers to main.o(i.app_error_handler) for app_error_handler
    main.o(i.conn_params_init) refers to main.o(i.on_conn_params_evt) for on_conn_params_evt
    main.o(i.conn_params_init) refers to main.o(i.conn_params_error_handler) for conn_params_error_handler
    main.o(i.db_discovery_init) refers to ble_db_discovery.o(i.ble_db_discovery_init) for ble_db_discovery_init
    main.o(i.db_discovery_init) refers to main.o(i.app_error_handler) for app_error_handler
    main.o(i.device_manager_evt_handler) refers to memcpya.o(.text) for __aeabi_memcpy
    main.o(i.device_manager_evt_handler) refers to main.o(i.app_error_handler) for app_error_handler
    main.o(i.device_manager_evt_handler) refers to ble_ancs_c.o(i.ble_ancs_c_on_device_manager_evt) for ble_ancs_c_on_device_manager_evt
    main.o(i.device_manager_evt_handler) refers to app_timer.o(i.app_timer_start) for app_timer_start
    main.o(i.device_manager_evt_handler) refers to ble_db_discovery.o(i.ble_db_discovery_start) for ble_db_discovery_start
    main.o(i.device_manager_evt_handler) refers to main.o(.data) for m_dm_handle
    main.o(i.device_manager_evt_handler) refers to main.o(.bss) for m_ancs_c
    main.o(i.device_manager_init) refers to pstorage.o(i.pstorage_init) for pstorage_init
[...]
    i.pending_user_evts_send                 0x0001df84   Section        0  ble_db_discovery.o(i.pending_user_evts_send)
    pending_user_evts_send                   0x0001df85   Thumb Code    42  ble_db_discovery.o(i.pending_user_evts_send)
    i.pin_from_port_get                      0x0001dfbc   Section        0  nrf_drv_gpiote.o(i.pin_from_port_get)
    pin_from_port_get                        0x0001dfbd   Thumb Code     8  nrf_drv_gpiote.o(i.pin_from_port_get)
    i.pin_in_use_by_gpiote                   0x0001dfc8   Section        0  nrf_drv_gpiote.o(i.pin_in_use_by_gpiote)
    pin_in_use_by_gpiote                     0x0001dfc9   Thumb Code    22  nrf_drv_gpiote.o(i.pin_in_use_by_gpiote)
    i.pin_in_use_by_port                     0x0001dfe4   Section        0  nrf_drv_gpiote.o(i.pin_in_use_by_port)
    pin_in_use_by_port                       0x0001dfe5   Thumb Code    18  nrf_drv_gpiote.o(i.pin_in_use_by_port)
    i.pin_in_use_by_te                       0x0001dffc   Section        0  nrf_drv_gpiote.o(i.pin_in_use_by_te)
    pin_in_use_by_te                         0x0001dffd   Thumb Code    26  nrf_drv_gpiote.o(i.pin_in_use_by_te)
    i.pin_in_use_clear                       0x0001e01c   Section        0  nrf_drv_gpiote.o(i.pin_in_use_clear)
    pin_in_use_clear                         0x0001e01d   Thumb Code    10  nrf_drv_gpiote.o(i.pin_in_use_clear)
    i.pnp_id_encode                          0x0001e02c   Section        0  ble_dis.o(i.pnp_id_encode)
    pnp_id_encode                            0x0001e02d   Thumb Code   158  ble_dis.o(i.pnp_id_encode)
    i.power_manage                           0x0001e0ca   Section        0  main.o(i.power_manage)
    power_manage                             0x0001e0cb   Thumb Code    30  main.o(i.power_manage)
    i.process_mcu_msg                        0x0001e0e8   Section        0  main.o(i.process_mcu_msg)
    process_mcu_msg                          0x0001e0e9   Thumb Code   298  main.o(i.process_mcu_msg)
    i.process_uart_byte                      0x0001e230   Section        0  main.o(i.process_uart_byte)
    process_uart_byte                        0x0001e231   Thumb Code   164  main.o(i.process_uart_byte)
    i.pstorage_access_status_get             0x0001e2dc   Section        0  pstorage.o(i.pstorage_access_status_get)
    i.pstorage_block_identifier_get          0x0001e308   Section        0  pstorage.o(i.pstorage_block_identifier_get)
    i.pstorage_clear                         0x0001e398   Section        0  pstorage.o(i.pstorage_clear)
    i.pstorage_flash_page_end                0x0001e448   Section        0  pstorage.o(i.pstorage_flash_page_end)
    pstorage_flash_page_end                  0x0001e449   Thumb Code    36  pstorage.o(i.pstorage_flash_page_end)
    i.pstorage_flash_page_size               0x0001e470   Section        0  pstorage.o(i.pstorage_flash_page_size)
    pstorage_flash_page_size                 0x0001e471   Thumb Code    10  pstorage.o(i.pstorage_flash_page_size)
    i.pstorage_init                          0x0001e47c   Section        0  pstorage.o(i.pstorage_init)
    i.pstorage_load                          0x0001e518   Section        0  pstorage.o(i.pstorage_load)
    i.pstorage_register                      0x0001e604   Section        0  pstorage.o(i.pstorage_register)
    i.pstorage_store                         0x0001e748   Section        0  pstorage.o(i.pstorage_store)
    i.pstorage_sys_event_handler             0x0001e81c   Section        0  pstorage.o(i.pstorage_sys_event_handler)
    i.pstorage_update                        0x0001e9e0   Section        0  pstorage.o(i.pstorage_update)
    i.queueSerialEvent                       0x0001eab4   Section        0  main.o(i.queueSerialEvent)
    i.registered_handler_get                 0x0001eb28   Section        0  ble_db_discovery.o(i.registered_handler_get)
    registered_handler_get                   0x0001eb29   Thumb Code    56  ble_db_discovery.o(i.registered_handler_get)
    i.registered_handler_set                 0x0001eb68   Section        0  ble_db_discovery.o(i.registered_handler_set)
    registered_handler_set                   0x0001eb69   Thumb Code    58  ble_db_discovery.o(i.registered_handler_set)
    i.rtc1_counter_get                       0x0001ebac   Section        0  app_timer.o(i.rtc1_counter_get)
    rtc1_counter_get                         0x0001ebad   Thumb Code     6  app_timer.o(i.rtc1_counter_get)
    i.rtc1_init                              0x0001ebb8   Section        0  app_timer.o(i.rtc1_init)
    rtc1_init                                0x0001ebb9   Thumb Code    18  app_timer.o(i.rtc1_init)
    i.rtc1_start                             0x0001ebd0   Section        0  app_timer.o(i.rtc1_start)
    rtc1_start                               0x0001ebd1   Thumb Code    48  app_timer.o(i.rtc1_start)
    i.rtc1_stop                              0x0001ec0c   Section        0  app_timer.o(i.rtc1_stop)
    rtc1_stop                                0x0001ec0d   Thumb Code    66  app_timer.o(i.rtc1_stop)
    i.scheduler_init                         0x0001ec64   Section        0  main.o(i.scheduler_init)
    scheduler_init                           0x0001ec65   Thumb Code    42  main.o(i.scheduler_init)
    i.scoreboard_char_add                    0x0001ec94   Section        0  ble_gogglepal.o(i.scoreboard_char_add)
    scoreboard_char_add                      0x0001ec95   Thumb Code   318  ble_gogglepal.o(i.scoreboard_char_add)
    i.sec_req_timeout_handler                0x0001ede0   Section        0  main.o(i.sec_req_timeout_handler)
    sec_req_timeout_handler                  0x0001ede1   Thumb Code    86  main.o(i.sec_req_timeout_handler)
    i.service_data_encode                    0x0001ee44   Section        0  ble_advdata.o(i.service_data_encode)
    service_data_encode                      0x0001ee45   Thumb Code   140  ble_advdata.o(i.service_data_encode)
    i.services_init                          0x0001eed0   Section        0  main.o(i.services_init)
    services_init                            0x0001eed1   Thumb Code   758  main.o(i.services_init)
    i.set_sync_state                         0x0001f24c   Section        0  ble_gogglepal.o(i.set_sync_state)
    i.sleep_mode_enter                       0x0001f258   Section        0  main.o(i.sleep_mode_enter)
    sleep_mode_enter                         0x0001f259   Thumb Code    30  main.o(i.sleep_mode_enter)
    i.softdevice_assertion_handler           0x0001f276   Section        0  softdevice_handler.o(i.softdevice_assertion_handler)
    i.softdevice_ble_evt_handler_set         0x0001f288   Section        0  softdevice_handler.o(i.softdevice_ble_evt_handler_set)
    i.softdevice_handler_init                0x0001f2a0   Section        0  softdevice_handler.o(i.softdevice_handler_init)
    i.softdevice_sys_evt_handler_set         0x0001f308   Section        0  softdevice_handler.o(i.softdevice_sys_evt_handler_set)
    i.srdata_check                           0x0001f320   Section        0  ble_advdata.o(i.srdata_check)
    srdata_check                             0x0001f321   Thumb Code    16  ble_advdata.o(i.srdata_check)
    i.storage_operation_dummy_handler        0x0001f330   Section        0  device_manager_peripheral.o(i.storage_operation_dummy_handler)
    storage_operation_dummy_handler          0x0001f331   Thumb Code     8  device_manager_peripheral.o(i.storage_operation_dummy_handler)
    i.swap_state_process                     0x0001f338   Section        0  pstorage.o(i.swap_state_process)
    swap_state_process                       0x0001f339   Thumb Code   430  pstorage.o(i.swap_state_process)
    i.sys_evt_dispatch                       0x0001f4ec   Section        0  main.o(i.sys_evt_dispatch)
    sys_evt_dispatch                         0x0001f4ed   Thumb Code    18  main.o(i.sys_evt_dispatch)
    i.sys_id_encode                          0x0001f4fe   Section        0  ble_dis.o(i.sys_id_encode)
    sys_id_encode                            0x0001f4ff   Thumb Code   164  ble_dis.o(i.sys_id_encode)
    i.ticks_diff_get                         0x0001f5a2   Section        0  app_timer.o(i.ticks_diff_get)
    ticks_diff_get                           0x0001f5a3   Thumb Code    10  app_timer.o(i.ticks_diff_get)
    i.timeout_handler_exec                   0x0001f5ac   Section        0  app_timer.o(i.timeout_handler_exec)
    timeout_handler_exec                     0x0001f5ad   Thumb Code    58  app_timer.o(i.timeout_handler_exec)
    i.timer_list_handler                     0x0001f5ec   Section        0  app_timer.o(i.timer_list_handler)
    timer_list_handler                       0x0001f5ed   Thumb Code    76  app_timer.o(i.timer_list_handler)
    i.timer_list_handler_sched               0x0001f644   Section        0  app_timer.o(i.timer_list_handler_sched)
    timer_list_handler_sched                 0x0001f645   Thumb Code    10  app_timer.o(i.timer_list_handler_sched)
    i.timer_list_insert                      0x0001f650   Section        0  app_timer.o(i.timer_list_insert)
    timer_list_insert                        0x0001f651   Thumb Code   212  app_timer.o(i.timer_list_insert)
    i.timer_list_remove                      0x0001f72c   Section        0  app_timer.o(i.timer_list_remove)
    timer_list_remove                        0x0001f72d   Thumb Code   184  app_timer.o(i.timer_list_remove)
    i.timer_start_op_schedule                0x0001f7f8   Section        0  app_timer.o(i.timer_start_op_schedule)
    timer_start_op_schedule                  0x0001f7f9   Thumb Code    80  app_timer.o(i.timer_start_op_schedule)
    i.timer_stop_op_schedule                 0x0001f84c   Section        0  app_timer.o(i.timer_stop_op_schedule)
    timer_stop_op_schedule                   0x0001f84d   Thumb Code    58  app_timer.o(i.timer_stop_op_schedule)
    i.timer_timeouts_check                   0x0001f88c   Section        0  app_timer.o(i.timer_timeouts_check)
    timer_timeouts_check                     0x0001f88d   Thumb Code   132  app_timer.o(i.timer_timeouts_check)
    i.timer_timeouts_check_sched             0x0001f928   Section        0  app_timer.o(i.timer_timeouts_check_sched)
    timer_timeouts_check_sched               0x0001f929   Thumb Code    10  app_timer.o(i.timer_timeouts_check_sched)
    i.tx_buffer_process                      0x0001f934   Section        0  ble_ancs_c.o(i.tx_buffer_process)
    tx_buffer_process                        0x0001f935   Thumb Code   126  ble_ancs_c.o(i.tx_buffer_process)
    i.tx_power_level_encode                  0x0001f9c0   Section        0  ble_advdata.o(i.tx_power_level_encode)
    tx_power_level_encode                    0x0001f9c1   Thumb Code    48  ble_advdata.o(i.tx_power_level_encode)
    i.uart_evt_handler                       0x0001f9f0   Section        0  main.o(i.uart_evt_handler)
    uart_evt_handler                         0x0001f9f1   Thumb Code    90  main.o(i.uart_evt_handler)
    i.uart_init                              0x0001fa4c   Section        0  main.o(i.uart_init)
    uart_init                                0x0001fa4d   Thumb Code    84  main.o(i.uart_init)
    i.uart_no_flow_control_init              0x0001fab0   Section        0  app_uart_fifo.o(i.uart_no_flow_control_init)
    uart_no_flow_control_init                0x0001fab1   Thumb Code    50  app_uart_fifo.o(i.uart_no_flow_control_init)
    i.uart_standard_flow_control_init        0x0001faf0   Section        0  app_uart_fifo.o(i.uart_standard_flow_control_init)
    uart_standard_flow_control_init          0x0001faf1   Thumb Code    50  app_uart_fifo.o(i.uart_standard_flow_control_init)
    i.uint16_encode                          0x0001fb30   Section        0  ble_advdata.o(i.uint16_encode)
    uint16_encode                            0x0001fb31   Thumb Code    18  ble_advdata.o(i.uint16_encode)
    i.uint16_encode                          0x0001fb42   Section        0  ble_dis.o(i.uint16_encode)
    uint16_encode                            0x0001fb43   Thumb Code    18  ble_dis.o(i.uint16_encode)
    i.uint32_decode                          0x0001fb54   Section        0  ble_ancs_c.o(i.uint32_decode)
    uint32_decode                            0x0001fb55   Thumb Code    24  ble_ancs_c.o(i.uint32_decode)
    i.update_status_bit_reset                0x0001fb6c   Section        0  device_manager_peripheral.o(i.update_status_bit_reset)
    update_status_bit_reset                  0x0001fb6d   Thumb Code    16  device_manager_peripheral.o(i.update_status_bit_reset)
    i.update_timeout_handler                 0x0001fb80   Section        0  ble_conn_params.o(i.update_timeout_handler)
    update_timeout_handler                   0x0001fb81   Thumb Code   136  ble_conn_params.o(i.update_timeout_handler)
    i.update_user_profile                    0x0001fc1c   Section        0  ble_gogglepal.o(i.update_user_profile)
    i.user_id_get                            0x0001fc30   Section        0  app_timer.o(i.user_id_get)
    user_id_get                              0x0001fc31   Thumb Code    34  app_timer.o(i.user_id_get)
    i.user_op_alloc                          0x0001fc52   Section        0  app_timer.o(i.user_op_alloc)
    user_op_alloc                            0x0001fc53   Thumb Code    44  app_timer.o(i.user_op_alloc)
    i.user_op_enque                          0x0001fc7e   Section        0  app_timer.o(i.user_op_enque)
    user_op_enque                            0x0001fc7f   Thumb Code     4  app_timer.o(i.user_op_enque)
    i.user_profile_char_add                  0x0001fc84   Section        0  ble_gogglepal.o(i.user_profile_char_add)
    user_profile_char_add                    0x0001fc85   Thumb Code   248  ble_gogglepal.o(i.user_profile_char_add)
    i.user_profile_write_handler             0x0001fd88   Section        0  main.o(i.user_profile_write_handler)
    user_profile_write_handler               0x0001fd89   Thumb Code    26  main.o(i.user_profile_write_handler)
    i.uuid_list_encode                       0x0001fda2   Section        0  ble_advdata.o(i.uuid_list_encode)
    uuid_list_encode                         0x0001fda3   Thumb Code    64  ble_advdata.o(i.uuid_list_encode)
    i.uuid_list_sized_encode                 0x0001fde2   Section        0  ble_advdata.o(i.uuid_list_sized_encode)
    uuid_list_sized_encode                   0x0001fde3   Thumb Code   196  ble_advdata.o(i.uuid_list_sized_encode)
    i.whitelist_has_entries                  0x0001fea6   Section        0  ble_advertising.o(i.whitelist_has_entries)
    whitelist_has_entries                    0x0001fea7   Thumb Code    22  ble_advertising.o(i.whitelist_has_entries)
    .constdata                               0x0001febc   Section       12  main.o(.constdata)
    .constdata                               0x0001fec8   Section       52  device_manager_peripheral.o(.constdata)
    .constdata                               0x0001fefc   Section       76  ble_gogglepal.o(.constdata)
    .constdata                               0x0001ff48   Section       64  ble_ancs_c.o(.constdata)
    .constdata                               0x0001ff88   Section        8  app_uart_fifo.o(.constdata)
    .conststring                             0x0001ff90   Section      298  main.o(.conststring)
    .data                                    0x20002000   Section      157  main.o(.data)
    m_conn_handle                            0x20002000   Data           2  main.o(.data)
    gp_uart_handle_id                        0x20002002   Data           2  main.o(.data)
    gp_firmware_info                         0x20002004   Data          16  main.o(.data)
    gp_msgCount                              0x20002014   Data           2  main.o(.data)
    current_addr                             0x20002016   Data           7  main.o(.data)
    m_app_handle                             0x2000201f   Data           1  main.o(.data)
    m_dm_handle                              0x20002020   Data           4  main.o(.data)
    m_adv_uuids                              0x20002024   Data           4  main.o(.data)
    lit_catid                                0x20002028   Data          48  main.o(.data)
    lit_eventid                              0x20002058   Data          12  main.o(.data)
    lit_attrid                               0x20002064   Data          32  main.o(.data)
    m_ancs_uuid_type                         0x20002084   Data           1  main.o(.data)
    m_peer_handle                            0x20002085   Data           4  main.o(.data)
    m_sec_param                              0x20002089   Data           5  main.o(.data)
    m_sec_req_timer_id                       0x20002090   Data           4  main.o(.data)
    m_notification_latest                    0x20002094   Data           8  main.o(.data)
    sg_mcu_msg_state                         0x2000209c   Data           1  main.o(.data)
    .data                                    0x200020a0   Section        4  system_nrf51.o(.data)
    __tagsym$$used                           0x200020a0   Number         0  system_nrf51.o(.data)
    .data                                    0x200020a4   Section       25  ble_conn_params.o(.data)
    m_preferred_conn_params                  0x200020a4   Data           8  ble_conn_params.o(.data)
    m_update_count                           0x200020ac   Data           1  ble_conn_params.o(.data)
    m_conn_handle                            0x200020ae   Data           2  ble_conn_params.o(.data)
    m_current_conn_params                    0x200020b0   Data           8  ble_conn_params.o(.data)
    m_conn_params_timer_id                   0x200020b8   Data           4  ble_conn_params.o(.data)
    m_change_param                           0x200020bc   Data           1  ble_conn_params.o(.data)
    .data                                    0x200020c0   Section       20  device_manager_peripheral.o(.data)
    m_storage_handle                         0x200020c0   Data           8  device_manager_peripheral.o(.data)
    m_peer_addr_update                       0x200020c8   Data           4  device_manager_peripheral.o(.data)
    m_module_initialized                     0x200020cc   Data           1  device_manager_peripheral.o(.data)
    m_irk_index_table                        0x200020cd   Data           7  device_manager_peripheral.o(.data)
    .data                                    0x200020d4   Section       34  ble_advertising.o(.data)
    m_advertising_start_pending              0x200020d4   Data           1  ble_advertising.o(.data)
    m_peer_address                           0x200020d5   Data           7  ble_advertising.o(.data)
    m_adv_evt                                0x200020dc   Data           1  ble_advertising.o(.data)
    m_evt_handler                            0x200020e0   Data           4  ble_advertising.o(.data)
    m_error_handler                          0x200020e4   Data           4  ble_advertising.o(.data)
    m_adv_mode_current                       0x200020e8   Data           1  ble_advertising.o(.data)
    m_direct_adv_cnt                         0x200020e9   Data           1  ble_advertising.o(.data)
    m_whitelist_temporarily_disabled         0x200020ea   Data           1  ble_advertising.o(.data)
    m_whitelist_reply_expected               0x200020eb   Data           1  ble_advertising.o(.data)
    m_peer_addr_reply_expected               0x200020ec   Data           1  ble_advertising.o(.data)
    m_slave_conn_int                         0x200020ee   Data           4  ble_advertising.o(.data)
    m_tx_power_level                         0x200020f2   Data           1  ble_advertising.o(.data)
    current_slave_link_conn_handle           0x200020f4   Data           2  ble_advertising.o(.data)
    .data                                    0x200020f6   Section       74  ble_dis.o(.data)
    service_handle                           0x200020f6   Data           2  ble_dis.o(.data)
    manufact_name_handles                    0x200020f8   Data           8  ble_dis.o(.data)
    model_num_handles                        0x20002100   Data           8  ble_dis.o(.data)
    serial_num_handles                       0x20002108   Data           8  ble_dis.o(.data)
    hw_rev_handles                           0x20002110   Data           8  ble_dis.o(.data)
    fw_rev_handles                           0x20002118   Data           8  ble_dis.o(.data)
    sw_rev_handles                           0x20002120   Data           8  ble_dis.o(.data)
    sys_id_handles                           0x20002128   Data           8  ble_dis.o(.data)
    reg_cert_data_list_handles               0x20002130   Data           8  ble_dis.o(.data)
    pnp_id_handles                           0x20002138   Data           8  ble_dis.o(.data)
    .data                                    0x20002140   Section      106  ble_gogglepal.o(.data)
    gp_empty_buffer                          0x20002140   Data          20  ble_gogglepal.o(.data)
    gp_sync_end                              0x20002154   Data          20  ble_gogglepal.o(.data)
    gp_handshake_command                     0x20002168   Data           5  ble_gogglepal.o(.data)
    CurrentCountUserDesp                     0x2000216e   Data          20  ble_gogglepal.o(.data)
    FlashDataUserDesp                        0x20002182   Data          20  ble_gogglepal.o(.data)
    FlashHeaderUserDesp                      0x20002196   Data          20  ble_gogglepal.o(.data)
    .data                                    0x200021ac   Section        8  ble_radio_notification.o(.data)
    m_radio_active                           0x200021ac   Data           1  ble_radio_notification.o(.data)
    m_evt_handler                            0x200021b0   Data           4  ble_radio_notification.o(.data)
    .data                                    0x200021b4   Section       26  ble_ancs_c.o(.data)
    m_tx_insert_index                        0x200021b4   Data           4  ble_ancs_c.o(.data)
    m_tx_index                               0x200021b8   Data           4  ble_ancs_c.o(.data)
    mp_ble_ancs                              0x200021bc   Data           4  ble_ancs_c.o(.data)
    m_expected_number_of_attrs               0x200021c0   Data           4  ble_ancs_c.o(.data)
    m_parse_state                            0x200021c4   Data           1  ble_ancs_c.o(.data)
    p_data_dest                              0x200021c8   Data           4  ble_ancs_c.o(.data)
    current_attr_index                       0x200021cc   Data           2  ble_ancs_c.o(.data)
    .data                                    0x200021d0   Section       13  ble_db_discovery.o(.data)
    m_pending_usr_evt_index                  0x200021d0   Data           4  ble_db_discovery.o(.data)
    m_num_of_handlers_reg                    0x200021d4   Data           4  ble_db_discovery.o(.data)
    m_num_of_discoveries_made                0x200021d8   Data           4  ble_db_discovery.o(.data)
    m_initialized                            0x200021dc   Data           1  ble_db_discovery.o(.data)
    .data                                    0x200021e0   Section        9  app_uart_fifo.o(.data)
    m_instance_counter                       0x200021e0   Data           1  app_uart_fifo.o(.data)
    m_event_handler                          0x200021e4   Data           4  app_uart_fifo.o(.data)
    m_current_state                          0x200021e8   Data           1  app_uart_fifo.o(.data)
    .data                                    0x200021ec   Section       12  pstorage.o(.data)
    m_next_app_instance                      0x200021ec   Data           2  pstorage.o(.data)
    m_next_page_addr                         0x200021f0   Data           4  pstorage.o(.data)
    m_round_val                              0x200021f4   Data           2  pstorage.o(.data)
    m_module_initialized                     0x200021f6   Data           1  pstorage.o(.data)
    m_swap_state                             0x200021f7   Data           1  pstorage.o(.data)
    .data                                    0x200021f8   Section       42  app_timer.o(.data)
    m_node_array_size                        0x200021f8   Data           1  app_timer.o(.data)
    mp_nodes                                 0x200021fc   Data           4  app_timer.o(.data)
    m_user_array_size                        0x20002200   Data           1  app_timer.o(.data)
    mp_users                                 0x20002204   Data           4  app_timer.o(.data)
    m_timer_id_head                          0x20002208   Data           4  app_timer.o(.data)
    m_ticks_latest                           0x2000220c   Data           4  app_timer.o(.data)
    m_ticks_elapsed                          0x20002210   Data           8  app_timer.o(.data)
    m_ticks_elapsed_q_read_ind               0x20002218   Data           1  app_timer.o(.data)
    m_ticks_elapsed_q_write_ind              0x20002219   Data           1  app_timer.o(.data)
    m_evt_schedule_func                      0x2000221c   Data           4  app_timer.o(.data)
    m_rtc1_running                           0x20002220   Data           1  app_timer.o(.data)
    m_rtc1_reset                             0x20002221   Data           1  app_timer.o(.data)
    .data                                    0x20002224   Section       14  app_scheduler.o(.data)
    m_queue_event_headers                    0x20002224   Data           4  app_scheduler.o(.data)
    m_queue_event_data                       0x20002228   Data           4  app_scheduler.o(.data)
    m_queue_start_index                      0x2000222c   Data           1  app_scheduler.o(.data)
    m_queue_end_index                        0x2000222d   Data           1  app_scheduler.o(.data)
    m_queue_event_size                       0x2000222e   Data           2  app_scheduler.o(.data)
    m_queue_size                             0x20002230   Data           2  app_scheduler.o(.data)
    .data                                    0x20002234   Section       24  softdevice_handler.o(.data)
    m_evt_schedule_func                      0x20002234   Data           4  softdevice_handler.o(.data)
    m_softdevice_enabled                     0x20002238   Data           1  softdevice_handler.o(.data)
    mp_ble_evt_buffer                        0x2000223c   Data           4  softdevice_handler.o(.data)
    m_ble_evt_buffer_size                    0x20002240   Data           2  softdevice_handler.o(.data)
    m_ble_evt_handler                        0x20002244   Data           4  softdevice_handler.o(.data)
    m_sys_evt_handler                        0x20002248   Data           4  softdevice_handler.o(.data)
    .bss                                     0x2000224c   Section     2624  main.o(.bss)
    m_gogglepal                              0x2000224c   Data          68  main.o(.bss)
    m_ancs_c                                 0x200022b8   Data          12  main.o(.bss)
    m_ble_db_discovery                       0x200022c4   Data          98  main.o(.bss)
    m_attr_title                             0x20002326   Data          32  main.o(.bss)
    m_attr_subtitle                          0x20002346   Data          32  main.o(.bss)
    m_attr_message                           0x20002366   Data          32  main.o(.bss)
    m_attr_message_size                      0x20002386   Data          32  main.o(.bss)
    m_attr_date                              0x200023a6   Data          32  main.o(.bss)
    m_attr_posaction                         0x200023c6   Data          32  main.o(.bss)
    m_attr_negaction                         0x200023e6   Data          32  main.o(.bss)
    APP_TIMER_BUF                            0x20002484   Data         768  main.o(.bss)
    APP_SCHED_BUF                            0x20002784   Data         352  main.o(.bss)
    BLE_EVT_BUFFER                           0x200028e4   Data          72  main.o(.bss)
    rx_buf                                   0x2000292c   Data         256  main.o(.bss)
    tx_buf                                   0x20002a2c   Data         256  main.o(.bss)
    APP_SCHED_BUF                            0x20002b2c   Data         352  main.o(.bss)
    .bss                                     0x20002c8c   Section       28  ble_conn_params.o(.bss)
    m_conn_params_config                     0x20002c8c   Data          28  ble_conn_params.o(.bss)
    .bss                                     0x20002ca8   Section      287  device_manager_peripheral.o(.bss)
    m_peer_table                             0x20002ca8   Data         196  device_manager_peripheral.o(.bss)
    m_bond_table                             0x20002d6c   Data          28  device_manager_peripheral.o(.bss)
    m_gatts_table                            0x20002d88   Data          16  device_manager_peripheral.o(.bss)
    m_connection_table                       0x20002d98   Data          12  device_manager_peripheral.o(.bss)
    m_application_table                      0x20002da4   Data          12  device_manager_peripheral.o(.bss)
    m_local_id_info                          0x20002db0   Data          23  device_manager_peripheral.o(.bss)
    .bss                                     0x20002dc8   Section      247  ble_advertising.o(.bss)
    m_advdata                                0x20002dc8   Data          48  ble_advertising.o(.bss)
    m_adv_modes_config                       0x20002df8   Data          32  ble_advertising.o(.bss)
    m_whitelist                              0x20002e18   Data          16  ble_advertising.o(.bss)
    mp_whitelist_addr                        0x20002e28   Data          32  ble_advertising.o(.bss)
    mp_whitelist_irk                         0x20002e48   Data          32  ble_advertising.o(.bss)
    m_manuf_specific_data                    0x20002e68   Data          12  ble_advertising.o(.bss)
    m_manuf_data_array                       0x20002e74   Data          31  ble_advertising.o(.bss)
    m_service_data                           0x20002e94   Data          12  ble_advertising.o(.bss)
    m_service_data_array                     0x20002ea0   Data          31  ble_advertising.o(.bss)
    .bss                                     0x20002ebf   Section       60  ble_gogglepal.o(.bss)
    gp_blank_data                            0x20002ebf   Data          20  ble_gogglepal.o(.bss)
    gp_user_profile                          0x20002ed3   Data          20  ble_gogglepal.o(.bss)
    gp_temp_data                             0x20002ee7   Data          20  ble_gogglepal.o(.bss)
    .bss                                     0x20002efc   Section      464  ble_ancs_c.o(.bss)
    m_tx_buffer                              0x20002efc   Data         288  ble_ancs_c.o(.bss)
    m_service                                0x2000301c   Data          46  ble_ancs_c.o(.bss)
    m_ancs_attr_list                         0x2000304c   Data          64  ble_ancs_c.o(.bss)
    m_ancs_evt                               0x2000308c   Data          32  ble_ancs_c.o(.bss)
    evt                                      0x200030ac   Data          32  ble_ancs_c.o(.bss)
    .bss                                     0x200030cc   Section      128  ble_db_discovery.o(.bss)
    m_registered_handlers                    0x200030cc   Data          16  ble_db_discovery.o(.bss)
    m_pending_user_evts                      0x200030dc   Data         112  ble_db_discovery.o(.bss)
    .bss                                     0x2000314c   Section       32  app_uart_fifo.o(.bss)
    m_rx_fifo                                0x2000314c   Data          16  app_uart_fifo.o(.bss)
    m_tx_fifo                                0x2000315c   Data          16  app_uart_fifo.o(.bss)
    .bss                                     0x2000316c   Section       84  nrf_drv_gpiote.o(.bss)
    m_cb                                     0x2000316c   Data          84  nrf_drv_gpiote.o(.bss)
    .bss                                     0x200031c0   Section      220  pstorage.o(.bss)
    m_cmd_queue                              0x200031c0   Data         204  pstorage.o(.bss)
    m_app_table                              0x2000328c   Data          16  pstorage.o(.bss)
    STACK                                    0x200032a0   Section     2048  arm_startup_nrf51.o(STACK)

    Global Symbols

    Symbol Name                              Value     Ov Type        Size  Object(Section)

    BuildAttributes$$THM_ISAv3M$S$PE$A:L22$X:L11$S22$IEEE1$IW$USESV6$~STKCKD$USESV7$~SHL$OSPACE$ROPI$EBA8$MICROLIB$REQ8$PRES8$EABIv2 0x00000000   Number         0  anon$$obj.o ABSOLUTE
    __ARM_use_no_argv                        0x00000000   Number         0  main.o ABSOLUTE
    _printf_a                                0x00000000   Number         0  stubs.o ABSOLUTE
    _printf_c                                0x00000000   Number         0  stubs.o ABSOLUTE
    _printf_charcount                        0x00000000   Number         0  stubs.o ABSOLUTE
    _printf_d                                0x00000000   Number         0  stubs.o ABSOLUTE
    _printf_e                                0x00000000   Number         0  stubs.o ABSOLUTE
    _printf_f                                0x00000000   Number         0  stubs.o ABSOLUTE
    _printf_flags                            0x00000000   Number         0  stubs.o ABSOLUTE
    _printf_fp_dec                           0x00000000   Number         0  stubs.o ABSOLUTE
    _printf_fp_hex                           0x00000000   Number         0  stubs.o ABSOLUTE
    _printf_g                                0x00000000   Number         0  stubs.o ABSOLUTE
    _printf_i                                0x00000000   Number         0  stubs.o ABSOLUTE
    _printf_int_dec                          0x00000000   Number         0  stubs.o ABSOLUTE
    _printf_l                                0x00000000   Number         0  stubs.o ABSOLUTE
    _printf_lc                               0x00000000   Number         0  stubs.o ABSOLUTE
    _printf_ll                               0x00000000   Number         0  stubs.o ABSOLUTE
    _printf_lld                              0x00000000   Number         0  stubs.o ABSOLUTE
    _printf_lli                              0x00000000   Number         0  stubs.o ABSOLUTE
    _printf_llo                              0x00000000   Number         0  stubs.o ABSOLUTE
    _printf_llu                              0x00000000   Number         0  stubs.o ABSOLUTE
    _printf_llx                              0x00000000   Number         0  stubs.o ABSOLUTE
    _printf_longlong_dec                     0x00000000   Number         0  stubs.o ABSOLUTE
    _printf_longlong_hex                     0x00000000   Number         0  stubs.o ABSOLUTE
    _printf_longlong_oct                     0x00000000   Number         0  stubs.o ABSOLUTE
    _printf_ls                               0x00000000   Number         0  stubs.o ABSOLUTE
    _printf_mbtowc                           0x00000000   Number         0  stubs.o ABSOLUTE
    _printf_n                                0x00000000   Number         0  stubs.o ABSOLUTE
    _printf_o                                0x00000000   Number         0  stubs.o ABSOLUTE
    _printf_p                                0x00000000   Number         0  stubs.o ABSOLUTE
    _printf_percent                          0x00000000   Number         0  stubs.o ABSOLUTE
    _printf_pre_padding                      0x00000000   Number         0  stubs.o ABSOLUTE
    _printf_return_value                     0x00000000   Number         0  stubs.o ABSOLUTE
    _printf_s                                0x00000000   Number         0  stubs.o ABSOLUTE
    _printf_sizespec                         0x00000000   Number         0  stubs.o ABSOLUTE
    _printf_str                              0x00000000   Number         0  stubs.o ABSOLUTE
    _printf_truncate_signed                  0x00000000   Number         0  stubs.o ABSOLUTE
    _printf_truncate_unsigned                0x00000000   Number         0  stubs.o ABSOLUTE
    _printf_u                                0x00000000   Number         0  stubs.o ABSOLUTE
    _printf_wc                               0x00000000   Number         0  stubs.o ABSOLUTE
    _printf_wctomb                           0x00000000   Number         0  stubs.o ABSOLUTE
    _printf_widthprec                        0x00000000   Number         0  stubs.o ABSOLUTE
    _printf_x                                0x00000000   Number         0  stubs.o ABSOLUTE
    __cpp_initialize__aeabi_                  - Undefined Weak Reference
    __cxa_finalize                            - Undefined Weak Reference
    _clock_init                               - Undefined Weak Reference
    _microlib_exit                            - Undefined Weak Reference
    __Vectors_Size                           0x000000c0   Number         0  arm_startup_nrf51.o ABSOLUTE
    __Vectors                                0x00018000   Data           4  arm_startup_nrf51.o(RESET)
    __Vectors_End                            0x000180c0   Data           0  arm_startup_nrf51.o(RESET)
    __main                                   0x000180c1   Thumb Code     0  entry.o(.ARM.Collect$$$$00000000)
    _main_stk                                0x000180c1   Thumb Code     0  entry2.o(.ARM.Collect$$$$00000001)
    _main_scatterload                        0x000180c5   Thumb Code     0  entry5.o(.ARM.Collect$$$$00000004)
    __main_after_scatterload                 0x000180c9   Thumb Code     0  entry5.o(.ARM.Collect$$$$00000004)
    _main_clock                              0x000180c9   Thumb Code     0  entry7b.o(.ARM.Collect$$$$00000008)
    _main_cpp_init                           0x000180c9   Thumb Code     0  entry8b.o(.ARM.Collect$$$$0000000A)
    _main_init                               0x000180c9   Thumb Code     0  entry9a.o(.ARM.Collect$$$$0000000B)
    __rt_final_cpp                           0x000180d1   Thumb Code     0  entry10a.o(.ARM.Collect$$$$0000000D)
    __rt_final_exit                          0x000180d1   Thumb Code     0  entry11a.o(.ARM.Collect$$$$0000000F)
    __asm___11_nrf_delay_c_532987f3__nrf_delay_us 0x000180d5   Thumb Code    30  nrf_delay.o(.emb_text)
    __asm___11_app_timer_c_cd27f9c3__nrf_delay_us 0x000180f5   Thumb Code    30  app_timer.o(.emb_text)
    Reset_Handler                            0x00018115   Thumb Code    26  arm_startup_nrf51.o(.text)
    NMI_Handler                              0x0001812f   Thumb Code     2  arm_startup_nrf51.o(.text)
    HardFault_Handler                        0x00018131   Thumb Code     2  arm_startup_nrf51.o(.text)
    SVC_Handler                              0x00018133   Thumb Code     2  arm_startup_nrf51.o(.text)
    PendSV_Handler                           0x00018135   Thumb Code     2  arm_startup_nrf51.o(.text)
    SysTick_Handler                          0x00018137   Thumb Code     2  arm_startup_nrf51.o(.text)
    ADC_IRQHandler                           0x00018139   Thumb Code     0  arm_startup_nrf51.o(.text)
    CCM_AAR_IRQHandler                       0x00018139   Thumb Code     0  arm_startup_nrf51.o(.text)
    ECB_IRQHandler                           0x00018139   Thumb Code     0  arm_startup_nrf51.o(.text)
    LPCOMP_IRQHandler                        0x00018139   Thumb Code     0  arm_startup_nrf51.o(.text)
    POWER_CLOCK_IRQHandler                   0x00018139   Thumb Code     0  arm_startup_nrf51.o(.text)
    QDEC_IRQHandler                          0x00018139   Thumb Code     0  arm_startup_nrf51.o(.text)
    RADIO_IRQHandler                         0x00018139   Thumb Code     0  arm_startup_nrf51.o(.text)
    RNG_IRQHandler                           0x00018139   Thumb Code     0  arm_startup_nrf51.o(.text)
    RTC0_IRQHandler                          0x00018139   Thumb Code     0  arm_startup_nrf51.o(.text)
    SPI0_TWI0_IRQHandler                     0x00018139   Thumb Code     0  arm_startup_nrf51.o(.text)
    SPI1_TWI1_IRQHandler                     0x00018139   Thumb Code     0  arm_startup_nrf51.o(.text)
    SWI3_IRQHandler                          0x00018139   Thumb Code     0  arm_startup_nrf51.o(.text)
    SWI4_IRQHandler                          0x00018139   Thumb Code     0  arm_startup_nrf51.o(.text)
    SWI5_IRQHandler                          0x00018139   Thumb Code     0  arm_startup_nrf51.o(.text)
    TEMP_IRQHandler                          0x00018139   Thumb Code     0  arm_startup_nrf51.o(.text)
    TIMER0_IRQHandler                        0x00018139   Thumb Code     0  arm_startup_nrf51.o(.text)
    TIMER1_IRQHandler                        0x00018139   Thumb Code     0  arm_startup_nrf51.o(.text)
    TIMER2_IRQHandler                        0x00018139   Thumb Code     0  arm_startup_nrf51.o(.text)
    WDT_IRQHandler                           0x00018139   Thumb Code     0  arm_startup_nrf51.o(.text)
    __aeabi_uidiv                            0x0001814d   Thumb Code     0  uidiv.o(.text)
    __aeabi_uidivmod                         0x0001814d   Thumb Code    44  uidiv.o(.text)
    __aeabi_idiv                             0x00018179   Thumb Code     0  idiv.o(.text)
    __aeabi_idivmod                          0x00018179   Thumb Code    40  idiv.o(.text)
    __aeabi_memcpy                           0x000181a1   Thumb Code    36  memcpya.o(.text)
    __aeabi_memcpy4                          0x000181a1   Thumb Code     0  memcpya.o(.text)
    __aeabi_memcpy8                          0x000181a1   Thumb Code     0  memcpya.o(.text)
    __aeabi_memset                           0x000181c5   Thumb Code    14  memseta.o(.text)
    __aeabi_memset4                          0x000181c5   Thumb Code     0  memseta.o(.text)
    __aeabi_memset8                          0x000181c5   Thumb Code     0  memseta.o(.text)
    __aeabi_memclr                           0x000181d3   Thumb Code     4  memseta.o(.text)
    __aeabi_memclr4                          0x000181d3   Thumb Code     0  memseta.o(.text)
    __aeabi_memclr8                          0x000181d3   Thumb Code     0  memseta.o(.text)
    _memset$wrapper                          0x000181d7   Thumb Code    18  memseta.o(.text)
    strlen                                   0x000181e9   Thumb Code    14  strlen.o(.text)
    memcmp                                   0x000181f7   Thumb Code    26  memcmp.o(.text)
    __scatterload                            0x00018211   Thumb Code    28  init.o(.text)
    __scatterload_rt2                        0x00018211   Thumb Code     0  init.o(.text)
    __decompress                             0x00018235   Thumb Code     0  __dczerorl2.o(.text)
    __decompress1                            0x00018235   Thumb Code    86  __dczerorl2.o(.text)
    GPIOTE_IRQHandler                        0x0001828d   Thumb Code   380  nrf_drv_gpiote.o(i.GPIOTE_IRQHandler)
    RTC1_IRQHandler                          0x000185d5   Thumb Code    34  app_timer.o(i.RTC1_IRQHandler)
    SWI0_IRQHandler                          0x000185fd   Thumb Code     8  app_timer.o(i.SWI0_IRQHandler)
    SWI1_IRQHandler                          0x00018605   Thumb Code    34  ble_radio_notification.o(i.SWI1_IRQHandler)
    SWI2_IRQHandler                          0x00018631   Thumb Code    50  softdevice_handler.o(i.SWI2_IRQHandler)
    SystemInit                               0x00018669   Thumb Code    38  system_nrf51.o(i.SystemInit)
    UART0_IRQHandler                         0x000186a1   Thumb Code   142  app_uart_fifo.o(i.UART0_IRQHandler)
    __ARM_common_switch8                     0x00018741   Thumb Code    28  main.o(i.__ARM_common_switch8)
    __scatterload_copy                       0x0001875d   Thumb Code    14  handlers.o(i.__scatterload_copy)
    __scatterload_null                       0x0001876b   Thumb Code     2  handlers.o(i.__scatterload_null)
    __scatterload_zeroinit                   0x0001876d   Thumb Code    14  handlers.o(i.__scatterload_zeroinit)
    action_tx_stop                           0x000187ed   Thumb Code    28  app_uart_fifo.o(i.action_tx_stop)
    app_error_handler                        0x000189f1   Thumb Code     4  main.o(i.app_error_handler)
    app_fifo_get                             0x00018a11   Thumb Code    42  app_fifo.o(i.app_fifo_get)
    app_fifo_init                            0x00018a3b   Thumb Code    42  app_fifo.o(i.app_fifo_init)
    app_fifo_put                             0x00018a65   Thumb Code    42  app_fifo.o(i.app_fifo_put)
    app_sched_event_put                      0x00018b2d   Thumb Code   252  app_scheduler.o(i.app_sched_event_put)
    app_sched_execute                        0x00018c41   Thumb Code    30  app_scheduler.o(i.app_sched_execute)
    app_sched_init                           0x00018c61   Thumb Code    66  app_scheduler.o(i.app_sched_init)
    app_timer_create                         0x00018cbd   Thumb Code   108  app_timer.o(i.app_timer_create)
    app_timer_evt_schedule                   0x00018d65   Thumb Code    22  app_timer_appsh.o(i.app_timer_evt_schedule)
    app_timer_init                           0x00018d81   Thumb Code   204  app_timer.o(i.app_timer_init)
    app_timer_start                          0x00018e71   Thumb Code    98  app_timer.o(i.app_timer_start)
    app_timer_stop                           0x00018edd   Thumb Code    60  app_timer.o(i.app_timer_stop)
    app_uart_close                           0x00018f21   Thumb Code    36  app_uart_fifo.o(i.app_uart_close)
    app_uart_get                             0x00018f49   Thumb Code    14  app_uart_fifo.o(i.app_uart_get)
    app_uart_init                            0x00018f5d   Thumb Code   400  app_uart_fifo.o(i.app_uart_init)
    app_uart_put                             0x00019119   Thumb Code    24  app_uart_fifo.o(i.app_uart_put)
    ble_advdata_set                          0x0001921d   Thumb Code   122  ble_advdata.o(i.ble_advdata_set)
    ble_advertising_init                     0x00019299   Thumb Code   350  ble_advertising.o(i.ble_advertising_init)
    ble_advertising_on_ble_evt               0x00019431   Thumb Code   272  ble_advertising.o(i.ble_advertising_on_ble_evt)
    ble_advertising_on_sys_evt               0x00019565   Thumb Code    70  ble_advertising.o(i.ble_advertising_on_sys_evt)
    ble_advertising_start                    0x000195c9   Thumb Code   556  ble_advertising.o(i.ble_advertising_start)
    ble_advertising_whitelist_reply          0x00019821   Thumb Code    88  ble_advertising.o(i.ble_advertising_whitelist_reply)
    ble_ancs_c_attr_add                      0x00019889   Thumb Code    50  ble_ancs_c.o(i.ble_ancs_c_attr_add)
    ble_ancs_c_data_source_notif_enable      0x000198c1   Thumb Code    18  ble_ancs_c.o(i.ble_ancs_c_data_source_notif_enable)
    ble_ancs_c_init                          0x000198d9   Thumb Code   110  ble_ancs_c.o(i.ble_ancs_c_init)
    ble_ancs_c_notif_source_notif_enable     0x0001995d   Thumb Code    18  ble_ancs_c.o(i.ble_ancs_c_notif_source_notif_enable)
    ble_ancs_c_on_ble_evt                    0x00019975   Thumb Code    40  ble_ancs_c.o(i.ble_ancs_c_on_ble_evt)
    ble_ancs_c_on_device_manager_evt         0x0001999d   Thumb Code    26  ble_ancs_c.o(i.ble_ancs_c_on_device_manager_evt)
    ble_conn_params_init                     0x000199cd   Thumb Code    90  ble_conn_params.o(i.ble_conn_params_init)
    ble_conn_params_on_ble_evt               0x00019a45   Thumb Code    62  ble_conn_params.o(i.ble_conn_params_on_ble_evt)
    ble_db_discovery_evt_register            0x00019a85   Thumb Code    52  ble_db_discovery.o(i.ble_db_discovery_evt_register)
    ble_db_discovery_init                    0x00019ac1   Thumb Code    24  ble_db_discovery.o(i.ble_db_discovery_init)
    ble_db_discovery_on_ble_evt              0x00019ae9   Thumb Code   118  ble_db_discovery.o(i.ble_db_discovery_on_ble_evt)
    ble_db_discovery_start                   0x00019b65   Thumb Code   128  ble_db_discovery.o(i.ble_db_discovery_start)
    ble_dis_init                             0x00019bf9   Thumb Code   386  ble_dis.o(i.ble_dis_init)
    ble_gogglepal_flash_data_transmit        0x00019df1   Thumb Code   190  ble_gogglepal.o(i.ble_gogglepal_flash_data_transmit)
    ble_gogglepal_flash_header_transmit      0x00019ec5   Thumb Code   134  ble_gogglepal.o(i.ble_gogglepal_flash_header_transmit)
    ble_gogglepal_get_handle_object          0x00019f55   Thumb Code     4  main.o(i.ble_gogglepal_get_handle_object)
    ble_gogglepal_init                       0x00019f5d   Thumb Code   214  ble_gogglepal.o(i.ble_gogglepal_init)
    ble_gogglepal_on_ble_evt                 0x0001a03d   Thumb Code   116  ble_gogglepal.o(i.ble_gogglepal_on_ble_evt)
    ble_gogglepal_scoreboard_transmit        0x0001a0b1   Thumb Code   120  ble_gogglepal.o(i.ble_gogglepal_scoreboard_transmit)
    ble_srv_ascii_to_utf8                    0x0001a12d   Thumb Code    18  ble_srv_common.o(i.ble_srv_ascii_to_utf8)
    bond_data_load                           0x0001a1f1   Thumb Code    62  device_manager_peripheral.o(i.bond_data_load)
    dm_ble_evt_handler                       0x0001b289   Thumb Code  1552  device_manager_peripheral.o(i.dm_ble_evt_handler)
    dm_handle_initialize                     0x0001b8b5   Thumb Code    24  device_manager_peripheral.o(i.dm_handle_initialize)
    dm_init                                  0x0001b8d1   Thumb Code   234  device_manager_peripheral.o(i.dm_init)
    dm_register                              0x0001bbd5   Thumb Code   176  device_manager_peripheral.o(i.dm_register)
    dm_security_setup_req                    0x0001bc91   Thumb Code   136  device_manager_peripheral.o(i.dm_security_setup_req)
    dm_security_status_req                   0x0001bd29   Thumb Code   178  device_manager_peripheral.o(i.dm_security_status_req)
    dm_whitelist_create                      0x0001bded   Thumb Code   260  device_manager_peripheral.o(i.dm_whitelist_create)
    intern_softdevice_events_execute         0x0001c8a5   Thumb Code   168  softdevice_handler.o(i.intern_softdevice_events_execute)
    main                                     0x0001cca1   Thumb Code   184  main.o(i.main)
    nrf_delay_ms                             0x0001cf0d   Thumb Code    24  nrf_delay.o(i.nrf_delay_ms)
    nrf_drv_common_irq_enable                0x0001cf29   Thumb Code    48  nrf_drv_common.o(i.nrf_drv_common_irq_enable)
    nrf_drv_gpiote_in_event_disable          0x0001cf61   Thumb Code   116  nrf_drv_gpiote.o(i.nrf_drv_gpiote_in_event_disable)
    nrf_drv_gpiote_in_event_enable           0x0001cfe1   Thumb Code   168  nrf_drv_gpiote.o(i.nrf_drv_gpiote_in_event_enable)
    nrf_drv_gpiote_in_init                   0x0001d091   Thumb Code   226  nrf_drv_gpiote.o(i.nrf_drv_gpiote_in_init)
    nrf_drv_gpiote_in_is_set                 0x0001d185   Thumb Code    26  nrf_drv_gpiote.o(i.nrf_drv_gpiote_in_is_set)
    nrf_drv_gpiote_in_uninit                 0x0001d1a5   Thumb Code    74  nrf_drv_gpiote.o(i.nrf_drv_gpiote_in_uninit)
    nrf_drv_gpiote_init                      0x0001d1f5   Thumb Code    76  nrf_drv_gpiote.o(i.nrf_drv_gpiote_init)
    nrf_drv_gpiote_is_init                   0x0001d245   Thumb Code    16  nrf_drv_gpiote.o(i.nrf_drv_gpiote_is_init)
    nrf_drv_gpiote_out_init                  0x0001d259   Thumb Code   226  nrf_drv_gpiote.o(i.nrf_drv_gpiote_out_init)
    pstorage_access_status_get               0x0001e2dd   Thumb Code    36  pstorage.o(i.pstorage_access_status_get)
    pstorage_block_identifier_get            0x0001e309   Thumb Code   136  pstorage.o(i.pstorage_block_identifier_get)
    pstorage_clear                           0x0001e399   Thumb Code   166  pstorage.o(i.pstorage_clear)
    pstorage_init                            0x0001e47d   Thumb Code   128  pstorage.o(i.pstorage_init)
    pstorage_load                            0x0001e519   Thumb Code   226  pstorage.o(i.pstorage_load)
    pstorage_register                        0x0001e605   Thumb Code   306  pstorage.o(i.pstorage_register)
    pstorage_store                           0x0001e749   Thumb Code   202  pstorage.o(i.pstorage_store)
    pstorage_sys_event_handler               0x0001e81d   Thumb Code   436  pstorage.o(i.pstorage_sys_event_handler)
    pstorage_update                          0x0001e9e1   Thumb Code   202  pstorage.o(i.pstorage_update)
    queueSerialEvent                         0x0001eab5   Thumb Code   116  main.o(i.queueSerialEvent)
    set_sync_state                           0x0001f24d   Thumb Code     6  ble_gogglepal.o(i.set_sync_state)
    softdevice_assertion_handler             0x0001f277   Thumb Code    18  softdevice_handler.o(i.softdevice_assertion_handler)
    softdevice_ble_evt_handler_set           0x0001f289   Thumb Code    18  softdevice_handler.o(i.softdevice_ble_evt_handler_set)
    softdevice_handler_init                  0x0001f2a1   Thumb Code    84  softdevice_handler.o(i.softdevice_handler_init)
    softdevice_sys_evt_handler_set           0x0001f309   Thumb Code    18  softdevice_handler.o(i.softdevice_sys_evt_handler_set)
    update_user_profile                      0x0001fc1d   Thumb Code    16  ble_gogglepal.o(i.update_user_profile)
    m_service_context_store                  0x0001fec8   Data          16  device_manager_peripheral.o(.constdata)
    m_service_context_load                   0x0001fed8   Data          16  device_manager_peripheral.o(.constdata)
    m_service_context_apply                  0x0001fee8   Data          16  device_manager_peripheral.o(.constdata)
    m_context_init_len                       0x0001fef8   Data           4  device_manager_peripheral.o(.constdata)
    ble_ancs_base_uuid128                    0x0001ff48   Data          16  ble_ancs_c.o(.constdata)
    ble_ancs_cp_base_uuid128                 0x0001ff58   Data          16  ble_ancs_c.o(.constdata)
    ble_ancs_ns_base_uuid128                 0x0001ff68   Data          16  ble_ancs_c.o(.constdata)
    ble_ancs_ds_base_uuid128                 0x0001ff78   Data          16  ble_ancs_c.o(.constdata)
    Region$$Table$$Base                      0x000200bc   Number         0  anon$$obj.o(Region$$Table)
    Region$$Table$$Limit                     0x000200dc   Number         0  anon$$obj.o(Region$$Table)
    sg_MCU_Send_Again_State                  0x2000201d   Data           1  main.o(.data)
    sg_SYNC_Data_Packet_Type                 0x2000201e   Data           1  main.o(.data)
    SystemCoreClock                          0x200020a0   Data           4  system_nrf51.o(.data)
    gogglepal_sync_started                   0x2000216d   Data           1  ble_gogglepal.o(.data)
    gogglepal_temp_flash_header              0x20002290   Data          20  main.o(.bss)
    gogglepal_temp_data_buffer               0x200022a4   Data          20  main.o(.bss)
    sg_mcu_msg                               0x20002406   Data         123  main.o(.bss)
    __initial_sp                             0x20003aa0   Data           0  arm_startup_nrf51.o(STACK)



==============================================================================

Memory Map of the image

  Image Entry point : 0x000180c1

  Load Region LR_IROM1 (Base: 0x00018000, Size: 0x00008328, Max: 0x00028000, ABSOLUTE, COMPRESSED[0x00008168])

    Execution Region ER_IROM1 (Base: 0x00018000, Size: 0x000080dc, Max: 0x00028000, ABSOLUTE)

    Base Addr    Size         Type   Attr      Idx    E Section Name        Object

    0x00018000   0x000000c0   Data   RO          649    RESET               arm_startup_nrf51.o
    0x000180c0   0x00000000   Code   RO         2811  * .ARM.Collect$$$$00000000  mc_p.l(entry.o)
    0x000180c0   0x00000004   Code   RO         3089    .ARM.Collect$$$$00000001  mc_p.l(entry2.o)
    0x000180c4   0x00000004   Code   RO         3092    .ARM.Collect$$$$00000004  mc_p.l(entry5.o)
    0x000180c8   0x00000000   Code   RO         3094    .ARM.Collect$$$$00000008  mc_p.l(entry7b.o)
    0x000180c8   0x00000000   Code   RO         3096    .ARM.Collect$$$$0000000A  mc_p.l(entry8b.o)
    0x000180c8   0x00000008   Code   RO         3097    .ARM.Collect$$$$0000000B  mc_p.l(entry9a.o)
    0x000180d0   0x00000000   Code   RO         3099    .ARM.Collect$$$$0000000D  mc_p.l(entry10a.o)
    0x000180d0   0x00000000   Code   RO         3101    .ARM.Collect$$$$0000000F  mc_p.l(entry11a.o)
    0x000180d0   0x00000004   Code   RO         3090    .ARM.Collect$$$$00002712  mc_p.l(entry2.o)
    0x000180d4   0x0000001e   Code   RO         1841    .emb_text           nrf_delay.o
    0x000180f2   0x00000002   PAD
    0x000180f4   0x0000001e   Code   RO         2372    .emb_text           app_timer.o
    0x00018112   0x00000002   PAD
    0x00018114   0x00000038   Code   RO          650    .text               arm_startup_nrf51.o
    0x0001814c   0x0000002c   Code   RO         2814    .text               mc_p.l(uidiv.o)
    0x00018178   0x00000028   Code   RO         2816    .text               mc_p.l(idiv.o)
    0x000181a0   0x00000024   Code   RO         2818    .text               mc_p.l(memcpya.o)
    0x000181c4   0x00000024   Code   RO         2820    .text               mc_p.l(memseta.o)
    0x000181e8   0x0000000e   Code   RO         2822    .text               mc_p.l(strlen.o)
    0x000181f6   0x0000001a   Code   RO         2824    .text               mc_p.l(memcmp.o)
    0x00018210   0x00000024   Code   RO         3116    .text               mc_p.l(init.o)
    0x00018234   0x00000056   Code   RO         3136    .text               mc_p.l(__dczerorl2.o)
    0x0001828a   0x00000002   PAD
    0x0001828c   0x00000188   Code   RO         1897    i.GPIOTE_IRQHandler  nrf_drv_gpiote.o
    0x00018414   0x00000014   Code   RO         2373    i.NVIC_ClearPendingIRQ  app_timer.o
    0x00018428   0x00000014   Code   RO         2374    i.NVIC_EnableIRQ    app_timer.o
    0x0001843c   0x00000014   Code   RO         2375    i.NVIC_SetPendingIRQ  app_timer.o
    0x00018450   0x00000078   Code   RO         1684    i.NVIC_SetPriority  app_uart_fifo.o
    0x000184c8   0x00000078   Code   RO         1869    i.NVIC_SetPriority  nrf_drv_common.o
    0x00018540   0x00000078   Code   RO         2376    i.NVIC_SetPriority  app_timer.o
    0x000185b8   0x0000001c   Code   RO            4    i.NVIC_SystemReset  main.o
    0x000185d4   0x00000028   Code   RO         2377    i.RTC1_IRQHandler   app_timer.o
    0x000185fc   0x00000008   Code   RO         2378    i.SWI0_IRQHandler   app_timer.o
    0x00018604   0x0000002c   Code   RO         1424    i.SWI1_IRQHandler   ble_radio_notification.o
    0x00018630   0x00000038   Code   RO         2746    i.SWI2_IRQHandler   softdevice_handler.o
    0x00018668   0x00000038   Code   RO          608    i.SystemInit        system_nrf51.o
    0x000186a0   0x000000a0   Code   RO         1685    i.UART0_IRQHandler  app_uart_fifo.o
    0x00018740   0x0000001c   Code   RO          224    i.__ARM_common_switch8  main.o
    0x0001875c   0x0000000e   Code   RO         3130    i.__scatterload_copy  mc_p.l(handlers.o)
    0x0001876a   0x00000002   Code   RO         3131    i.__scatterload_null  mc_p.l(handlers.o)
    0x0001876c   0x0000000e   Code   RO         3132    i.__scatterload_zeroinit  mc_p.l(handlers.o)
    0x0001877a   0x00000002   PAD
    0x0001877c   0x0000001c   Code   RO         1686    i.action_tx_ready   app_uart_fifo.o
    0x00018798   0x00000054   Code   RO         1687    i.action_tx_send    app_uart_fifo.o
    0x000187ec   0x00000028   Code   RO         1688    i.action_tx_stop    app_uart_fifo.o
    0x00018814   0x00000024   Code   RO         1689    i.action_uart_deactivate  app_uart_fifo.o
    0x00018838   0x00000136   Code   RO          654    i.adv_data_encode   ble_advdata.o
    0x0001896e   0x00000014   Code   RO          655    i.advdata_check     ble_advdata.o
    0x00018982   0x00000002   PAD
    0x00018984   0x0000006c   Code   RO            5    i.advertising_init  main.o
    0x000189f0   0x00000004   Code   RO            6    i.app_error_handler  main.o
    0x000189f4   0x0000001c   Code   RO          897    i.app_evt_notify    device_manager_peripheral.o
    0x00018a10   0x0000002a   Code   RO         2336    i.app_fifo_get      app_fifo.o
    0x00018a3a   0x0000002a   Code   RO         2337    i.app_fifo_init     app_fifo.o
    0x00018a64   0x0000002a   Code   RO         2338    i.app_fifo_put      app_fifo.o
    0x00018a8e   0x00000002   PAD
    0x00018a90   0x00000028   Code   RO         2127    i.app_notify        pstorage.o
    0x00018ab8   0x00000074   Code   RO         2671    i.app_sched_event_get  app_scheduler.o
    0x00018b2c   0x00000114   Code   RO         2672    i.app_sched_event_put  app_scheduler.o
    0x00018c40   0x0000001e   Code   RO         2673    i.app_sched_execute  app_scheduler.o
    0x00018c5e   0x00000002   PAD
    0x00018c60   0x0000005c   Code   RO         2674    i.app_sched_init    app_scheduler.o
    0x00018cbc   0x00000074   Code   RO         2381    i.app_timer_create  app_timer.o
    0x00018d30   0x00000032   Code   RO         2724    i.app_timer_evt_get  app_timer_appsh.o
    0x00018d62   0x00000002   PAD
    0x00018d64   0x0000001c   Code   RO         2725    i.app_timer_evt_schedule  app_timer_appsh.o
    0x00018d80   0x000000f0   Code   RO         2382    i.app_timer_init    app_timer.o
    0x00018e70   0x0000006c   Code   RO         2383    i.app_timer_start   app_timer.o
    0x00018edc   0x00000044   Code   RO         2384    i.app_timer_stop    app_timer.o
    0x00018f20   0x00000028   Code   RO         1690    i.app_uart_close    app_uart_fifo.o
    0x00018f48   0x00000014   Code   RO         1692    i.app_uart_get      app_uart_fifo.o
    0x00018f5c   0x000001bc   Code   RO         1694    i.app_uart_init     app_uart_fifo.o
    0x00019118   0x0000001c   Code   RO         1695    i.app_uart_put      app_uart_fifo.o
    0x00019134   0x00000042   Code   RO            7    i.app_uart_transmit  main.o
    0x00019176   0x0000004a   Code   RO          656    i.appearance_encode  ble_advdata.o
    0x000191c0   0x0000000e   Code   RO            8    i.apple_notification_error_handler  main.o
    0x000191ce   0x00000002   PAD
    0x000191d0   0x0000004c   Code   RO            9    i.apple_notification_setup  main.o
    0x0001921c   0x0000007a   Code   RO          657    i.ble_advdata_set   ble_advdata.o
    0x00019296   0x00000002   PAD
    0x00019298   0x00000198   Code   RO         1179    i.ble_advertising_init  ble_advertising.o
    0x00019430   0x00000134   Code   RO         1180    i.ble_advertising_on_ble_evt  ble_advertising.o
    0x00019564   0x00000054   Code   RO         1181    i.ble_advertising_on_sys_evt  ble_advertising.o
    0x000195b8   0x00000010   Code   RO         1183    i.ble_advertising_peer_address_clear  ble_advertising.o
    0x000195c8   0x00000258   Code   RO         1185    i.ble_advertising_start  ble_advertising.o
    0x00019820   0x00000068   Code   RO         1186    i.ble_advertising_whitelist_reply  ble_advertising.o
    0x00019888   0x00000038   Code   RO         1450    i.ble_ancs_c_attr_add  ble_ancs_c.o
    0x000198c0   0x00000018   Code   RO         1452    i.ble_ancs_c_data_source_notif_enable  ble_ancs_c.o
    0x000198d8   0x00000084   Code   RO         1453    i.ble_ancs_c_init   ble_ancs_c.o
    0x0001995c   0x00000018   Code   RO         1455    i.ble_ancs_c_notif_source_notif_enable  ble_ancs_c.o
    0x00019974   0x00000028   Code   RO         1456    i.ble_ancs_c_on_ble_evt  ble_ancs_c.o
    0x0001999c   0x0000001a   Code   RO         1457    i.ble_ancs_c_on_device_manager_evt  ble_ancs_c.o
    0x000199b6   0x00000016   Code   RO         1460    i.ble_ancs_verify_notification_format  ble_ancs_c.o
    0x000199cc   0x00000078   Code   RO          800    i.ble_conn_params_init  ble_conn_params.o
    0x00019a44   0x0000003e   Code   RO          801    i.ble_conn_params_on_ble_evt  ble_conn_params.o
    0x00019a82   0x00000002   PAD
    0x00019a84   0x0000003c   Code   RO         1579    i.ble_db_discovery_evt_register  ble_db_discovery.o
    0x00019ac0   0x00000028   Code   RO         1580    i.ble_db_discovery_init  ble_db_discovery.o
    0x00019ae8   0x0000007c   Code   RO         1581    i.ble_db_discovery_on_ble_evt  ble_db_discovery.o
    0x00019b64   0x00000094   Code   RO         1582    i.ble_db_discovery_start  ble_db_discovery.o
    0x00019bf8   0x000001b4   Code   RO         1257    i.ble_dis_init      ble_dis.o
    0x00019dac   0x00000044   Code   RO           11    i.ble_evt_dispatch  main.o
    0x00019df0   0x000000d4   Code   RO         1297    i.ble_gogglepal_flash_data_transmit  ble_gogglepal.o
    0x00019ec4   0x00000090   Code   RO         1298    i.ble_gogglepal_flash_header_transmit  ble_gogglepal.o
    0x00019f54   0x00000008   Code   RO           12    i.ble_gogglepal_get_handle_object  main.o
    0x00019f5c   0x000000e0   Code   RO         1299    i.ble_gogglepal_init  ble_gogglepal.o
    0x0001a03c   0x00000074   Code   RO         1300    i.ble_gogglepal_on_ble_evt  ble_gogglepal.o
    0x0001a0b0   0x0000007c   Code   RO         1301    i.ble_gogglepal_scoreboard_transmit  ble_gogglepal.o
    0x0001a12c   0x00000012   Code   RO          877    i.ble_srv_ascii_to_utf8  ble_srv_common.o
    0x0001a13e   0x00000014   Code   RO         1302    i.ble_srv_is_notification_enabled  ble_gogglepal.o
    0x0001a152   0x00000002   PAD
    0x0001a154   0x0000009c   Code   RO           13    i.ble_stack_init    main.o
    0x0001a1f0   0x00000050   Code   RO          898    i.bond_data_load    device_manager_peripheral.o
    0x0001a240   0x00000104   Code   RO         1303    i.bootloader_char_add  ble_gogglepal.o
    0x0001a344   0x00000058   Code   RO           14    i.bootloader_write_handler  main.o
    0x0001a39c   0x00000060   Code   RO         1461    i.cccd_configure    ble_ancs_c.o
    0x0001a3fc   0x00000020   Code   RO         1898    i.channel_free      nrf_drv_gpiote.o
    0x0001a41c   0x00000010   Code   RO         1899    i.channel_handler_get  nrf_drv_gpiote.o
    0x0001a42c   0x00000078   Code   RO         1900    i.channel_port_alloc  nrf_drv_gpiote.o
    0x0001a4a4   0x0000000c   Code   RO         1901    i.channel_port_get  nrf_drv_gpiote.o
    0x0001a4b0   0x000000f0   Code   RO         1258    i.char_add          ble_dis.o
    0x0001a5a0   0x00000050   Code   RO         1583    i.characteristics_discover  ble_db_discovery.o
    0x0001a5f0   0x00000168   Code   RO         2128    i.cmd_process       pstorage.o
    0x0001a758   0x0000002c   Code   RO         2129    i.cmd_queue_dequeue  pstorage.o
    0x0001a784   0x0000003c   Code   RO         2130    i.cmd_queue_element_init  pstorage.o
    0x0001a7c0   0x00000098   Code   RO         2131    i.cmd_queue_enqueue  pstorage.o
    0x0001a858   0x00000034   Code   RO         2132    i.cmd_queue_init    pstorage.o
    0x0001a88c   0x00000090   Code   RO         2386    i.compare_reg_update  app_timer.o
    0x0001a91c   0x0000005c   Code   RO          658    i.conn_int_check    ble_advdata.o
    0x0001a978   0x0000005c   Code   RO          659    i.conn_int_encode   ble_advdata.o
    0x0001a9d4   0x0000000e   Code   RO           15    i.conn_params_error_handler  main.o
    0x0001a9e2   0x00000002   PAD
    0x0001a9e4   0x0000005c   Code   RO           16    i.conn_params_init  main.o
    0x0001aa40   0x00000094   Code   RO          803    i.conn_params_negotiation  ble_conn_params.o
    0x0001aad4   0x00000048   Code   RO          899    i.connection_instance_find  device_manager_peripheral.o
    0x0001ab1c   0x00000038   Code   RO          900    i.connection_instance_init  device_manager_peripheral.o
    0x0001ab54   0x0000005c   Code   RO         2387    i.current_int_priority_get  app_timer.o
    0x0001abb0   0x0000005c   Code   RO         2675    i.current_int_priority_get  app_scheduler.o
    0x0001ac0c   0x00000130   Code   RO         1462    i.db_discover_evt_handler  ble_ancs_c.o
    0x0001ad3c   0x00000020   Code   RO           17    i.db_discovery_init  main.o
    0x0001ad5c   0x000000b2   Code   RO         1584    i.descriptors_discover  ble_db_discovery.o
    0x0001ae0e   0x00000002   PAD
    0x0001ae10   0x000000d0   Code   RO          901    i.device_context_store  device_manager_peripheral.o
    0x0001aee0   0x0000007c   Code   RO          902    i.device_instance_allocate  device_manager_peripheral.o
    0x0001af5c   0x00000058   Code   RO          903    i.device_instance_find  device_manager_peripheral.o
    0x0001afb4   0x00000030   Code   RO          904    i.device_instance_free  device_manager_peripheral.o
    0x0001afe4   0x000000b0   Code   RO           18    i.device_manager_evt_handler  main.o
    0x0001b094   0x000000c8   Code   RO           19    i.device_manager_init  main.o
    0x0001b15c   0x000000a4   Code   RO         1585    i.discovery_complete_evt_trigger  ble_db_discovery.o
    0x0001b200   0x00000088   Code   RO         1586    i.discovery_error_evt_trigger  ble_db_discovery.o
    0x0001b288   0x0000062c   Code   RO          909    i.dm_ble_evt_handler  device_manager_peripheral.o
    0x0001b8b4   0x0000001c   Code   RO          915    i.dm_handle_initialize  device_manager_peripheral.o
    0x0001b8d0   0x0000010c   Code   RO          916    i.dm_init           device_manager_peripheral.o
    0x0001b9dc   0x000001f8   Code   RO          919    i.dm_pstorage_cb_handler  device_manager_peripheral.o
    0x0001bbd4   0x000000bc   Code   RO          920    i.dm_register       device_manager_peripheral.o
    0x0001bc90   0x00000098   Code   RO          921    i.dm_security_setup_req  device_manager_peripheral.o
    0x0001bd28   0x000000c4   Code   RO          922    i.dm_security_status_req  device_manager_peripheral.o
    0x0001bdec   0x0000011c   Code   RO          926    i.dm_whitelist_create  device_manager_peripheral.o
    0x0001bf08   0x00000064   Code   RO         2388    i.elapsed_ticks_acquire  app_timer.o
    0x0001bf6c   0x0000006c   Code   RO         2389    i.expired_timers_handler  app_timer.o
    0x0001bfd8   0x0000000a   Code   RO         1696    i.fifo_length       app_uart_fifo.o
    0x0001bfe2   0x0000000a   Code   RO         2339    i.fifo_length       app_fifo.o
    0x0001bfec   0x0000014c   Code   RO         1304    i.flash_data_char_add  ble_gogglepal.o
    0x0001c138   0x0000014c   Code   RO         1305    i.flash_header_char_add  ble_gogglepal.o
    0x0001c284   0x000000a0   Code   RO           20    i.gap_params_init   main.o
    0x0001c324   0x00000006   Code   RO          927    i.gattc_context_apply  device_manager_peripheral.o
    0x0001c32a   0x00000006   Code   RO          928    i.gattc_context_load  device_manager_peripheral.o
    0x0001c330   0x00000006   Code   RO          929    i.gattc_context_store  device_manager_peripheral.o
    0x0001c336   0x00000002   PAD
    0x0001c338   0x000000e8   Code   RO          930    i.gatts_context_apply  device_manager_peripheral.o
    0x0001c420   0x00000040   Code   RO          931    i.gatts_context_load  device_manager_peripheral.o
    0x0001c460   0x000000cc   Code   RO          932    i.gatts_context_store  device_manager_peripheral.o
    0x0001c52c   0x0000001a   Code   RO          933    i.gattsc_context_apply  device_manager_peripheral.o
    0x0001c546   0x0000001e   Code   RO          934    i.gattsc_context_load  device_manager_peripheral.o
    0x0001c564   0x0000001e   Code   RO          935    i.gattsc_context_store  device_manager_peripheral.o
    0x0001c582   0x00000002   PAD
    0x0001c584   0x00000064   Code   RO           21    i.gogglepal_timers_init  main.o
    0x0001c5e8   0x00000020   Code   RO         1697    i.gpiote_uart_event_handler  app_uart_fifo.o
    0x0001c608   0x00000104   Code   RO         1306    i.hdsk_cmd_char_add  ble_gogglepal.o
    0x0001c70c   0x00000198   Code   RO           22    i.hdsk_cmd_write_handler  main.o
    0x0001c8a4   0x000000bc   Code   RO         2747    i.intern_softdevice_events_execute  softdevice_handler.o
    0x0001c960   0x0000001e   Code   RO         1587    i.is_char_discovery_reqd  ble_db_discovery.o
    0x0001c97e   0x00000002   PAD
    0x0001c980   0x00000024   Code   RO          804    i.is_conn_params_ok  ble_conn_params.o
    0x0001c9a4   0x00000054   Code   RO         1588    i.is_desc_discovery_reqd  ble_db_discovery.o
    0x0001c9f8   0x00000038   Code   RO          609    i.is_disabled_in_debug_needed  system_nrf51.o
    0x0001ca30   0x0000006c   Code   RO          610    i.is_manual_peripheral_setup_needed  system_nrf51.o
    0x0001ca9c   0x00000012   Code   RO         2133    i.is_word_aligned   pstorage.o
    0x0001caae   0x00000002   PAD
    0x0001cab0   0x000000c0   Code   RO         2390    i.list_deletions_handler  app_timer.o
    0x0001cb70   0x00000130   Code   RO         2391    i.list_insertions_handler  app_timer.o
    0x0001cca0   0x000000c8   Code   RO           23    i.main              main.o
    0x0001cd68   0x0000006a   Code   RO          660    i.manuf_specific_data_encode  ble_advdata.o
    0x0001cdd2   0x00000096   Code   RO          661    i.name_encode       ble_advdata.o
    0x0001ce68   0x00000018   Code   RO         2676    i.next_index        app_scheduler.o
    0x0001ce80   0x00000006   Code   RO          936    i.no_service_context_apply  device_manager_peripheral.o
    0x0001ce86   0x00000006   Code   RO          937    i.no_service_context_load  device_manager_peripheral.o
    0x0001ce8c   0x00000006   Code   RO          938    i.no_service_context_store  device_manager_peripheral.o
    0x0001ce92   0x0000000a   Code   RO           24    i.notif_attr_print  main.o
    0x0001ce9c   0x00000070   Code   RO           25    i.notif_print       main.o
    0x0001cf0c   0x0000001c   Code   RO         1842    i.nrf_delay_ms      nrf_delay.o
    0x0001cf28   0x00000038   Code   RO         1870    i.nrf_drv_common_irq_enable  nrf_drv_common.o
    0x0001cf60   0x00000080   Code   RO         1903    i.nrf_drv_gpiote_in_event_disable  nrf_drv_gpiote.o
    0x0001cfe0   0x000000b0   Code   RO         1904    i.nrf_drv_gpiote_in_event_enable  nrf_drv_gpiote.o
    0x0001d090   0x000000f4   Code   RO         1905    i.nrf_drv_gpiote_in_init  nrf_drv_gpiote.o
    0x0001d184   0x00000020   Code   RO         1906    i.nrf_drv_gpiote_in_is_set  nrf_drv_gpiote.o
    0x0001d1a4   0x00000050   Code   RO         1907    i.nrf_drv_gpiote_in_uninit  nrf_drv_gpiote.o
    0x0001d1f4   0x00000050   Code   RO         1908    i.nrf_drv_gpiote_init  nrf_drv_gpiote.o
    0x0001d244   0x00000014   Code   RO         1909    i.nrf_drv_gpiote_is_init  nrf_drv_gpiote.o
    0x0001d258   0x000000f0   Code   RO         1911    i.nrf_drv_gpiote_out_init  nrf_drv_gpiote.o
    0x0001d348   0x00000012   Code   RO         1921    i.nrf_gpio_cfg_default  nrf_drv_gpiote.o
    0x0001d35a   0x00000046   Code   RO         1922    i.nrf_gpio_cfg_sense_set  nrf_drv_gpiote.o
    0x0001d3a0   0x00000010   Code   RO         1923    i.nrf_gpio_pin_clear  nrf_drv_gpiote.o
    0x0001d3b0   0x00000010   Code   RO         1924    i.nrf_gpio_pin_set  nrf_drv_gpiote.o
    0x0001d3c0   0x0000000c   Code   RO         1925    i.nrf_gpiote_event_addr_get  nrf_drv_gpiote.o
    0x0001d3cc   0x00000010   Code   RO         1926    i.nrf_gpiote_event_clear  nrf_drv_gpiote.o
    0x0001d3dc   0x00000016   Code   RO         1927    i.nrf_gpiote_event_is_set  nrf_drv_gpiote.o
    0x0001d3f2   0x00000002   PAD
    0x0001d3f4   0x0000000c   Code   RO         1928    i.nrf_gpiote_int_enable  nrf_drv_gpiote.o
    0x0001d400   0x00000080   Code   RO           26    i.on_adv_evt        main.o
    0x0001d480   0x0000007c   Code   RO           27    i.on_ancs_c_evt     main.o
    0x0001d4fc   0x00000138   Code   RO           28    i.on_ble_evt        main.o
    0x0001d634   0x00000116   Code   RO         1589    i.on_characteristic_discovery_rsp  ble_db_discovery.o
    0x0001d74a   0x00000002   PAD
    0x0001d74c   0x00000030   Code   RO           29    i.on_conn_params_evt  main.o
    0x0001d77c   0x00000018   Code   RO          805    i.on_conn_params_update  ble_conn_params.o
    0x0001d794   0x0000003c   Code   RO          806    i.on_connect        ble_conn_params.o
    0x0001d7d0   0x00000006   Code   RO         1307    i.on_connect        ble_gogglepal.o
    0x0001d7d6   0x00000002   PAD
    0x0001d7d8   0x00000028   Code   RO         1698    i.on_cts_high       app_uart_fifo.o
    0x0001d800   0x00000054   Code   RO         1699    i.on_cts_low        app_uart_fifo.o
    0x0001d854   0x000000b8   Code   RO         1590    i.on_descriptor_discovery_rsp  ble_db_discovery.o
    0x0001d90c   0x00000044   Code   RO          807    i.on_disconnect     ble_conn_params.o
    0x0001d950   0x00000008   Code   RO         1308    i.on_disconnect     ble_gogglepal.o
    0x0001d958   0x00000068   Code   RO         1463    i.on_evt_gattc_notif  ble_ancs_c.o
    0x0001d9c0   0x00000008   Code   RO         1464    i.on_evt_write_rsp  ble_ancs_c.o
    0x0001d9c8   0x00000010   Code   RO         1309    i.on_hvc            ble_gogglepal.o
    0x0001d9d8   0x00000058   Code   RO         1591    i.on_primary_srv_discovery_rsp  ble_db_discovery.o
    0x0001da30   0x00000028   Code   RO         1310    i.on_rw_authorize_request  ble_gogglepal.o
    0x0001da58   0x00000084   Code   RO         1592    i.on_srv_disc_completion  ble_db_discovery.o
    0x0001dadc   0x00000002   Code   RO         1311    i.on_tx_complete    ble_gogglepal.o
    0x0001dade   0x00000002   PAD
    0x0001dae0   0x0000002c   Code   RO         1700    i.on_tx_ready       app_uart_fifo.o
    0x0001db0c   0x00000008   Code   RO         1701    i.on_uart_close     app_uart_fifo.o
    0x0001db14   0x00000036   Code   RO         1702    i.on_uart_event     app_uart_fifo.o
    0x0001db4a   0x00000002   PAD
    0x0001db4c   0x00000014   Code   RO         1703    i.on_uart_put       app_uart_fifo.o
    0x0001db60   0x0000005c   Code   RO          808    i.on_write          ble_conn_params.o
    0x0001dbbc   0x000000e6   Code   RO         1312    i.on_write          ble_gogglepal.o
    0x0001dca2   0x00000002   PAD
    0x0001dca4   0x000001b8   Code   RO         1465    i.parse_get_notif_attrs_response  ble_ancs_c.o
    0x0001de5c   0x000000bc   Code   RO         1466    i.parse_notif       ble_ancs_c.o
    0x0001df18   0x0000001a   Code   RO         1187    i.peer_address_exists  ble_advertising.o
    0x0001df32   0x00000002   PAD
    0x0001df34   0x00000050   Code   RO          939    i.peer_instance_init  device_manager_peripheral.o
    0x0001df84   0x00000038   Code   RO         1593    i.pending_user_evts_send  ble_db_discovery.o
    0x0001dfbc   0x0000000c   Code   RO         1929    i.pin_from_port_get  nrf_drv_gpiote.o
    0x0001dfc8   0x0000001c   Code   RO         1930    i.pin_in_use_by_gpiote  nrf_drv_gpiote.o
    0x0001dfe4   0x00000018   Code   RO         1931    i.pin_in_use_by_port  nrf_drv_gpiote.o
    0x0001dffc   0x00000020   Code   RO         1932    i.pin_in_use_by_te  nrf_drv_gpiote.o
    0x0001e01c   0x00000010   Code   RO         1933    i.pin_in_use_clear  nrf_drv_gpiote.o
    0x0001e02c   0x0000009e   Code   RO         1259    i.pnp_id_encode     ble_dis.o
    0x0001e0ca   0x0000001e   Code   RO           30    i.power_manage      main.o
    0x0001e0e8   0x00000148   Code   RO           31    i.process_mcu_msg   main.o
    0x0001e230   0x000000ac   Code   RO           32    i.process_uart_byte  main.o
    0x0001e2dc   0x0000002c   Code   RO         2134    i.pstorage_access_status_get  pstorage.o
    0x0001e308   0x00000090   Code   RO         2135    i.pstorage_block_identifier_get  pstorage.o
    0x0001e398   0x000000b0   Code   RO         2136    i.pstorage_clear    pstorage.o
    0x0001e448   0x00000028   Code   RO         2137    i.pstorage_flash_page_end  pstorage.o
    0x0001e470   0x0000000a   Code   RO         2138    i.pstorage_flash_page_size  pstorage.o
    0x0001e47a   0x00000002   PAD
    0x0001e47c   0x0000009c   Code   RO         2139    i.pstorage_init     pstorage.o
    0x0001e518   0x000000ec   Code   RO         2140    i.pstorage_load     pstorage.o
    0x0001e604   0x00000144   Code   RO         2141    i.pstorage_register  pstorage.o
    0x0001e748   0x000000d4   Code   RO         2142    i.pstorage_store    pstorage.o
    0x0001e81c   0x000001c4   Code   RO         2143    i.pstorage_sys_event_handler  pstorage.o
    0x0001e9e0   0x000000d4   Code   RO         2144    i.pstorage_update   pstorage.o
    0x0001eab4   0x00000074   Code   RO           33    i.queueSerialEvent  main.o
    0x0001eb28   0x00000040   Code   RO         1594    i.registered_handler_get  ble_db_discovery.o
    0x0001eb68   0x00000044   Code   RO         1595    i.registered_handler_set  ble_db_discovery.o
    0x0001ebac   0x0000000c   Code   RO         2392    i.rtc1_counter_get  app_timer.o
    0x0001ebb8   0x00000018   Code   RO         2393    i.rtc1_init         app_timer.o
    0x0001ebd0   0x0000003c   Code   RO         2394    i.rtc1_start        app_timer.o
    0x0001ec0c   0x00000058   Code   RO         2395    i.rtc1_stop         app_timer.o
    0x0001ec64   0x00000030   Code   RO           34    i.scheduler_init    main.o
    0x0001ec94   0x0000014c   Code   RO         1313    i.scoreboard_char_add  ble_gogglepal.o
    0x0001ede0   0x00000064   Code   RO           35    i.sec_req_timeout_handler  main.o
    0x0001ee44   0x0000008c   Code   RO          662    i.service_data_encode  ble_advdata.o
    0x0001eed0   0x0000037c   Code   RO           36    i.services_init     main.o
    0x0001f24c   0x0000000c   Code   RO         1314    i.set_sync_state    ble_gogglepal.o
    0x0001f258   0x0000001e   Code   RO           37    i.sleep_mode_enter  main.o
    0x0001f276   0x00000012   Code   RO         2748    i.softdevice_assertion_handler  softdevice_handler.o
    0x0001f288   0x00000018   Code   RO         2749    i.softdevice_ble_evt_handler_set  softdevice_handler.o
    0x0001f2a0   0x00000068   Code   RO         2750    i.softdevice_handler_init  softdevice_handler.o
    0x0001f308   0x00000018   Code   RO         2752    i.softdevice_sys_evt_handler_set  softdevice_handler.o
    0x0001f320   0x00000010   Code   RO          663    i.srdata_check      ble_advdata.o
    0x0001f330   0x00000008   Code   RO          940    i.storage_operation_dummy_handler  device_manager_peripheral.o
    0x0001f338   0x000001b4   Code   RO         2145    i.swap_state_process  pstorage.o
    0x0001f4ec   0x00000012   Code   RO           38    i.sys_evt_dispatch  main.o
    0x0001f4fe   0x000000a4   Code   RO         1260    i.sys_id_encode     ble_dis.o
    0x0001f5a2   0x0000000a   Code   RO         2396    i.ticks_diff_get    app_timer.o
    0x0001f5ac   0x00000040   Code   RO         2397    i.timeout_handler_exec  app_timer.o
    0x0001f5ec   0x00000058   Code   RO         2398    i.timer_list_handler  app_timer.o
    0x0001f644   0x0000000a   Code   RO         2399    i.timer_list_handler_sched  app_timer.o
    0x0001f64e   0x00000002   PAD
    0x0001f650   0x000000dc   Code   RO         2400    i.timer_list_insert  app_timer.o
    0x0001f72c   0x000000cc   Code   RO         2401    i.timer_list_remove  app_timer.o
    0x0001f7f8   0x00000054   Code   RO         2402    i.timer_start_op_schedule  app_timer.o
    0x0001f84c   0x00000040   Code   RO         2404    i.timer_stop_op_schedule  app_timer.o
    0x0001f88c   0x0000009c   Code   RO         2405    i.timer_timeouts_check  app_timer.o
    0x0001f928   0x0000000a   Code   RO         2406    i.timer_timeouts_check_sched  app_timer.o
    0x0001f932   0x00000002   PAD
    0x0001f934   0x0000008c   Code   RO         1467    i.tx_buffer_process  ble_ancs_c.o
    0x0001f9c0   0x00000030   Code   RO          664    i.tx_power_level_encode  ble_advdata.o
    0x0001f9f0   0x0000005a   Code   RO           40    i.uart_evt_handler  main.o
    0x0001fa4a   0x00000002   PAD
    0x0001fa4c   0x00000064   Code   RO           41    i.uart_init         main.o
    0x0001fab0   0x00000040   Code   RO         1704    i.uart_no_flow_control_init  app_uart_fifo.o
    0x0001faf0   0x00000040   Code   RO         1705    i.uart_standard_flow_control_init  app_uart_fifo.o
    0x0001fb30   0x00000012   Code   RO          665    i.uint16_encode     ble_advdata.o
    0x0001fb42   0x00000012   Code   RO         1261    i.uint16_encode     ble_dis.o
    0x0001fb54   0x00000018   Code   RO         1468    i.uint32_decode     ble_ancs_c.o
    0x0001fb6c   0x00000014   Code   RO          941    i.update_status_bit_reset  device_manager_peripheral.o
    0x0001fb80   0x0000009c   Code   RO          809    i.update_timeout_handler  ble_conn_params.o
    0x0001fc1c   0x00000014   Code   RO         1315    i.update_user_profile  ble_gogglepal.o
    0x0001fc30   0x00000022   Code   RO         2407    i.user_id_get       app_timer.o
    0x0001fc52   0x0000002c   Code   RO         2408    i.user_op_alloc     app_timer.o
    0x0001fc7e   0x00000004   Code   RO         2409    i.user_op_enque     app_timer.o
    0x0001fc82   0x00000002   PAD
    0x0001fc84   0x00000104   Code   RO         1316    i.user_profile_char_add  ble_gogglepal.o
    0x0001fd88   0x0000001a   Code   RO           42    i.user_profile_write_handler  main.o
    0x0001fda2   0x00000040   Code   RO          666    i.uuid_list_encode  ble_advdata.o
    0x0001fde2   0x000000c4   Code   RO          667    i.uuid_list_sized_encode  ble_advdata.o
    0x0001fea6   0x00000016   Code   RO         1188    i.whitelist_has_entries  ble_advertising.o
    0x0001febc   0x0000000c   Data   RO           44    .constdata          main.o
    0x0001fec8   0x00000034   Data   RO          943    .constdata          device_manager_peripheral.o
    0x0001fefc   0x0000004c   Data   RO         1318    .constdata          ble_gogglepal.o
    0x0001ff48   0x00000040   Data   RO         1470    .constdata          ble_ancs_c.o
    0x0001ff88   0x00000008   Data   RO         1707    .constdata          app_uart_fifo.o
    0x0001ff90   0x0000012a   Data   RO           45    .conststring        main.o
    0x000200ba   0x00000002   PAD
    0x000200bc   0x00000020   Data   RO         3128    Region$$Table       anon$$obj.o


    Execution Region RW_IRAM1 (Base: 0x20002000, Size: 0x00001aa0, Max: 0x00002000, ABSOLUTE, COMPRESSED[0x0000008c])

    Base Addr    Size         Type   Attr      Idx    E Section Name        Object

    0x20002000   0x0000009d   Data   RW           46    .data               main.o
    0x2000209d   0x00000003   PAD
    0x200020a0   0x00000004   Data   RW          611    .data               system_nrf51.o
    0x200020a4   0x00000019   Data   RW          811    .data               ble_conn_params.o
    0x200020bd   0x00000003   PAD
    0x200020c0   0x00000014   Data   RW          944    .data               device_manager_peripheral.o
    0x200020d4   0x00000022   Data   RW         1190    .data               ble_advertising.o
    0x200020f6   0x0000004a   Data   RW         1262    .data               ble_dis.o
    0x20002140   0x0000006a   Data   RW         1319    .data               ble_gogglepal.o
    0x200021aa   0x00000002   PAD
    0x200021ac   0x00000008   Data   RW         1426    .data               ble_radio_notification.o
    0x200021b4   0x0000001a   Data   RW         1471    .data               ble_ancs_c.o
    0x200021ce   0x00000002   PAD
    0x200021d0   0x0000000d   Data   RW         1597    .data               ble_db_discovery.o
    0x200021dd   0x00000003   PAD
    0x200021e0   0x00000009   Data   RW         1708    .data               app_uart_fifo.o
    0x200021e9   0x00000003   PAD
    0x200021ec   0x0000000c   Data   RW         2147    .data               pstorage.o
    0x200021f8   0x0000002a   Data   RW         2410    .data               app_timer.o
    0x20002222   0x00000002   PAD
    0x20002224   0x0000000e   Data   RW         2677    .data               app_scheduler.o
    0x20002232   0x00000002   PAD
    0x20002234   0x00000018   Data   RW         2753    .data               softdevice_handler.o
    0x2000224c   0x00000a40   Zero   RW           43    .bss                main.o
    0x20002c8c   0x0000001c   Zero   RW          810    .bss                ble_conn_params.o
    0x20002ca8   0x0000011f   Zero   RW          942    .bss                device_manager_peripheral.o
    0x20002dc7   0x00000001   PAD
    0x20002dc8   0x000000f7   Zero   RW         1189    .bss                ble_advertising.o
    0x20002ebf   0x0000003c   Zero   RW         1317    .bss                ble_gogglepal.o
    0x20002efb   0x00000001   PAD
    0x20002efc   0x000001d0   Zero   RW         1469    .bss                ble_ancs_c.o
    0x200030cc   0x00000080   Zero   RW         1596    .bss                ble_db_discovery.o
    0x2000314c   0x00000020   Zero   RW         1706    .bss                app_uart_fifo.o
    0x2000316c   0x00000054   Zero   RW         1934    .bss                nrf_drv_gpiote.o
    0x200031c0   0x000000dc   Zero   RW         2146    .bss                pstorage.o
    0x2000329c   0x00000004   PAD
    0x200032a0   0x00000800   Zero   RW          647    STACK               arm_startup_nrf51.o


==============================================================================

Image component sizes


      Code (inc. data)   RO Data    RW Data    ZI Data      Debug   Object Name

       136          0          0          0          0       2906   app_fifo.o
       630         82          0         14          0      12731   app_scheduler.o
      2906        320          0         42          0      31479   app_timer.o
        78          6          0          0          0       2409   app_timer_appsh.o
      1420        204          8          9         32      25399   app_uart_fifo.o
        56         18        192          0       2048        652   arm_startup_nrf51.o
      1448          4          0          0          0      18910   ble_advdata.o
      1568        172          0         34        247      10799   ble_advertising.o
      1628        132         64         26        464      18683   ble_ancs_c.o
         0          0          0          0          0       6368   ble_bas.o
       766        126          0         25         28       7608   ble_conn_params.o
      1914        124          0         13        128      14427   ble_db_discovery.o
      1016         54          0         74          0       6335   ble_dis.o
      2950        132         76        106         60      19082   ble_gogglepal.o
        44         10          0          8          0        798   ble_radio_notification.o
        18          0          0          0          0       1092   ble_srv_common.o
         0          0          0          0          0      23108   bsp.o
         0          0          0          0          0      29076   bsp_btn_ble.o
      4634        342         52         20        287      33256   device_manager_peripheral.o
      4710        440        310        157       2624     118887   main.o
        58          4          0          0          0       1391   nrf_delay.o
       176         18          0          0          0       1932   nrf_drv_common.o
      1866        154          0          0         84      25655   nrf_drv_gpiote.o
      3168        184          0         12        220      20078   pstorage.o
       414         58          0         24          0       8580   softdevice_handler.o
       220         26          0          4          0       1775   system_nrf51.o

    ----------------------------------------------------------------------
     31880       2610        736        588       6228     443416   Object Totals
         0          0         32          0          0          0   (incl. Generated)
        56          0          2         20          6          0   (incl. Padding)

    ----------------------------------------------------------------------

      Code (inc. data)   RO Data    RW Data    ZI Data      Debug   Library Member Name

        86          0          0          0          0          0   __dczerorl2.o
         0          0          0          0          0          0   entry.o
         0          0          0          0          0          0   entry10a.o
         0          0          0          0          0          0   entry11a.o
         8          4          0          0          0          0   entry2.o
         4          0          0          0          0          0   entry5.o
         0          0          0          0          0          0   entry7b.o
         0          0          0          0          0          0   entry8b.o
         8          4          0          0          0          0   entry9a.o
        30          0          0          0          0          0   handlers.o
        40          0          0          0          0         72   idiv.o
        36          8          0          0          0         68   init.o
        26          0          0          0          0         72   memcmp.o
        36          0          0          0          0         60   memcpya.o
        36          0          0          0          0        100   memseta.o
        14          0          0          0          0         60   strlen.o
        44          0          0          0          0         72   uidiv.o

    ----------------------------------------------------------------------
       372         16          0          0          0        504   Library Totals
         4          0          0          0          0          0   (incl. Padding)

    ----------------------------------------------------------------------

      Code (inc. data)   RO Data    RW Data    ZI Data      Debug   Library Name

       368         16          0          0          0        504   mc_p.l

    ----------------------------------------------------------------------
       372         16          0          0          0        504   Library Totals

    ----------------------------------------------------------------------

==============================================================================


      Code (inc. data)   RO Data    RW Data    ZI Data      Debug   

     32252       2626        736        588       6228     431632   Grand Totals
     32252       2626        736        140       6228     431632   ELF Image Totals (compressed)
     32252       2626        736        140          0          0   ROM Totals

==============================================================================

    Total RO  Size (Code + RO Data)                32988 (  32.21kB)
    Total RW  Size (RW Data + ZI Data)              6816 (   6.66kB)
    Total ROM Size (Code + RO Data + RW Data)      33128 (  32.35kB)

==============================================================================

