<html>
<body>
<pre>
<h1>µVision Build Log</h1>
<h2>Project:</h2>
C:\Users\NeuroBoy\Desktop\AR_NORDIC\SDK8\GogglePal_NORDIC\arm4\ble_app_gogglepal.uvproj
Project File Date:  06/12/2015

<h2>Output:</h2>
Rebuild target 'nrf51422_xxac_s110'
compiling main.c...
compiling bsp.c...
compiling bsp_btn_ble.c...
compiling system_nrf51.c...
assembling arm_startup_nrf51.s...
compiling ble_advdata.c...
compiling ble_bas.c...
compiling ble_conn_params.c...
compiling ble_ias.c...
compiling ble_ias_c.c...
compiling ble_lls.c...
compiling ble_tps.c...
compiling ble_srv_common.c...
compiling device_manager_peripheral.c...
compiling app_uart_fifo.c...
compiling nrf_adc.c...
compiling nrf_delay.c...
compiling nrf_drv_common.c...
compiling nrf_drv_gpiote.c...
compiling pstorage.c...
compiling app_button.c...
compiling app_error.c...
compiling app_fifo.c...
compiling app_timer.c...
compiling app_trace.c...
compiling nrf_assert.c...
compiling retarget.c...
compiling sensorsim.c...
compiling softdevice_handler.c...
linking...
Program Size: Code=24996 RO-data=348 RW-data=228 ZI-data=3708  
FromELF: creating hex file...
".\_build\GogglePal.axf" - 0 Error(s), 0 Warning(s).
</pre>
</body>
</html>
