ARM Linker, 5.03 [Build 76] [MDK-ARM Professional]

==============================================================================

Section Cross References

    main.o(i.ADC_IRQHandler) refers to idiv.o(.text) for __aeabi_idivmod
    main.o(i.ADC_IRQHandler) refers to main.o(i.battery_level_in_percent) for battery_level_in_percent
    main.o(i.ADC_IRQHandler) refers to ble_bas.o(i.ble_bas_battery_level_update) for ble_bas_battery_level_update
    main.o(i.ADC_IRQHandler) refers to app_error.o(i.app_error_handler) for app_error_handler
    main.o(i.ADC_IRQHandler) refers to main.o(.bss) for m_bas
    main.o(i.adc_configure) refers to nrf_adc.o(i.nrf_adc_configure) for nrf_adc_configure
    main.o(i.adc_configure) refers to app_error.o(i.app_error_handler) for app_error_handler
    main.o(i.adc_configure) refers to main.o(.constdata) for .constdata
    main.o(i.advertising_init) refers to memseta.o(.text) for __aeabi_memclr4
    main.o(i.advertising_init) refers to ble_advdata.o(i.ble_advdata_set) for ble_advdata_set
    main.o(i.advertising_init) refers to app_error.o(i.app_error_handler) for app_error_handler
    main.o(i.advertising_init) refers to main.o(.constdata) for .constdata
    main.o(i.advertising_init) refers to main.o(.data) for m_advertising_mode
    main.o(i.advertising_start) refers to pstorage.o(i.pstorage_access_status_get) for pstorage_access_status_get
    main.o(i.advertising_start) refers to app_error.o(i.app_error_handler) for app_error_handler
    main.o(i.advertising_start) refers to memseta.o(.text) for __aeabi_memclr4
    main.o(i.advertising_start) refers to device_manager_peripheral.o(i.dm_whitelist_create) for dm_whitelist_create
    main.o(i.advertising_start) refers to main.o(i.advertising_init) for advertising_init
    main.o(i.advertising_start) refers to bsp.o(i.bsp_indication_set) for bsp_indication_set
    main.o(i.advertising_start) refers to main.o(.data) for m_memory_access_in_progress
    main.o(i.alert_signal) refers to bsp.o(i.bsp_indication_set) for bsp_indication_set
    main.o(i.alert_signal) refers to app_error.o(i.app_error_handler) for app_error_handler
    main.o(i.assert_nrf_callback) refers to app_error.o(i.app_error_handler) for app_error_handler
    main.o(i.bas_init) refers to memseta.o(.text) for __aeabi_memclr4
    main.o(i.bas_init) refers to ble_bas.o(i.ble_bas_init) for ble_bas_init
    main.o(i.bas_init) refers to app_error.o(i.app_error_handler) for app_error_handler
    main.o(i.bas_init) refers to main.o(i.on_bas_evt) for on_bas_evt
    main.o(i.bas_init) refers to main.o(.bss) for m_bas
    main.o(i.battery_level_in_percent) refers to idiv.o(.text) for __aeabi_idivmod
    main.o(i.ble_evt_dispatch) refers to device_manager_peripheral.o(i.dm_ble_evt_handler) for dm_ble_evt_handler
    main.o(i.ble_evt_dispatch) refers to ble_conn_params.o(i.ble_conn_params_on_ble_evt) for ble_conn_params_on_ble_evt
    main.o(i.ble_evt_dispatch) refers to ble_ias.o(i.ble_ias_on_ble_evt) for ble_ias_on_ble_evt
    main.o(i.ble_evt_dispatch) refers to ble_lls.o(i.ble_lls_on_ble_evt) for ble_lls_on_ble_evt
    main.o(i.ble_evt_dispatch) refers to ble_bas.o(i.ble_bas_on_ble_evt) for ble_bas_on_ble_evt
    main.o(i.ble_evt_dispatch) refers to ble_ias_c.o(i.ble_ias_c_on_ble_evt) for ble_ias_c_on_ble_evt
    main.o(i.ble_evt_dispatch) refers to ble_tps.o(i.ble_tps_on_ble_evt) for ble_tps_on_ble_evt
    main.o(i.ble_evt_dispatch) refers to bsp_btn_ble.o(i.bsp_btn_ble_on_ble_evt) for bsp_btn_ble_on_ble_evt
    main.o(i.ble_evt_dispatch) refers to main.o(i.on_ble_evt) for on_ble_evt
    main.o(i.ble_evt_dispatch) refers to main.o(.bss) for m_ias
    main.o(i.ble_stack_init) refers to softdevice_handler.o(i.softdevice_handler_init) for softdevice_handler_init
    main.o(i.ble_stack_init) refers to app_error.o(i.app_error_handler) for app_error_handler
    main.o(i.ble_stack_init) refers to softdevice_handler.o(i.softdevice_ble_evt_handler_set) for softdevice_ble_evt_handler_set
    main.o(i.ble_stack_init) refers to softdevice_handler.o(i.softdevice_sys_evt_handler_set) for softdevice_sys_evt_handler_set
    main.o(i.ble_stack_init) refers to main.o(.bss) for BLE_EVT_BUFFER
    main.o(i.ble_stack_init) refers to main.o(i.ble_evt_dispatch) for ble_evt_dispatch
    main.o(i.ble_stack_init) refers to main.o(i.sys_evt_dispatch) for sys_evt_dispatch
    main.o(i.bsp_event_handler) refers to main.o(i.sleep_mode_enter) for sleep_mode_enter
    main.o(i.bsp_event_handler) refers to app_error.o(i.app_error_handler) for app_error_handler
    main.o(i.bsp_event_handler) refers to ble_ias_c.o(i.ble_ias_c_send_alert_level) for ble_ias_c_send_alert_level
    main.o(i.bsp_event_handler) refers to bsp.o(i.bsp_indication_set) for bsp_indication_set
    main.o(i.bsp_event_handler) refers to main.o(.data) for m_conn_handle
    main.o(i.bsp_event_handler) refers to main.o(.bss) for m_ias_c
    main.o(i.buttons_leds_init) refers to bsp.o(i.bsp_init) for bsp_init
[...]
    bsp_button_event_handler                 0x00019bdd   Thumb Code   188  bsp.o(i.bsp_button_event_handler)
    i.bsp_button_is_pressed                  0x00019cb4   Section        0  bsp.o(i.bsp_button_is_pressed)
    i.bsp_event_handler                      0x00019cec   Section        0  main.o(i.bsp_event_handler)
    bsp_event_handler                        0x00019ced   Thumb Code   206  main.o(i.bsp_event_handler)
    i.bsp_event_to_button_action_assign      0x00019dd4   Section        0  bsp.o(i.bsp_event_to_button_action_assign)
    i.bsp_indication_set                     0x00019e30   Section        0  bsp.o(i.bsp_indication_set)
    i.bsp_init                               0x00019e50   Section        0  bsp.o(i.bsp_init)
    i.bsp_led_indication                     0x00019f20   Section        0  bsp.o(i.bsp_led_indication)
    bsp_led_indication                       0x00019f21   Thumb Code  1240  bsp.o(i.bsp_led_indication)
    i.bsp_wakeup_buttons_set                 0x0001a400   Section        0  bsp.o(i.bsp_wakeup_buttons_set)
    i.button_timer_handler                   0x0001a45c   Section        0  bsp.o(i.button_timer_handler)
    button_timer_handler                     0x0001a45d   Thumb Code    14  bsp.o(i.button_timer_handler)
    i.buttons_leds_init                      0x0001a46c   Section        0  main.o(i.buttons_leds_init)
    buttons_leds_init                        0x0001a46d   Thumb Code    92  main.o(i.buttons_leds_init)
    i.channel_free                           0x0001a4d0   Section        0  nrf_drv_gpiote.o(i.channel_free)
    channel_free                             0x0001a4d1   Thumb Code    26  nrf_drv_gpiote.o(i.channel_free)
    i.channel_handler_get                    0x0001a4f0   Section        0  nrf_drv_gpiote.o(i.channel_handler_get)
    channel_handler_get                      0x0001a4f1   Thumb Code    10  nrf_drv_gpiote.o(i.channel_handler_get)
    i.channel_port_alloc                     0x0001a500   Section        0  nrf_drv_gpiote.o(i.channel_port_alloc)
    channel_port_alloc                       0x0001a501   Thumb Code   114  nrf_drv_gpiote.o(i.channel_port_alloc)
    i.channel_port_get                       0x0001a578   Section        0  nrf_drv_gpiote.o(i.channel_port_get)
    channel_port_get                         0x0001a579   Thumb Code     8  nrf_drv_gpiote.o(i.channel_port_get)
    i.cmd_process                            0x0001a584   Section        0  pstorage.o(i.cmd_process)
    cmd_process                              0x0001a585   Thumb Code   346  pstorage.o(i.cmd_process)
    i.cmd_queue_dequeue                      0x0001a6ec   Section        0  pstorage.o(i.cmd_queue_dequeue)
    cmd_queue_dequeue                        0x0001a6ed   Thumb Code    40  pstorage.o(i.cmd_queue_dequeue)
    i.cmd_queue_element_init                 0x0001a718   Section        0  pstorage.o(i.cmd_queue_element_init)
    cmd_queue_element_init                   0x0001a719   Thumb Code    56  pstorage.o(i.cmd_queue_element_init)
    i.cmd_queue_enqueue                      0x0001a754   Section        0  pstorage.o(i.cmd_queue_enqueue)
    cmd_queue_enqueue                        0x0001a755   Thumb Code   148  pstorage.o(i.cmd_queue_enqueue)
    i.cmd_queue_init                         0x0001a7ec   Section        0  pstorage.o(i.cmd_queue_init)
    cmd_queue_init                           0x0001a7ed   Thumb Code    38  pstorage.o(i.cmd_queue_init)
    i.compare_reg_update                     0x0001a820   Section        0  app_timer.o(i.compare_reg_update)
    compare_reg_update                       0x0001a821   Thumb Code   122  app_timer.o(i.compare_reg_update)
    i.conn_int_check                         0x0001a8b0   Section        0  ble_advdata.o(i.conn_int_check)
    conn_int_check                           0x0001a8b1   Thumb Code    88  ble_advdata.o(i.conn_int_check)
    i.conn_int_encode                        0x0001a90c   Section        0  ble_advdata.o(i.conn_int_encode)
    conn_int_encode                          0x0001a90d   Thumb Code    92  ble_advdata.o(i.conn_int_encode)
    i.conn_params_error_handler              0x0001a968   Section        0  main.o(i.conn_params_error_handler)
    conn_params_error_handler                0x0001a969   Thumb Code    20  main.o(i.conn_params_error_handler)
    i.conn_params_init                       0x0001a97c   Section        0  main.o(i.conn_params_init)
    conn_params_init                         0x0001a97d   Thumb Code    86  main.o(i.conn_params_init)
    i.conn_params_negotiation                0x0001a9d8   Section        0  ble_conn_params.o(i.conn_params_negotiation)
    conn_params_negotiation                  0x0001a9d9   Thumb Code   126  ble_conn_params.o(i.conn_params_negotiation)
    i.connection_buttons_configure           0x0001aa6c   Section        0  bsp_btn_ble.o(i.connection_buttons_configure)
    connection_buttons_configure             0x0001aa6d   Thumb Code    90  bsp_btn_ble.o(i.connection_buttons_configure)
    i.connection_instance_find               0x0001aac8   Section        0  device_manager_peripheral.o(i.connection_instance_find)
    connection_instance_find                 0x0001aac9   Thumb Code    62  device_manager_peripheral.o(i.connection_instance_find)
    i.connection_instance_init               0x0001ab10   Section        0  device_manager_peripheral.o(i.connection_instance_init)
    connection_instance_init                 0x0001ab11   Thumb Code    50  device_manager_peripheral.o(i.connection_instance_init)
    i.current_int_priority_get               0x0001ab48   Section        0  app_timer.o(i.current_int_priority_get)
    current_int_priority_get                 0x0001ab49   Thumb Code    84  app_timer.o(i.current_int_priority_get)
    i.detection_delay_timeout_handler        0x0001aba4   Section        0  app_button.o(i.detection_delay_timeout_handler)
    detection_delay_timeout_handler          0x0001aba5   Thumb Code   122  app_button.o(i.detection_delay_timeout_handler)
    i.device_context_store                   0x0001ac30   Section        0  device_manager_peripheral.o(i.device_context_store)
    device_context_store                     0x0001ac31   Thumb Code   172  device_manager_peripheral.o(i.device_context_store)
    i.device_instance_allocate               0x0001ad00   Section        0  device_manager_peripheral.o(i.device_instance_allocate)
    device_instance_allocate                 0x0001ad01   Thumb Code   116  device_manager_peripheral.o(i.device_instance_allocate)
    i.device_instance_find                   0x0001ad7c   Section        0  device_manager_peripheral.o(i.device_instance_find)
    device_instance_find                     0x0001ad7d   Thumb Code    82  device_manager_peripheral.o(i.device_instance_find)
    i.device_instance_free                   0x0001add4   Section        0  device_manager_peripheral.o(i.device_instance_free)
    device_instance_free                     0x0001add5   Thumb Code    44  device_manager_peripheral.o(i.device_instance_free)
    i.device_manager_evt_handler             0x0001ae04   Section        0  main.o(i.device_manager_evt_handler)
    device_manager_evt_handler               0x0001ae05   Thumb Code    36  main.o(i.device_manager_evt_handler)
    i.device_manager_init                    0x0001ae28   Section        0  main.o(i.device_manager_init)
    device_manager_init                      0x0001ae29   Thumb Code   184  main.o(i.device_manager_init)
    i.dm_ble_evt_handler                     0x0001aee8   Section        0  device_manager_peripheral.o(i.dm_ble_evt_handler)
    i.dm_handle_initialize                   0x0001b510   Section        0  device_manager_peripheral.o(i.dm_handle_initialize)
    i.dm_init                                0x0001b52c   Section        0  device_manager_peripheral.o(i.dm_init)
    i.dm_pstorage_cb_handler                 0x0001b638   Section        0  device_manager_peripheral.o(i.dm_pstorage_cb_handler)
    dm_pstorage_cb_handler                   0x0001b639   Thumb Code   470  device_manager_peripheral.o(i.dm_pstorage_cb_handler)
    i.dm_register                            0x0001b830   Section        0  device_manager_peripheral.o(i.dm_register)
    i.dm_whitelist_create                    0x0001b8ec   Section        0  device_manager_peripheral.o(i.dm_whitelist_create)
    i.elapsed_ticks_acquire                  0x0001ba04   Section        0  app_timer.o(i.elapsed_ticks_acquire)
    elapsed_ticks_acquire                    0x0001ba05   Thumb Code    82  app_timer.o(i.elapsed_ticks_acquire)
    i.expired_timers_handler                 0x0001ba68   Section        0  app_timer.o(i.expired_timers_handler)
    expired_timers_handler                   0x0001ba69   Thumb Code    98  app_timer.o(i.expired_timers_handler)
    i.fifo_length                            0x0001bad4   Section        0  app_uart_fifo.o(i.fifo_length)
    fifo_length                              0x0001bad5   Thumb Code    10  app_uart_fifo.o(i.fifo_length)
    i.fifo_length                            0x0001bade   Section        0  app_fifo.o(i.fifo_length)
    fifo_length                              0x0001badf   Thumb Code    10  app_fifo.o(i.fifo_length)
    i.gap_params_init                        0x0001bae8   Section        0  main.o(i.gap_params_init)
    gap_params_init                          0x0001bae9   Thumb Code   188  main.o(i.gap_params_init)
    i.gattc_context_apply                    0x0001bbb0   Section        0  device_manager_peripheral.o(i.gattc_context_apply)
    gattc_context_apply                      0x0001bbb1   Thumb Code     6  device_manager_peripheral.o(i.gattc_context_apply)
    i.gattc_context_load                     0x0001bbb6   Section        0  device_manager_peripheral.o(i.gattc_context_load)
    gattc_context_load                       0x0001bbb7   Thumb Code     6  device_manager_peripheral.o(i.gattc_context_load)
    i.gattc_context_store                    0x0001bbbc   Section        0  device_manager_peripheral.o(i.gattc_context_store)
    gattc_context_store                      0x0001bbbd   Thumb Code     6  device_manager_peripheral.o(i.gattc_context_store)
    i.gatts_context_apply                    0x0001bbc4   Section        0  device_manager_peripheral.o(i.gatts_context_apply)
    gatts_context_apply                      0x0001bbc5   Thumb Code   210  device_manager_peripheral.o(i.gatts_context_apply)
    i.gatts_context_load                     0x0001bcac   Section        0  device_manager_peripheral.o(i.gatts_context_load)
    gatts_context_load                       0x0001bcad   Thumb Code    58  device_manager_peripheral.o(i.gatts_context_load)
    i.gatts_context_store                    0x0001bcec   Section        0  device_manager_peripheral.o(i.gatts_context_store)
    gatts_context_store                      0x0001bced   Thumb Code   188  device_manager_peripheral.o(i.gatts_context_store)
    i.gattsc_context_apply                   0x0001bdb8   Section        0  device_manager_peripheral.o(i.gattsc_context_apply)
    gattsc_context_apply                     0x0001bdb9   Thumb Code    26  device_manager_peripheral.o(i.gattsc_context_apply)
    i.gattsc_context_load                    0x0001bdd2   Section        0  device_manager_peripheral.o(i.gattsc_context_load)
    gattsc_context_load                      0x0001bdd3   Thumb Code    30  device_manager_peripheral.o(i.gattsc_context_load)
    i.gattsc_context_store                   0x0001bdf0   Section        0  device_manager_peripheral.o(i.gattsc_context_store)
    gattsc_context_store                     0x0001bdf1   Thumb Code    30  device_manager_peripheral.o(i.gattsc_context_store)
    i.gpiote_event_handler                   0x0001be10   Section        0  app_button.o(i.gpiote_event_handler)
    gpiote_event_handler                     0x0001be11   Thumb Code   110  app_button.o(i.gpiote_event_handler)
    i.ias_client_init                        0x0001be90   Section        0  main.o(i.ias_client_init)
    ias_client_init                          0x0001be91   Thumb Code    56  main.o(i.ias_client_init)
    i.ias_init                               0x0001bed8   Section        0  main.o(i.ias_init)
    ias_init                                 0x0001bed9   Thumb Code    46  main.o(i.ias_init)
    i.intern_softdevice_events_execute       0x0001bf10   Section        0  softdevice_handler.o(i.intern_softdevice_events_execute)
    i.is_conn_params_ok                      0x0001bfcc   Section        0  ble_conn_params.o(i.is_conn_params_ok)
    is_conn_params_ok                        0x0001bfcd   Thumb Code    30  ble_conn_params.o(i.is_conn_params_ok)
    i.is_disabled_in_debug_needed            0x0001bff0   Section        0  system_nrf51.o(i.is_disabled_in_debug_needed)
    is_disabled_in_debug_needed              0x0001bff1   Thumb Code    48  system_nrf51.o(i.is_disabled_in_debug_needed)
    i.is_manual_peripheral_setup_needed      0x0001c024   Section        0  system_nrf51.o(i.is_manual_peripheral_setup_needed)
    is_manual_peripheral_setup_needed        0x0001c025   Thumb Code    94  system_nrf51.o(i.is_manual_peripheral_setup_needed)
    i.is_word_aligned                        0x0001c088   Section        0  pstorage.o(i.is_word_aligned)
    is_word_aligned                          0x0001c089   Thumb Code    16  pstorage.o(i.is_word_aligned)
    i.leds_timer_handler                     0x0001c098   Section        0  bsp.o(i.leds_timer_handler)
    leds_timer_handler                       0x0001c099   Thumb Code    24  bsp.o(i.leds_timer_handler)
    i.list_deletions_handler                 0x0001c0b8   Section        0  app_timer.o(i.list_deletions_handler)
    list_deletions_handler                   0x0001c0b9   Thumb Code   174  app_timer.o(i.list_deletions_handler)
    i.list_insertions_handler                0x0001c178   Section        0  app_timer.o(i.list_insertions_handler)
    list_insertions_handler                  0x0001c179   Thumb Code   272  app_timer.o(i.list_insertions_handler)
    i.lls_init                               0x0001c2a4   Section        0  main.o(i.lls_init)
    lls_init                                 0x0001c2a5   Thumb Code   118  main.o(i.lls_init)
    i.main                                   0x0001c328   Section        0  main.o(i.main)
    i.manuf_specific_data_encode             0x0001c362   Section        0  ble_advdata.o(i.manuf_specific_data_encode)
    manuf_specific_data_encode               0x0001c363   Thumb Code   106  ble_advdata.o(i.manuf_specific_data_encode)
    i.name_encode                            0x0001c3cc   Section        0  ble_advdata.o(i.name_encode)
    name_encode                              0x0001c3cd   Thumb Code   150  ble_advdata.o(i.name_encode)
    i.no_service_context_apply               0x0001c462   Section        0  device_manager_peripheral.o(i.no_service_context_apply)
    no_service_context_apply                 0x0001c463   Thumb Code     6  device_manager_peripheral.o(i.no_service_context_apply)
    i.no_service_context_load                0x0001c468   Section        0  device_manager_peripheral.o(i.no_service_context_load)
    no_service_context_load                  0x0001c469   Thumb Code     6  device_manager_peripheral.o(i.no_service_context_load)
    i.no_service_context_store               0x0001c46e   Section        0  device_manager_peripheral.o(i.no_service_context_store)
    no_service_context_store                 0x0001c46f   Thumb Code     6  device_manager_peripheral.o(i.no_service_context_store)
    i.nrf_adc_configure                      0x0001c474   Section        0  nrf_adc.o(i.nrf_adc_configure)
    i.nrf_adc_input_select                   0x0001c4c0   Section        0  nrf_adc.o(i.nrf_adc_input_select)
    nrf_adc_input_select                     0x0001c4c1   Thumb Code    36  nrf_adc.o(i.nrf_adc_input_select)
    i.nrf_drv_common_irq_enable              0x0001c4e8   Section        0  nrf_drv_common.o(i.nrf_drv_common_irq_enable)
    i.nrf_drv_gpiote_in_event_enable         0x0001c520   Section        0  nrf_drv_gpiote.o(i.nrf_drv_gpiote_in_event_enable)
    i.nrf_drv_gpiote_in_init                 0x0001c5d0   Section        0  nrf_drv_gpiote.o(i.nrf_drv_gpiote_in_init)
    i.nrf_drv_gpiote_in_is_set               0x0001c6c0   Section        0  nrf_drv_gpiote.o(i.nrf_drv_gpiote_in_is_set)
    i.nrf_drv_gpiote_init                    0x0001c6e0   Section        0  nrf_drv_gpiote.o(i.nrf_drv_gpiote_init)
    i.nrf_drv_gpiote_is_init                 0x0001c730   Section        0  nrf_drv_gpiote.o(i.nrf_drv_gpiote_is_init)
    i.nrf_gpio_cfg_sense_set                 0x0001c744   Section        0  nrf_drv_gpiote.o(i.nrf_gpio_cfg_sense_set)
    nrf_gpio_cfg_sense_set                   0x0001c745   Thumb Code    70  nrf_drv_gpiote.o(i.nrf_gpio_cfg_sense_set)
    i.nrf_gpiote_event_addr_get              0x0001c78c   Section        0  nrf_drv_gpiote.o(i.nrf_gpiote_event_addr_get)
    nrf_gpiote_event_addr_get                0x0001c78d   Thumb Code     8  nrf_drv_gpiote.o(i.nrf_gpiote_event_addr_get)
    i.nrf_gpiote_event_clear                 0x0001c798   Section        0  nrf_drv_gpiote.o(i.nrf_gpiote_event_clear)
    nrf_gpiote_event_clear                   0x0001c799   Thumb Code    16  nrf_drv_gpiote.o(i.nrf_gpiote_event_clear)
    i.nrf_gpiote_event_is_set                0x0001c7a8   Section        0  nrf_drv_gpiote.o(i.nrf_gpiote_event_is_set)
    nrf_gpiote_event_is_set                  0x0001c7a9   Thumb Code    22  nrf_drv_gpiote.o(i.nrf_gpiote_event_is_set)
    i.nrf_gpiote_int_enable                  0x0001c7c0   Section        0  nrf_drv_gpiote.o(i.nrf_gpiote_int_enable)
    nrf_gpiote_int_enable                    0x0001c7c1   Thumb Code     6  nrf_drv_gpiote.o(i.nrf_gpiote_int_enable)
    i.on_auth_status                         0x0001c7cc   Section        0  ble_lls.o(i.on_auth_status)
    on_auth_status                           0x0001c7cd   Thumb Code    32  ble_lls.o(i.on_auth_status)
    i.on_bas_evt                             0x0001c7ec   Section        0  main.o(i.on_bas_evt)
    on_bas_evt                               0x0001c7ed   Thumb Code   102  main.o(i.on_bas_evt)
    i.on_ble_evt                             0x0001c858   Section        0  main.o(i.on_ble_evt)
    on_ble_evt                               0x0001c859   Thumb Code   196  main.o(i.on_ble_evt)
    i.on_char_disc_resp                      0x0001c924   Section        0  ble_ias_c.o(i.on_char_disc_resp)
    on_char_disc_resp                        0x0001c925   Thumb Code   122  ble_ias_c.o(i.on_char_disc_resp)
    i.on_conn_params_update                  0x0001c9a4   Section        0  ble_conn_params.o(i.on_conn_params_update)
    on_conn_params_update                    0x0001c9a5   Thumb Code    20  ble_conn_params.o(i.on_conn_params_update)
    i.on_connect                             0x0001c9bc   Section        0  ble_bas.o(i.on_connect)
    on_connect                               0x0001c9bd   Thumb Code     6  ble_bas.o(i.on_connect)
    i.on_connect                             0x0001c9c4   Section        0  ble_conn_params.o(i.on_connect)
    on_connect                               0x0001c9c5   Thumb Code    42  ble_conn_params.o(i.on_connect)
    i.on_connect                             0x0001ca00   Section        0  ble_ias.o(i.on_connect)
    on_connect                               0x0001ca01   Thumb Code     6  ble_ias.o(i.on_connect)
    i.on_connect                             0x0001ca08   Section        0  ble_ias_c.o(i.on_connect)
    on_connect                               0x0001ca09   Thumb Code    34  ble_ias_c.o(i.on_connect)
    i.on_connect                             0x0001ca30   Section        0  ble_lls.o(i.on_connect)
    on_connect                               0x0001ca31   Thumb Code    28  ble_lls.o(i.on_connect)
    i.on_connect                             0x0001ca4c   Section        0  ble_tps.o(i.on_connect)
    on_connect                               0x0001ca4d   Thumb Code     6  ble_tps.o(i.on_connect)
    i.on_cts_high                            0x0001ca54   Section        0  app_uart_fifo.o(i.on_cts_high)
    on_cts_high                              0x0001ca55   Thumb Code    36  app_uart_fifo.o(i.on_cts_high)
    i.on_cts_low                             0x0001ca7c   Section        0  app_uart_fifo.o(i.on_cts_low)
    on_cts_low                               0x0001ca7d   Thumb Code    66  app_uart_fifo.o(i.on_cts_low)
    i.on_disconnect                          0x0001cad0   Section        0  ble_bas.o(i.on_disconnect)
    on_disconnect                            0x0001cad1   Thumb Code     8  ble_bas.o(i.on_disconnect)
    i.on_disconnect                          0x0001cad8   Section        0  ble_conn_params.o(i.on_disconnect)
    on_disconnect                            0x0001cad9   Thumb Code    50  ble_conn_params.o(i.on_disconnect)
    i.on_disconnect                          0x0001cb1c   Section        0  ble_ias_c.o(i.on_disconnect)
    on_disconnect                            0x0001cb1d   Thumb Code    38  ble_ias_c.o(i.on_disconnect)
    i.on_disconnect                          0x0001cb42   Section        0  ble_lls.o(i.on_disconnect)
    on_disconnect                            0x0001cb43   Thumb Code    58  ble_lls.o(i.on_disconnect)
    i.on_ias_c_evt                           0x0001cb7c   Section        0  main.o(i.on_ias_c_evt)
    on_ias_c_evt                             0x0001cb7d   Thumb Code    40  main.o(i.on_ias_c_evt)
    i.on_ias_evt                             0x0001cba8   Section        0  main.o(i.on_ias_evt)
    on_ias_evt                               0x0001cba9   Thumb Code    26  main.o(i.on_ias_evt)
    i.on_lls_evt                             0x0001cbc2   Section        0  main.o(i.on_lls_evt)
    on_lls_evt                               0x0001cbc3   Thumb Code    26  main.o(i.on_lls_evt)
    i.on_srv_disc_resp                       0x0001cbdc   Section        0  ble_ias_c.o(i.on_srv_disc_resp)
    on_srv_disc_resp                         0x0001cbdd   Thumb Code    52  ble_ias_c.o(i.on_srv_disc_resp)
    i.on_sys_evt                             0x0001cc10   Section        0  main.o(i.on_sys_evt)
    on_sys_evt                               0x0001cc11   Thumb Code    42  main.o(i.on_sys_evt)
    i.on_tx_ready                            0x0001cc40   Section        0  app_uart_fifo.o(i.on_tx_ready)
    on_tx_ready                              0x0001cc41   Thumb Code    38  app_uart_fifo.o(i.on_tx_ready)
    i.on_uart_close                          0x0001cc6c   Section        0  app_uart_fifo.o(i.on_uart_close)
    on_uart_close                            0x0001cc6d   Thumb Code     8  app_uart_fifo.o(i.on_uart_close)
    i.on_uart_event                          0x0001cc74   Section        0  app_uart_fifo.o(i.on_uart_event)
    on_uart_event                            0x0001cc75   Thumb Code    54  app_uart_fifo.o(i.on_uart_event)
    i.on_uart_put                            0x0001ccac   Section        0  app_uart_fifo.o(i.on_uart_put)
    on_uart_put                              0x0001ccad   Thumb Code    16  app_uart_fifo.o(i.on_uart_put)
    i.on_write                               0x0001ccc0   Section        0  ble_bas.o(i.on_write)
    on_write                                 0x0001ccc1   Thumb Code    80  ble_bas.o(i.on_write)
    i.on_write                               0x0001cd10   Section        0  ble_conn_params.o(i.on_write)
    on_write                                 0x0001cd11   Thumb Code    84  ble_conn_params.o(i.on_write)
    i.on_write                               0x0001cd6c   Section        0  ble_ias.o(i.on_write)
    on_write                                 0x0001cd6d   Thumb Code    44  ble_ias.o(i.on_write)
    i.peer_instance_init                     0x0001cd98   Section        0  device_manager_peripheral.o(i.peer_instance_init)
    peer_instance_init                       0x0001cd99   Thumb Code    76  device_manager_peripheral.o(i.peer_instance_init)
    i.pin_from_port_get                      0x0001cde8   Section        0  nrf_drv_gpiote.o(i.pin_from_port_get)
    pin_from_port_get                        0x0001cde9   Thumb Code     8  nrf_drv_gpiote.o(i.pin_from_port_get)
    i.pin_in_use_by_gpiote                   0x0001cdf4   Section        0  nrf_drv_gpiote.o(i.pin_in_use_by_gpiote)
    pin_in_use_by_gpiote                     0x0001cdf5   Thumb Code    20  nrf_drv_gpiote.o(i.pin_in_use_by_gpiote)
    i.pin_in_use_by_port                     0x0001ce0c   Section        0  nrf_drv_gpiote.o(i.pin_in_use_by_port)
    pin_in_use_by_port                       0x0001ce0d   Thumb Code    18  nrf_drv_gpiote.o(i.pin_in_use_by_port)
    i.pin_in_use_by_te                       0x0001ce24   Section        0  nrf_drv_gpiote.o(i.pin_in_use_by_te)
    pin_in_use_by_te                         0x0001ce25   Thumb Code    26  nrf_drv_gpiote.o(i.pin_in_use_by_te)
    i.pin_in_use_clear                       0x0001ce44   Section        0  nrf_drv_gpiote.o(i.pin_in_use_clear)
    pin_in_use_clear                         0x0001ce45   Thumb Code    10  nrf_drv_gpiote.o(i.pin_in_use_clear)
    i.power_manage                           0x0001ce54   Section        0  main.o(i.power_manage)
    power_manage                             0x0001ce55   Thumb Code    32  main.o(i.power_manage)
    i.pstorage_access_status_get             0x0001ce74   Section        0  pstorage.o(i.pstorage_access_status_get)
    i.pstorage_block_identifier_get          0x0001cea0   Section        0  pstorage.o(i.pstorage_block_identifier_get)
    i.pstorage_clear                         0x0001cf30   Section        0  pstorage.o(i.pstorage_clear)
    i.pstorage_flash_page_end                0x0001cfe0   Section        0  pstorage.o(i.pstorage_flash_page_end)
    pstorage_flash_page_end                  0x0001cfe1   Thumb Code    34  pstorage.o(i.pstorage_flash_page_end)
    i.pstorage_flash_page_size               0x0001d008   Section        0  pstorage.o(i.pstorage_flash_page_size)
    pstorage_flash_page_size                 0x0001d009   Thumb Code    10  pstorage.o(i.pstorage_flash_page_size)
    i.pstorage_init                          0x0001d014   Section        0  pstorage.o(i.pstorage_init)
    i.pstorage_load                          0x0001d0b0   Section        0  pstorage.o(i.pstorage_load)
    i.pstorage_register                      0x0001d19c   Section        0  pstorage.o(i.pstorage_register)
    i.pstorage_store                         0x0001d2dc   Section        0  pstorage.o(i.pstorage_store)
    i.pstorage_sys_event_handler             0x0001d3b0   Section        0  pstorage.o(i.pstorage_sys_event_handler)
    i.pstorage_update                        0x0001d574   Section        0  pstorage.o(i.pstorage_update)
    i.rtc1_counter_get                       0x0001d648   Section        0  app_timer.o(i.rtc1_counter_get)
    rtc1_counter_get                         0x0001d649   Thumb Code     6  app_timer.o(i.rtc1_counter_get)
    i.rtc1_init                              0x0001d654   Section        0  app_timer.o(i.rtc1_init)
    rtc1_init                                0x0001d655   Thumb Code    18  app_timer.o(i.rtc1_init)
    i.rtc1_start                             0x0001d66c   Section        0  app_timer.o(i.rtc1_start)
    rtc1_start                               0x0001d66d   Thumb Code    48  app_timer.o(i.rtc1_start)
    i.rtc1_stop                              0x0001d6a8   Section        0  app_timer.o(i.rtc1_stop)
    rtc1_stop                                0x0001d6a9   Thumb Code    66  app_timer.o(i.rtc1_stop)
    i.service_data_encode                    0x0001d700   Section        0  ble_advdata.o(i.service_data_encode)
    service_data_encode                      0x0001d701   Thumb Code   140  ble_advdata.o(i.service_data_encode)
    i.service_error_handler                  0x0001d78c   Section        0  main.o(i.service_error_handler)
    service_error_handler                    0x0001d78d   Thumb Code    20  main.o(i.service_error_handler)
    i.services_init                          0x0001d7a0   Section        0  main.o(i.services_init)
    services_init                            0x0001d7a1   Thumb Code    24  main.o(i.services_init)
    i.sleep_mode_enter                       0x0001d7b8   Section        0  main.o(i.sleep_mode_enter)
    sleep_mode_enter                         0x0001d7b9   Thumb Code    94  main.o(i.sleep_mode_enter)
    i.softdevice_assertion_handler           0x0001d816   Section        0  softdevice_handler.o(i.softdevice_assertion_handler)
    i.softdevice_ble_evt_handler_set         0x0001d828   Section        0  softdevice_handler.o(i.softdevice_ble_evt_handler_set)
    i.softdevice_handler_init                0x0001d840   Section        0  softdevice_handler.o(i.softdevice_handler_init)
    i.softdevice_sys_evt_handler_set         0x0001d8a8   Section        0  softdevice_handler.o(i.softdevice_sys_evt_handler_set)
    i.srdata_check                           0x0001d8c0   Section        0  ble_advdata.o(i.srdata_check)
    srdata_check                             0x0001d8c1   Thumb Code    16  ble_advdata.o(i.srdata_check)
    i.startup_event_extract                  0x0001d8d0   Section        0  bsp_btn_ble.o(i.startup_event_extract)
    startup_event_extract                    0x0001d8d1   Thumb Code    84  bsp_btn_ble.o(i.startup_event_extract)
    i.storage_operation_dummy_handler        0x0001d924   Section        0  device_manager_peripheral.o(i.storage_operation_dummy_handler)
    storage_operation_dummy_handler          0x0001d925   Thumb Code     8  device_manager_peripheral.o(i.storage_operation_dummy_handler)
    i.swap_state_process                     0x0001d92c   Section        0  pstorage.o(i.swap_state_process)
    swap_state_process                       0x0001d92d   Thumb Code   430  pstorage.o(i.swap_state_process)
    i.sys_evt_dispatch                       0x0001dae0   Section        0  main.o(i.sys_evt_dispatch)
    sys_evt_dispatch                         0x0001dae1   Thumb Code    18  main.o(i.sys_evt_dispatch)
    i.ticks_diff_get                         0x0001daf2   Section        0  app_timer.o(i.ticks_diff_get)
    ticks_diff_get                           0x0001daf3   Thumb Code    10  app_timer.o(i.ticks_diff_get)
    i.timeout_handler_exec                   0x0001dafc   Section        0  app_timer.o(i.timeout_handler_exec)
    timeout_handler_exec                     0x0001dafd   Thumb Code    58  app_timer.o(i.timeout_handler_exec)
    i.timer_list_handler                     0x0001db3c   Section        0  app_timer.o(i.timer_list_handler)
    timer_list_handler                       0x0001db3d   Thumb Code    76  app_timer.o(i.timer_list_handler)
    i.timer_list_handler_sched               0x0001db94   Section        0  app_timer.o(i.timer_list_handler_sched)
    timer_list_handler_sched                 0x0001db95   Thumb Code    10  app_timer.o(i.timer_list_handler_sched)
    i.timer_list_insert                      0x0001dba0   Section        0  app_timer.o(i.timer_list_insert)
    timer_list_insert                        0x0001dba1   Thumb Code   206  app_timer.o(i.timer_list_insert)
    i.timer_list_remove                      0x0001dc78   Section        0  app_timer.o(i.timer_list_remove)
    timer_list_remove                        0x0001dc79   Thumb Code   176  app_timer.o(i.timer_list_remove)
    i.timer_start_op_schedule                0x0001dd3c   Section        0  app_timer.o(i.timer_start_op_schedule)
    timer_start_op_schedule                  0x0001dd3d   Thumb Code    80  app_timer.o(i.timer_start_op_schedule)
    i.timer_stop_op_schedule                 0x0001dd90   Section        0  app_timer.o(i.timer_stop_op_schedule)
    timer_stop_op_schedule                   0x0001dd91   Thumb Code    58  app_timer.o(i.timer_stop_op_schedule)
    i.timer_timeouts_check                   0x0001ddd0   Section        0  app_timer.o(i.timer_timeouts_check)
    timer_timeouts_check                     0x0001ddd1   Thumb Code   128  app_timer.o(i.timer_timeouts_check)
    i.timer_timeouts_check_sched             0x0001de68   Section        0  app_timer.o(i.timer_timeouts_check_sched)
    timer_timeouts_check_sched               0x0001de69   Thumb Code    10  app_timer.o(i.timer_timeouts_check_sched)
    i.timers_init                            0x0001de74   Section        0  main.o(i.timers_init)
    timers_init                              0x0001de75   Thumb Code    84  main.o(i.timers_init)
    i.tps_init                               0x0001ded4   Section        0  main.o(i.tps_init)
    tps_init                                 0x0001ded5   Thumb Code   104  main.o(i.tps_init)
    i.tx_power_level_char_add                0x0001df40   Section        0  ble_tps.o(i.tx_power_level_char_add)
    tx_power_level_char_add                  0x0001df41   Thumb Code   170  ble_tps.o(i.tx_power_level_char_add)
    i.tx_power_level_encode                  0x0001dff0   Section        0  ble_advdata.o(i.tx_power_level_encode)
    tx_power_level_encode                    0x0001dff1   Thumb Code    48  ble_advdata.o(i.tx_power_level_encode)
    i.uint16_encode                          0x0001e020   Section        0  ble_advdata.o(i.uint16_encode)
    uint16_encode                            0x0001e021   Thumb Code    18  ble_advdata.o(i.uint16_encode)
    i.update_status_bit_reset                0x0001e034   Section        0  device_manager_peripheral.o(i.update_status_bit_reset)
    update_status_bit_reset                  0x0001e035   Thumb Code    16  device_manager_peripheral.o(i.update_status_bit_reset)
    i.update_timeout_handler                 0x0001e048   Section        0  ble_conn_params.o(i.update_timeout_handler)
    update_timeout_handler                   0x0001e049   Thumb Code   136  ble_conn_params.o(i.update_timeout_handler)
    i.user_id_get                            0x0001e0e4   Section        0  app_timer.o(i.user_id_get)
    user_id_get                              0x0001e0e5   Thumb Code    34  app_timer.o(i.user_id_get)
    i.user_op_alloc                          0x0001e106   Section        0  app_timer.o(i.user_op_alloc)
    user_op_alloc                            0x0001e107   Thumb Code    44  app_timer.o(i.user_op_alloc)
    i.user_op_enque                          0x0001e132   Section        0  app_timer.o(i.user_op_enque)
    user_op_enque                            0x0001e133   Thumb Code     4  app_timer.o(i.user_op_enque)
    i.uuid_list_encode                       0x0001e136   Section        0  ble_advdata.o(i.uuid_list_encode)
    uuid_list_encode                         0x0001e137   Thumb Code    64  ble_advdata.o(i.uuid_list_encode)
    i.uuid_list_sized_encode                 0x0001e176   Section        0  ble_advdata.o(i.uuid_list_sized_encode)
    uuid_list_sized_encode                   0x0001e177   Thumb Code   196  ble_advdata.o(i.uuid_list_sized_encode)
    i.write_characteristic_value             0x0001e23a   Section        0  ble_ias_c.o(i.write_characteristic_value)
    write_characteristic_value               0x0001e23b   Thumb Code    42  ble_ias_c.o(i.write_characteristic_value)
    .constdata                               0x0001e264   Section       20  main.o(.constdata)
    .constdata                               0x0001e278   Section       48  bsp.o(.constdata)
    m_buttons_list                           0x0001e278   Data          16  bsp.o(.constdata)
    app_buttons                              0x0001e288   Data          32  bsp.o(.constdata)
    .constdata                               0x0001e2a8   Section       52  device_manager_peripheral.o(.constdata)
    .constdata                               0x0001e2dc   Section        4  app_button.o(.constdata)
    .data                                    0x20002000   Section       13  main.o(.data)
    m_conn_handle                            0x20002000   Data           2  main.o(.data)
    m_is_ias_present                         0x20002002   Data           1  main.o(.data)
    m_memory_access_in_progress              0x20002003   Data           1  main.o(.data)
    m_advertising_mode                       0x20002004   Data           1  main.o(.data)
    m_is_high_alert_signalled                0x20002005   Data           1  main.o(.data)
    m_battery_timer_id                       0x20002008   Data           4  main.o(.data)
    m_app_handle                             0x2000200c   Data           1  main.o(.data)
    .data                                    0x20002010   Section       36  bsp.o(.data)
    m_stable_state                           0x20002010   Data           1  bsp.o(.data)
    m_app_ticks_per_100ms                    0x20002014   Data           4  bsp.o(.data)
    m_indication_type                        0x20002018   Data           4  bsp.o(.data)
    m_registered_callback                    0x2000201c   Data           4  bsp.o(.data)
    current_long_push_pin_no                 0x20002020   Data           1  bsp.o(.data)
    release_event_at_push                    0x20002021   Data           4  bsp.o(.data)
    m_leds_timer_id                          0x20002028   Data           4  bsp.o(.data)
    m_alert_timer_id                         0x2000202c   Data           4  bsp.o(.data)
    m_button_timer_id                        0x20002030   Data           4  bsp.o(.data)
    .data                                    0x20002034   Section        8  bsp_btn_ble.o(.data)
    m_error_handler                          0x20002034   Data           4  bsp_btn_ble.o(.data)
    m_num_connections                        0x20002038   Data           4  bsp_btn_ble.o(.data)
    .data                                    0x2000203c   Section        4  system_nrf51.o(.data)
    __tagsym$$used                           0x2000203c   Number         0  system_nrf51.o(.data)
    .data                                    0x20002040   Section       28  ble_conn_params.o(.data)
    m_change_param                           0x20002040   Data           1  ble_conn_params.o(.data)
    m_preferred_conn_params                  0x20002042   Data           8  ble_conn_params.o(.data)
    m_update_count                           0x2000204a   Data           1  ble_conn_params.o(.data)
    m_conn_handle                            0x2000204c   Data           2  ble_conn_params.o(.data)
    m_current_conn_params                    0x2000204e   Data           8  ble_conn_params.o(.data)
    m_conn_params_timer_id                   0x20002058   Data           4  ble_conn_params.o(.data)
    .data                                    0x2000205c   Section        4  ble_ias_c.o(.data)
    m_alert_level_uuid                       0x2000205c   Data           4  ble_ias_c.o(.data)
    .data                                    0x20002060   Section       23  device_manager_peripheral.o(.data)
    m_module_initialized                     0x20002060   Data           1  device_manager_peripheral.o(.data)
    m_storage_handle                         0x20002064   Data           8  device_manager_peripheral.o(.data)
    m_peer_addr_update                       0x2000206c   Data           4  device_manager_peripheral.o(.data)
    m_irk_index_table                        0x20002070   Data           7  device_manager_peripheral.o(.data)
    .data                                    0x20002078   Section        8  app_uart_fifo.o(.data)
    m_instance_counter                       0x20002078   Data           1  app_uart_fifo.o(.data)
    m_current_state                          0x20002079   Data           1  app_uart_fifo.o(.data)
    m_event_handler                          0x2000207c   Data           4  app_uart_fifo.o(.data)
    .data                                    0x20002080   Section       11  pstorage.o(.data)
    m_module_initialized                     0x20002080   Data           1  pstorage.o(.data)
    m_next_app_instance                      0x20002082   Data           2  pstorage.o(.data)
    m_next_page_addr                         0x20002084   Data           4  pstorage.o(.data)
    m_round_val                              0x20002088   Data           2  pstorage.o(.data)
    m_swap_state                             0x2000208a   Data           1  pstorage.o(.data)
    .data                                    0x2000208c   Section       24  app_button.o(.data)
    mp_buttons                               0x2000208c   Data           4  app_button.o(.data)
    m_button_count                           0x20002090   Data           1  app_button.o(.data)
    m_detection_delay                        0x20002094   Data           4  app_button.o(.data)
    m_detection_delay_timer_id               0x20002098   Data           4  app_button.o(.data)
    m_pin_state                              0x2000209c   Data           4  app_button.o(.data)
    m_pin_transition                         0x200020a0   Data           4  app_button.o(.data)
    .data                                    0x200020a4   Section       38  app_timer.o(.data)
    mp_nodes                                 0x200020a4   Data           4  app_timer.o(.data)
    m_node_array_size                        0x200020a8   Data           1  app_timer.o(.data)
    m_user_array_size                        0x200020a9   Data           1  app_timer.o(.data)
    mp_users                                 0x200020ac   Data           4  app_timer.o(.data)
    m_timer_id_head                          0x200020b0   Data           4  app_timer.o(.data)
    m_ticks_latest                           0x200020b4   Data           4  app_timer.o(.data)
    m_ticks_elapsed                          0x200020b8   Data           8  app_timer.o(.data)
    m_ticks_elapsed_q_read_ind               0x200020c0   Data           1  app_timer.o(.data)
    m_ticks_elapsed_q_write_ind              0x200020c1   Data           1  app_timer.o(.data)
    m_evt_schedule_func                      0x200020c4   Data           4  app_timer.o(.data)
    m_rtc1_running                           0x200020c8   Data           1  app_timer.o(.data)
    m_rtc1_reset                             0x200020c9   Data           1  app_timer.o(.data)
    .data                                    0x200020cc   Section       24  softdevice_handler.o(.data)
    m_softdevice_enabled                     0x200020cc   Data           1  softdevice_handler.o(.data)
    m_evt_schedule_func                      0x200020d0   Data           4  softdevice_handler.o(.data)
    mp_ble_evt_buffer                        0x200020d4   Data           4  softdevice_handler.o(.data)
    m_ble_evt_buffer_size                    0x200020d8   Data           2  softdevice_handler.o(.data)
    m_ble_evt_handler                        0x200020dc   Data           4  softdevice_handler.o(.data)
    m_sys_evt_handler                        0x200020e0   Data           4  softdevice_handler.o(.data)
    .bss                                     0x200020e4   Section      996  main.o(.bss)
    APP_TIMER_BUF                            0x200020e4   Data         840  main.o(.bss)
    BLE_EVT_BUFFER                           0x2000242c   Data          72  main.o(.bss)
    m_tps                                    0x20002474   Data          12  main.o(.bss)
    m_ias                                    0x20002480   Data          16  main.o(.bss)
    m_lls                                    0x20002490   Data          20  main.o(.bss)
    m_bas                                    0x200024a4   Data          24  main.o(.bss)
    m_ias_c                                  0x200024bc   Data          12  main.o(.bss)
    .bss                                     0x200024c8   Section       12  bsp.o(.bss)
    m_events_list                            0x200024c8   Data          12  bsp.o(.bss)
    .bss                                     0x200024d4   Section       28  ble_conn_params.o(.bss)
    m_conn_params_config                     0x200024d4   Data          28  ble_conn_params.o(.bss)
    .bss                                     0x200024f0   Section      287  device_manager_peripheral.o(.bss)
    m_peer_table                             0x200024f0   Data         196  device_manager_peripheral.o(.bss)
    m_bond_table                             0x200025b4   Data          28  device_manager_peripheral.o(.bss)
    m_gatts_table                            0x200025d0   Data          16  device_manager_peripheral.o(.bss)
    m_connection_table                       0x200025e0   Data          12  device_manager_peripheral.o(.bss)
    m_application_table                      0x200025ec   Data          12  device_manager_peripheral.o(.bss)
    m_local_id_info                          0x200025f8   Data          23  device_manager_peripheral.o(.bss)
    .bss                                     0x20002610   Section       32  app_uart_fifo.o(.bss)
    m_rx_fifo                                0x20002610   Data          16  app_uart_fifo.o(.bss)
    m_tx_fifo                                0x20002620   Data          16  app_uart_fifo.o(.bss)
    .bss                                     0x20002630   Section       84  nrf_drv_gpiote.o(.bss)
    m_cb                                     0x20002630   Data          84  nrf_drv_gpiote.o(.bss)
    .bss                                     0x20002684   Section      220  pstorage.o(.bss)
    m_cmd_queue                              0x20002684   Data         204  pstorage.o(.bss)
    m_app_table                              0x20002750   Data          16  pstorage.o(.bss)
    STACK                                    0x20002760   Section     2048  arm_startup_nrf51.o(STACK)

    Global Symbols

    Symbol Name                              Value     Ov Type        Size  Object(Section)

    BuildAttributes$$THM_ISAv3M$S$PE$A:L22$X:L11$S22$IEEE1$IW$USESV6$~STKCKD$USESV7$~SHL$OSPACE$EBA8$MICROLIB$REQ8$PRES8$EABIv2 0x00000000   Number         0  anon$$obj.o ABSOLUTE
    __ARM_use_no_argv                        0x00000000   Number         0  main.o ABSOLUTE
    __cpp_initialize__aeabi_                  - Undefined Weak Reference
    __cxa_finalize                            - Undefined Weak Reference
    __decompress                              - Undefined Weak Reference
    _clock_init                               - Undefined Weak Reference
    _microlib_exit                            - Undefined Weak Reference
    __Vectors_Size                           0x000000c0   Number         0  arm_startup_nrf51.o ABSOLUTE
    __Vectors                                0x00018000   Data           4  arm_startup_nrf51.o(RESET)
    __Vectors_End                            0x000180c0   Data           0  arm_startup_nrf51.o(RESET)
    __main                                   0x000180c1   Thumb Code     0  entry.o(.ARM.Collect$$$$00000000)
    _main_stk                                0x000180c1   Thumb Code     0  entry2.o(.ARM.Collect$$$$00000001)
    _main_scatterload                        0x000180c5   Thumb Code     0  entry5.o(.ARM.Collect$$$$00000004)
    __main_after_scatterload                 0x000180c9   Thumb Code     0  entry5.o(.ARM.Collect$$$$00000004)
    _main_clock                              0x000180c9   Thumb Code     0  entry7b.o(.ARM.Collect$$$$00000008)
    _main_cpp_init                           0x000180c9   Thumb Code     0  entry8b.o(.ARM.Collect$$$$0000000A)
    _main_init                               0x000180c9   Thumb Code     0  entry9a.o(.ARM.Collect$$$$0000000B)
    __rt_final_cpp                           0x000180d1   Thumb Code     0  entry10a.o(.ARM.Collect$$$$0000000D)
    __rt_final_exit                          0x000180d1   Thumb Code     0  entry11a.o(.ARM.Collect$$$$0000000F)
    __asm___11_app_timer_c_cd27f9c3__nrf_delay_us 0x000180d5   Thumb Code    30  app_timer.o(.emb_text)
    Reset_Handler                            0x000180f5   Thumb Code    26  arm_startup_nrf51.o(.text)
    NMI_Handler                              0x0001810f   Thumb Code     2  arm_startup_nrf51.o(.text)
    HardFault_Handler                        0x00018111   Thumb Code     2  arm_startup_nrf51.o(.text)
    SVC_Handler                              0x00018113   Thumb Code     2  arm_startup_nrf51.o(.text)
    PendSV_Handler                           0x00018115   Thumb Code     2  arm_startup_nrf51.o(.text)
    SysTick_Handler                          0x00018117   Thumb Code     2  arm_startup_nrf51.o(.text)
    CCM_AAR_IRQHandler                       0x00018119   Thumb Code     0  arm_startup_nrf51.o(.text)
    ECB_IRQHandler                           0x00018119   Thumb Code     0  arm_startup_nrf51.o(.text)
    LPCOMP_IRQHandler                        0x00018119   Thumb Code     0  arm_startup_nrf51.o(.text)
    POWER_CLOCK_IRQHandler                   0x00018119   Thumb Code     0  arm_startup_nrf51.o(.text)
    QDEC_IRQHandler                          0x00018119   Thumb Code     0  arm_startup_nrf51.o(.text)
    RADIO_IRQHandler                         0x00018119   Thumb Code     0  arm_startup_nrf51.o(.text)
    RNG_IRQHandler                           0x00018119   Thumb Code     0  arm_startup_nrf51.o(.text)
    RTC0_IRQHandler                          0x00018119   Thumb Code     0  arm_startup_nrf51.o(.text)
    SPI0_TWI0_IRQHandler                     0x00018119   Thumb Code     0  arm_startup_nrf51.o(.text)
    SPI1_TWI1_IRQHandler                     0x00018119   Thumb Code     0  arm_startup_nrf51.o(.text)
    SWI1_IRQHandler                          0x00018119   Thumb Code     0  arm_startup_nrf51.o(.text)
    SWI3_IRQHandler                          0x00018119   Thumb Code     0  arm_startup_nrf51.o(.text)
    SWI4_IRQHandler                          0x00018119   Thumb Code     0  arm_startup_nrf51.o(.text)
    SWI5_IRQHandler                          0x00018119   Thumb Code     0  arm_startup_nrf51.o(.text)
    TEMP_IRQHandler                          0x00018119   Thumb Code     0  arm_startup_nrf51.o(.text)
    TIMER0_IRQHandler                        0x00018119   Thumb Code     0  arm_startup_nrf51.o(.text)
    TIMER1_IRQHandler                        0x00018119   Thumb Code     0  arm_startup_nrf51.o(.text)
    TIMER2_IRQHandler                        0x00018119   Thumb Code     0  arm_startup_nrf51.o(.text)
    WDT_IRQHandler                           0x00018119   Thumb Code     0  arm_startup_nrf51.o(.text)
    __aeabi_uidiv                            0x0001812d   Thumb Code     0  uidiv.o(.text)
    __aeabi_uidivmod                         0x0001812d   Thumb Code    44  uidiv.o(.text)
    __aeabi_idiv                             0x00018159   Thumb Code     0  idiv.o(.text)
    __aeabi_idivmod                          0x00018159   Thumb Code    40  idiv.o(.text)
    __aeabi_memcpy                           0x00018181   Thumb Code    36  memcpya.o(.text)
    __aeabi_memcpy4                          0x00018181   Thumb Code     0  memcpya.o(.text)
    __aeabi_memcpy8                          0x00018181   Thumb Code     0  memcpya.o(.text)
    __aeabi_memset                           0x000181a5   Thumb Code    14  memseta.o(.text)
    __aeabi_memset4                          0x000181a5   Thumb Code     0  memseta.o(.text)
    __aeabi_memset8                          0x000181a5   Thumb Code     0  memseta.o(.text)
    __aeabi_memclr                           0x000181b3   Thumb Code     4  memseta.o(.text)
    __aeabi_memclr4                          0x000181b3   Thumb Code     0  memseta.o(.text)
    __aeabi_memclr8                          0x000181b3   Thumb Code     0  memseta.o(.text)
    _memset$wrapper                          0x000181b7   Thumb Code    18  memseta.o(.text)
    memcmp                                   0x000181c9   Thumb Code    26  memcmp.o(.text)
    __scatterload                            0x000181e5   Thumb Code    28  init.o(.text)
    __scatterload_rt2                        0x000181e5   Thumb Code     0  init.o(.text)
    ADC_IRQHandler                           0x00018209   Thumb Code   120  main.o(i.ADC_IRQHandler)
    GPIOTE_IRQHandler                        0x00018295   Thumb Code   370  nrf_drv_gpiote.o(i.GPIOTE_IRQHandler)
    RTC1_IRQHandler                          0x00018541   Thumb Code    34  app_timer.o(i.RTC1_IRQHandler)
    SWI0_IRQHandler                          0x00018569   Thumb Code     8  app_timer.o(i.SWI0_IRQHandler)
    SWI2_IRQHandler                          0x00018571   Thumb Code    50  softdevice_handler.o(i.SWI2_IRQHandler)
    SystemInit                               0x000185a9   Thumb Code    38  system_nrf51.o(i.SystemInit)
    UART0_IRQHandler                         0x000185e1   Thumb Code   142  app_uart_fifo.o(i.UART0_IRQHandler)
    __ARM_common_switch8                     0x00018681   Thumb Code    28  bsp.o(i.__ARM_common_switch8)
    __scatterload_copy                       0x0001869d   Thumb Code    14  handlers.o(i.__scatterload_copy)
    __scatterload_null                       0x000186ab   Thumb Code     2  handlers.o(i.__scatterload_null)
    __scatterload_zeroinit                   0x000186ad   Thumb Code    14  handlers.o(i.__scatterload_zeroinit)
    action_tx_stop                           0x0001872d   Thumb Code    28  app_uart_fifo.o(i.action_tx_stop)
    app_button_enable                        0x00018ded   Thumb Code    34  app_button.o(i.app_button_enable)
    app_button_init                          0x00018e19   Thumb Code   128  app_button.o(i.app_button_init)
    app_error_handler                        0x00018ebd   Thumb Code    22  app_error.o(i.app_error_handler)
    app_fifo_get                             0x00018ef9   Thumb Code    42  app_fifo.o(i.app_fifo_get)
    app_fifo_put                             0x00018f23   Thumb Code    42  app_fifo.o(i.app_fifo_put)
    app_timer_create                         0x00018f75   Thumb Code   108  app_timer.o(i.app_timer_create)
    app_timer_init                           0x00018fe9   Thumb Code   202  app_timer.o(i.app_timer_init)
    app_timer_start                          0x000190d9   Thumb Code    98  app_timer.o(i.app_timer_start)
    app_timer_stop                           0x00019145   Thumb Code    60  app_timer.o(i.app_timer_stop)
    ble_advdata_set                          0x00019511   Thumb Code   122  ble_advdata.o(i.ble_advdata_set)
    ble_bas_battery_level_update             0x0001958d   Thumb Code   124  ble_bas.o(i.ble_bas_battery_level_update)
    ble_bas_init                             0x0001960d   Thumb Code    66  ble_bas.o(i.ble_bas_init)
    ble_bas_on_ble_evt                       0x00019655   Thumb Code    58  ble_bas.o(i.ble_bas_on_ble_evt)
    ble_conn_params_init                     0x00019691   Thumb Code    90  ble_conn_params.o(i.ble_conn_params_init)
    ble_conn_params_on_ble_evt               0x00019709   Thumb Code    62  ble_conn_params.o(i.ble_conn_params_on_ble_evt)
    ble_ias_c_init                           0x000197a5   Thumb Code    48  ble_ias_c.o(i.ble_ias_c_init)
    ble_ias_c_on_ble_evt                     0x000197dd   Thumb Code    94  ble_ias_c.o(i.ble_ias_c_on_ble_evt)
    ble_ias_c_send_alert_level               0x0001983b   Thumb Code    40  ble_ias_c.o(i.ble_ias_c_send_alert_level)
    ble_ias_init                             0x00019865   Thumb Code    60  ble_ias.o(i.ble_ias_init)
    ble_ias_on_ble_evt                       0x000198a5   Thumb Code    44  ble_ias.o(i.ble_ias_on_ble_evt)
    ble_lls_alert_level_get                  0x000198d1   Thumb Code    34  ble_lls.o(i.ble_lls_alert_level_get)
    ble_lls_init                             0x000198f5   Thumb Code    68  ble_lls.o(i.ble_lls_init)
    ble_lls_on_ble_evt                       0x0001993d   Thumb Code    58  ble_lls.o(i.ble_lls_on_ble_evt)
    ble_srv_report_ref_encode                0x00019977   Thumb Code    62  ble_srv_common.o(i.ble_srv_report_ref_encode)
    ble_tps_init                             0x00019a59   Thumb Code    48  ble_tps.o(i.ble_tps_init)
    ble_tps_on_ble_evt                       0x00019a8d   Thumb Code    28  ble_tps.o(i.ble_tps_on_ble_evt)
    bond_data_load                           0x00019aa9   Thumb Code    62  device_manager_peripheral.o(i.bond_data_load)
    bsp_btn_ble_init                         0x00019af9   Thumb Code    54  bsp_btn_ble.o(i.bsp_btn_ble_init)
    bsp_btn_ble_on_ble_evt                   0x00019b39   Thumb Code   122  bsp_btn_ble.o(i.bsp_btn_ble_on_ble_evt)
    bsp_btn_ble_sleep_mode_prepare           0x00019bbd   Thumb Code    30  bsp_btn_ble.o(i.bsp_btn_ble_sleep_mode_prepare)
    bsp_button_is_pressed                    0x00019cb5   Thumb Code    46  bsp.o(i.bsp_button_is_pressed)
    bsp_event_to_button_action_assign        0x00019dd5   Thumb Code    88  bsp.o(i.bsp_event_to_button_action_assign)
    bsp_indication_set                       0x00019e31   Thumb Code    28  bsp.o(i.bsp_indication_set)
    bsp_init                                 0x00019e51   Thumb Code   162  bsp.o(i.bsp_init)
    bsp_wakeup_buttons_set                   0x0001a401   Thumb Code    82  bsp.o(i.bsp_wakeup_buttons_set)
    dm_ble_evt_handler                       0x0001aee9   Thumb Code  1546  device_manager_peripheral.o(i.dm_ble_evt_handler)
    dm_handle_initialize                     0x0001b511   Thumb Code    24  device_manager_peripheral.o(i.dm_handle_initialize)
    dm_init                                  0x0001b52d   Thumb Code   234  device_manager_peripheral.o(i.dm_init)
    dm_register                              0x0001b831   Thumb Code   176  device_manager_peripheral.o(i.dm_register)
    dm_whitelist_create                      0x0001b8ed   Thumb Code   256  device_manager_peripheral.o(i.dm_whitelist_create)
    intern_softdevice_events_execute         0x0001bf11   Thumb Code   168  softdevice_handler.o(i.intern_softdevice_events_execute)
    main                                     0x0001c329   Thumb Code    58  main.o(i.main)
    nrf_adc_configure                        0x0001c475   Thumb Code    72  nrf_adc.o(i.nrf_adc_configure)
    nrf_drv_common_irq_enable                0x0001c4e9   Thumb Code    48  nrf_drv_common.o(i.nrf_drv_common_irq_enable)
    nrf_drv_gpiote_in_event_enable           0x0001c521   Thumb Code   166  nrf_drv_gpiote.o(i.nrf_drv_gpiote_in_event_enable)
    nrf_drv_gpiote_in_init                   0x0001c5d1   Thumb Code   224  nrf_drv_gpiote.o(i.nrf_drv_gpiote_in_init)
    nrf_drv_gpiote_in_is_set                 0x0001c6c1   Thumb Code    26  nrf_drv_gpiote.o(i.nrf_drv_gpiote_in_is_set)
    nrf_drv_gpiote_init                      0x0001c6e1   Thumb Code    76  nrf_drv_gpiote.o(i.nrf_drv_gpiote_init)
    nrf_drv_gpiote_is_init                   0x0001c731   Thumb Code    16  nrf_drv_gpiote.o(i.nrf_drv_gpiote_is_init)
    pstorage_access_status_get               0x0001ce75   Thumb Code    36  pstorage.o(i.pstorage_access_status_get)
    pstorage_block_identifier_get            0x0001cea1   Thumb Code   136  pstorage.o(i.pstorage_block_identifier_get)
    pstorage_clear                           0x0001cf31   Thumb Code   166  pstorage.o(i.pstorage_clear)
    pstorage_init                            0x0001d015   Thumb Code   128  pstorage.o(i.pstorage_init)
    pstorage_load                            0x0001d0b1   Thumb Code   226  pstorage.o(i.pstorage_load)
    pstorage_register                        0x0001d19d   Thumb Code   304  pstorage.o(i.pstorage_register)
    pstorage_store                           0x0001d2dd   Thumb Code   202  pstorage.o(i.pstorage_store)
    pstorage_sys_event_handler               0x0001d3b1   Thumb Code   436  pstorage.o(i.pstorage_sys_event_handler)
    pstorage_update                          0x0001d575   Thumb Code   202  pstorage.o(i.pstorage_update)
    softdevice_assertion_handler             0x0001d817   Thumb Code    18  softdevice_handler.o(i.softdevice_assertion_handler)
    softdevice_ble_evt_handler_set           0x0001d829   Thumb Code    18  softdevice_handler.o(i.softdevice_ble_evt_handler_set)
    softdevice_handler_init                  0x0001d841   Thumb Code    82  softdevice_handler.o(i.softdevice_handler_init)
    softdevice_sys_evt_handler_set           0x0001d8a9   Thumb Code    18  softdevice_handler.o(i.softdevice_sys_evt_handler_set)
    m_service_context_store                  0x0001e2a8   Data          16  device_manager_peripheral.o(.constdata)
    m_service_context_load                   0x0001e2b8   Data          16  device_manager_peripheral.o(.constdata)
    m_service_context_apply                  0x0001e2c8   Data          16  device_manager_peripheral.o(.constdata)
    m_context_init_len                       0x0001e2d8   Data           4  device_manager_peripheral.o(.constdata)
    Region$$Table$$Base                      0x0001e2e0   Number         0  anon$$obj.o(Region$$Table)
    Region$$Table$$Limit                     0x0001e300   Number         0  anon$$obj.o(Region$$Table)
    SystemCoreClock                          0x2000203c   Data           4  system_nrf51.o(.data)
    __initial_sp                             0x20002f60   Data           0  arm_startup_nrf51.o(STACK)



==============================================================================

Memory Map of the image

  Image Entry point : 0x000180c1

  Load Region LR_IROM1 (Base: 0x00018000, Size: 0x000063e4, Max: 0x00028000, ABSOLUTE)

    Execution Region ER_IROM1 (Base: 0x00018000, Size: 0x00006300, Max: 0x00028000, ABSOLUTE)

    Base Addr    Size         Type   Attr      Idx    E Section Name        Object

    0x00018000   0x000000c0   Data   RO          590    RESET               arm_startup_nrf51.o
    0x000180c0   0x00000000   Code   RO         2355  * .ARM.Collect$$$$00000000  mc_p.l(entry.o)
    0x000180c0   0x00000004   Code   RO         2372    .ARM.Collect$$$$00000001  mc_p.l(entry2.o)
    0x000180c4   0x00000004   Code   RO         2375    .ARM.Collect$$$$00000004  mc_p.l(entry5.o)
    0x000180c8   0x00000000   Code   RO         2377    .ARM.Collect$$$$00000008  mc_p.l(entry7b.o)
    0x000180c8   0x00000000   Code   RO         2379    .ARM.Collect$$$$0000000A  mc_p.l(entry8b.o)
    0x000180c8   0x00000008   Code   RO         2380    .ARM.Collect$$$$0000000B  mc_p.l(entry9a.o)
    0x000180d0   0x00000000   Code   RO         2382    .ARM.Collect$$$$0000000D  mc_p.l(entry10a.o)
    0x000180d0   0x00000000   Code   RO         2384    .ARM.Collect$$$$0000000F  mc_p.l(entry11a.o)
    0x000180d0   0x00000004   Code   RO         2373    .ARM.Collect$$$$00002712  mc_p.l(entry2.o)
    0x000180d4   0x0000001e   Code   RO         2003    .emb_text           app_timer.o
    0x000180f2   0x00000002   PAD
    0x000180f4   0x00000038   Code   RO          591    .text               arm_startup_nrf51.o
    0x0001812c   0x0000002c   Code   RO         2358    .text               mc_p.l(uidiv.o)
    0x00018158   0x00000028   Code   RO         2360    .text               mc_p.l(idiv.o)
    0x00018180   0x00000024   Code   RO         2362    .text               mc_p.l(memcpya.o)
    0x000181a4   0x00000024   Code   RO         2364    .text               mc_p.l(memseta.o)
    0x000181c8   0x0000001a   Code   RO         2368    .text               mc_p.l(memcmp.o)
    0x000181e2   0x00000002   PAD
    0x000181e4   0x00000024   Code   RO         2386    .text               mc_p.l(init.o)
    0x00018208   0x0000008c   Code   RO            3    i.ADC_IRQHandler    main.o
    0x00018294   0x00000180   Code   RO         1528    i.GPIOTE_IRQHandler  nrf_drv_gpiote.o
    0x00018414   0x00000014   Code   RO         2004    i.NVIC_ClearPendingIRQ  app_timer.o
    0x00018428   0x00000014   Code   RO         2005    i.NVIC_EnableIRQ    app_timer.o
    0x0001843c   0x00000014   Code   RO         2006    i.NVIC_SetPendingIRQ  app_timer.o
    0x00018450   0x00000078   Code   RO         1497    i.NVIC_SetPriority  nrf_drv_common.o
    0x000184c8   0x00000078   Code   RO         2007    i.NVIC_SetPriority  app_timer.o
    0x00018540   0x00000028   Code   RO         2008    i.RTC1_IRQHandler   app_timer.o
    0x00018568   0x00000008   Code   RO         2009    i.SWI0_IRQHandler   app_timer.o
    0x00018570   0x00000038   Code   RO         2299    i.SWI2_IRQHandler   softdevice_handler.o
    0x000185a8   0x00000038   Code   RO          549    i.SystemInit        system_nrf51.o
    0x000185e0   0x000000a0   Code   RO         1270    i.UART0_IRQHandler  app_uart_fifo.o
    0x00018680   0x0000001c   Code   RO          482    i.__ARM_common_switch8  bsp.o
    0x0001869c   0x0000000e   Code   RO         2390    i.__scatterload_copy  mc_p.l(handlers.o)
    0x000186aa   0x00000002   Code   RO         2391    i.__scatterload_null  mc_p.l(handlers.o)
    0x000186ac   0x0000000e   Code   RO         2392    i.__scatterload_zeroinit  mc_p.l(handlers.o)
    0x000186ba   0x00000002   PAD
    0x000186bc   0x0000001c   Code   RO         1271    i.action_tx_ready   app_uart_fifo.o
    0x000186d8   0x00000054   Code   RO         1272    i.action_tx_send    app_uart_fifo.o
    0x0001872c   0x00000028   Code   RO         1273    i.action_tx_stop    app_uart_fifo.o
    0x00018754   0x00000024   Code   RO         1274    i.action_uart_deactivate  app_uart_fifo.o
    0x00018778   0x0000008c   Code   RO            4    i.adc_configure     main.o
    0x00018804   0x00000136   Code   RO          595    i.adv_data_encode   ble_advdata.o
    0x0001893a   0x00000012   Code   RO          596    i.advdata_check     ble_advdata.o
    0x0001894c   0x0000005a   Code   RO          499    i.advertising_buttons_configure  bsp_btn_ble.o
    0x000189a6   0x00000002   PAD
    0x000189a8   0x0000006c   Code   RO            5    i.advertising_init  main.o
    0x00018a14   0x000001a0   Code   RO            6    i.advertising_start  main.o
    0x00018bb4   0x000000dc   Code   RO          812    i.alert_level_char_add  ble_ias.o
    0x00018c90   0x000000b8   Code   RO          905    i.alert_level_char_add  ble_lls.o
    0x00018d48   0x0000007e   Code   RO            7    i.alert_signal      main.o
    0x00018dc6   0x00000002   PAD
    0x00018dc8   0x00000024   Code   RO          390    i.alert_timer_handler  bsp.o
    0x00018dec   0x0000002c   Code   RO         1892    i.app_button_enable  app_button.o
    0x00018e18   0x000000a4   Code   RO         1893    i.app_button_init   app_button.o
    0x00018ebc   0x00000020   Code   RO         1945    i.app_error_handler  app_error.o
    0x00018edc   0x0000001c   Code   RO         1003    i.app_evt_notify    device_manager_peripheral.o
    0x00018ef8   0x0000002a   Code   RO         1967    i.app_fifo_get      app_fifo.o
    0x00018f22   0x0000002a   Code   RO         1969    i.app_fifo_put      app_fifo.o
    0x00018f4c   0x00000028   Code   RO         1758    i.app_notify        pstorage.o
    0x00018f74   0x00000074   Code   RO         2012    i.app_timer_create  app_timer.o
    0x00018fe8   0x000000f0   Code   RO         2013    i.app_timer_init    app_timer.o
    0x000190d8   0x0000006c   Code   RO         2014    i.app_timer_start   app_timer.o
    0x00019144   0x00000044   Code   RO         2015    i.app_timer_stop    app_timer.o
    0x00019188   0x0000004a   Code   RO          597    i.appearance_encode  ble_advdata.o
    0x000191d2   0x00000002   PAD
    0x000191d4   0x000000c0   Code   RO            9    i.bas_init          main.o
    0x00019294   0x000001c8   Code   RO          681    i.battery_level_char_add  ble_bas.o
    0x0001945c   0x000000a4   Code   RO           10    i.battery_level_in_percent  main.o
    0x00019500   0x00000010   Code   RO           11    i.battery_level_meas_timeout_handler  main.o
    0x00019510   0x0000007a   Code   RO          598    i.ble_advdata_set   ble_advdata.o
    0x0001958a   0x00000002   PAD
    0x0001958c   0x00000080   Code   RO          682    i.ble_bas_battery_level_update  ble_bas.o
    0x0001960c   0x00000048   Code   RO          683    i.ble_bas_init      ble_bas.o
    0x00019654   0x0000003a   Code   RO          684    i.ble_bas_on_ble_evt  ble_bas.o
    0x0001968e   0x00000002   PAD
    0x00019690   0x00000078   Code   RO          735    i.ble_conn_params_init  ble_conn_params.o
    0x00019708   0x0000003e   Code   RO          736    i.ble_conn_params_on_ble_evt  ble_conn_params.o
    0x00019746   0x00000002   PAD
    0x00019748   0x0000005c   Code   RO           12    i.ble_evt_dispatch  main.o
    0x000197a4   0x00000038   Code   RO          851    i.ble_ias_c_init    ble_ias_c.o
    0x000197dc   0x0000005e   Code   RO          852    i.ble_ias_c_on_ble_evt  ble_ias_c.o
    0x0001983a   0x00000028   Code   RO          853    i.ble_ias_c_send_alert_level  ble_ias_c.o
    0x00019862   0x00000002   PAD
    0x00019864   0x00000040   Code   RO          814    i.ble_ias_init      ble_ias.o
    0x000198a4   0x0000002c   Code   RO          815    i.ble_ias_on_ble_evt  ble_ias.o
    0x000198d0   0x00000022   Code   RO          906    i.ble_lls_alert_level_get  ble_lls.o
    0x000198f2   0x00000002   PAD
    0x000198f4   0x00000048   Code   RO          907    i.ble_lls_init      ble_lls.o
    0x0001993c   0x0000003a   Code   RO          908    i.ble_lls_on_ble_evt  ble_lls.o
    0x00019976   0x0000003e   Code   RO          984    i.ble_srv_report_ref_encode  ble_srv_common.o
    0x000199b4   0x000000a4   Code   RO           13    i.ble_stack_init    main.o
    0x00019a58   0x00000034   Code   RO          949    i.ble_tps_init      ble_tps.o
    0x00019a8c   0x0000001c   Code   RO          950    i.ble_tps_on_ble_evt  ble_tps.o
    0x00019aa8   0x00000050   Code   RO         1004    i.bond_data_load    device_manager_peripheral.o
    0x00019af8   0x00000040   Code   RO          500    i.bsp_btn_ble_init  bsp_btn_ble.o
    0x00019b38   0x00000084   Code   RO          501    i.bsp_btn_ble_on_ble_evt  bsp_btn_ble.o
    0x00019bbc   0x0000001e   Code   RO          502    i.bsp_btn_ble_sleep_mode_prepare  bsp_btn_ble.o
    0x00019bda   0x00000002   PAD
    0x00019bdc   0x000000d8   Code   RO          391    i.bsp_button_event_handler  bsp.o
    0x00019cb4   0x00000038   Code   RO          392    i.bsp_button_is_pressed  bsp.o
    0x00019cec   0x000000e8   Code   RO           14    i.bsp_event_handler  main.o
    0x00019dd4   0x0000005c   Code   RO          396    i.bsp_event_to_button_action_assign  bsp.o
    0x00019e30   0x00000020   Code   RO          397    i.bsp_indication_set  bsp.o
    0x00019e50   0x000000d0   Code   RO          399    i.bsp_init          bsp.o
    0x00019f20   0x000004e0   Code   RO          400    i.bsp_led_indication  bsp.o
    0x0001a400   0x0000005c   Code   RO          401    i.bsp_wakeup_buttons_set  bsp.o
    0x0001a45c   0x0000000e   Code   RO          402    i.button_timer_handler  bsp.o
    0x0001a46a   0x00000002   PAD
    0x0001a46c   0x00000064   Code   RO           15    i.buttons_leds_init  main.o
    0x0001a4d0   0x00000020   Code   RO         1529    i.channel_free      nrf_drv_gpiote.o
    0x0001a4f0   0x00000010   Code   RO         1530    i.channel_handler_get  nrf_drv_gpiote.o
    0x0001a500   0x00000078   Code   RO         1531    i.channel_port_alloc  nrf_drv_gpiote.o
    0x0001a578   0x0000000c   Code   RO         1532    i.channel_port_get  nrf_drv_gpiote.o
    0x0001a584   0x00000168   Code   RO         1759    i.cmd_process       pstorage.o
    0x0001a6ec   0x0000002c   Code   RO         1760    i.cmd_queue_dequeue  pstorage.o
    0x0001a718   0x0000003c   Code   RO         1761    i.cmd_queue_element_init  pstorage.o
    0x0001a754   0x00000098   Code   RO         1762    i.cmd_queue_enqueue  pstorage.o
    0x0001a7ec   0x00000034   Code   RO         1763    i.cmd_queue_init    pstorage.o
    0x0001a820   0x00000090   Code   RO         2017    i.compare_reg_update  app_timer.o
    0x0001a8b0   0x0000005c   Code   RO          599    i.conn_int_check    ble_advdata.o
    0x0001a90c   0x0000005c   Code   RO          600    i.conn_int_encode   ble_advdata.o
    0x0001a968   0x00000014   Code   RO           16    i.conn_params_error_handler  main.o
    0x0001a97c   0x0000005c   Code   RO           17    i.conn_params_init  main.o
    0x0001a9d8   0x00000094   Code   RO          738    i.conn_params_negotiation  ble_conn_params.o
    0x0001aa6c   0x0000005a   Code   RO          503    i.connection_buttons_configure  bsp_btn_ble.o
    0x0001aac6   0x00000002   PAD
    0x0001aac8   0x00000048   Code   RO         1005    i.connection_instance_find  device_manager_peripheral.o
    0x0001ab10   0x00000038   Code   RO         1006    i.connection_instance_init  device_manager_peripheral.o
    0x0001ab48   0x0000005c   Code   RO         2018    i.current_int_priority_get  app_timer.o
    0x0001aba4   0x0000008c   Code   RO         1895    i.detection_delay_timeout_handler  app_button.o
    0x0001ac30   0x000000d0   Code   RO         1007    i.device_context_store  device_manager_peripheral.o
    0x0001ad00   0x0000007c   Code   RO         1008    i.device_instance_allocate  device_manager_peripheral.o
    0x0001ad7c   0x00000058   Code   RO         1009    i.device_instance_find  device_manager_peripheral.o
    0x0001add4   0x00000030   Code   RO         1010    i.device_instance_free  device_manager_peripheral.o
    0x0001ae04   0x00000024   Code   RO           18    i.device_manager_evt_handler  main.o
    0x0001ae28   0x000000c0   Code   RO           19    i.device_manager_init  main.o
    0x0001aee8   0x00000628   Code   RO         1015    i.dm_ble_evt_handler  device_manager_peripheral.o
    0x0001b510   0x0000001c   Code   RO         1021    i.dm_handle_initialize  device_manager_peripheral.o
    0x0001b52c   0x0000010c   Code   RO         1022    i.dm_init           device_manager_peripheral.o
    0x0001b638   0x000001f8   Code   RO         1025    i.dm_pstorage_cb_handler  device_manager_peripheral.o
    0x0001b830   0x000000bc   Code   RO         1026    i.dm_register       device_manager_peripheral.o
    0x0001b8ec   0x00000118   Code   RO         1032    i.dm_whitelist_create  device_manager_peripheral.o
    0x0001ba04   0x00000064   Code   RO         2019    i.elapsed_ticks_acquire  app_timer.o
    0x0001ba68   0x0000006c   Code   RO         2020    i.expired_timers_handler  app_timer.o
    0x0001bad4   0x0000000a   Code   RO         1281    i.fifo_length       app_uart_fifo.o
    0x0001bade   0x0000000a   Code   RO         1970    i.fifo_length       app_fifo.o
    0x0001bae8   0x000000c8   Code   RO           20    i.gap_params_init   main.o
    0x0001bbb0   0x00000006   Code   RO         1033    i.gattc_context_apply  device_manager_peripheral.o
    0x0001bbb6   0x00000006   Code   RO         1034    i.gattc_context_load  device_manager_peripheral.o
    0x0001bbbc   0x00000006   Code   RO         1035    i.gattc_context_store  device_manager_peripheral.o
    0x0001bbc2   0x00000002   PAD
    0x0001bbc4   0x000000e8   Code   RO         1036    i.gatts_context_apply  device_manager_peripheral.o
    0x0001bcac   0x00000040   Code   RO         1037    i.gatts_context_load  device_manager_peripheral.o
    0x0001bcec   0x000000cc   Code   RO         1038    i.gatts_context_store  device_manager_peripheral.o
    0x0001bdb8   0x0000001a   Code   RO         1039    i.gattsc_context_apply  device_manager_peripheral.o
    0x0001bdd2   0x0000001e   Code   RO         1040    i.gattsc_context_load  device_manager_peripheral.o
    0x0001bdf0   0x0000001e   Code   RO         1041    i.gattsc_context_store  device_manager_peripheral.o
    0x0001be0e   0x00000002   PAD
    0x0001be10   0x00000080   Code   RO         1896    i.gpiote_event_handler  app_button.o
    0x0001be90   0x00000048   Code   RO           21    i.ias_client_init   main.o
    0x0001bed8   0x00000038   Code   RO           22    i.ias_init          main.o
    0x0001bf10   0x000000bc   Code   RO         2300    i.intern_softdevice_events_execute  softdevice_handler.o
    0x0001bfcc   0x00000024   Code   RO          739    i.is_conn_params_ok  ble_conn_params.o
    0x0001bff0   0x00000034   Code   RO          550    i.is_disabled_in_debug_needed  system_nrf51.o
    0x0001c024   0x00000064   Code   RO          551    i.is_manual_peripheral_setup_needed  system_nrf51.o
    0x0001c088   0x00000010   Code   RO         1764    i.is_word_aligned   pstorage.o
    0x0001c098   0x00000020   Code   RO          403    i.leds_timer_handler  bsp.o
    0x0001c0b8   0x000000c0   Code   RO         2021    i.list_deletions_handler  app_timer.o
    0x0001c178   0x0000012c   Code   RO         2022    i.list_insertions_handler  app_timer.o
    0x0001c2a4   0x00000084   Code   RO           23    i.lls_init          main.o
    0x0001c328   0x0000003a   Code   RO           24    i.main              main.o
    0x0001c362   0x0000006a   Code   RO          601    i.manuf_specific_data_encode  ble_advdata.o
    0x0001c3cc   0x00000096   Code   RO          602    i.name_encode       ble_advdata.o
    0x0001c462   0x00000006   Code   RO         1042    i.no_service_context_apply  device_manager_peripheral.o
    0x0001c468   0x00000006   Code   RO         1043    i.no_service_context_load  device_manager_peripheral.o
    0x0001c46e   0x00000006   Code   RO         1044    i.no_service_context_store  device_manager_peripheral.o
    0x0001c474   0x0000004c   Code   RO         1432    i.nrf_adc_configure  nrf_adc.o
    0x0001c4c0   0x00000028   Code   RO         1434    i.nrf_adc_input_select  nrf_adc.o
    0x0001c4e8   0x00000038   Code   RO         1498    i.nrf_drv_common_irq_enable  nrf_drv_common.o
    0x0001c520   0x000000b0   Code   RO         1535    i.nrf_drv_gpiote_in_event_enable  nrf_drv_gpiote.o
    0x0001c5d0   0x000000f0   Code   RO         1536    i.nrf_drv_gpiote_in_init  nrf_drv_gpiote.o
    0x0001c6c0   0x00000020   Code   RO         1537    i.nrf_drv_gpiote_in_is_set  nrf_drv_gpiote.o
    0x0001c6e0   0x00000050   Code   RO         1539    i.nrf_drv_gpiote_init  nrf_drv_gpiote.o
    0x0001c730   0x00000014   Code   RO         1540    i.nrf_drv_gpiote_is_init  nrf_drv_gpiote.o
    0x0001c744   0x00000046   Code   RO         1553    i.nrf_gpio_cfg_sense_set  nrf_drv_gpiote.o
    0x0001c78a   0x00000002   PAD
    0x0001c78c   0x0000000c   Code   RO         1556    i.nrf_gpiote_event_addr_get  nrf_drv_gpiote.o
    0x0001c798   0x00000010   Code   RO         1557    i.nrf_gpiote_event_clear  nrf_drv_gpiote.o
    0x0001c7a8   0x00000016   Code   RO         1558    i.nrf_gpiote_event_is_set  nrf_drv_gpiote.o
    0x0001c7be   0x00000002   PAD
    0x0001c7c0   0x0000000c   Code   RO         1559    i.nrf_gpiote_int_enable  nrf_drv_gpiote.o
    0x0001c7cc   0x00000020   Code   RO          909    i.on_auth_status    ble_lls.o
    0x0001c7ec   0x0000006c   Code   RO           25    i.on_bas_evt        main.o
    0x0001c858   0x000000cc   Code   RO           26    i.on_ble_evt        main.o
    0x0001c924   0x00000080   Code   RO          854    i.on_char_disc_resp  ble_ias_c.o
    0x0001c9a4   0x00000018   Code   RO          740    i.on_conn_params_update  ble_conn_params.o
    0x0001c9bc   0x00000006   Code   RO          685    i.on_connect        ble_bas.o
    0x0001c9c2   0x00000002   PAD
    0x0001c9c4   0x0000003c   Code   RO          741    i.on_connect        ble_conn_params.o
    0x0001ca00   0x00000006   Code   RO          816    i.on_connect        ble_ias.o
    0x0001ca06   0x00000002   PAD
    0x0001ca08   0x00000028   Code   RO          855    i.on_connect        ble_ias_c.o
    0x0001ca30   0x0000001c   Code   RO          910    i.on_connect        ble_lls.o
    0x0001ca4c   0x00000006   Code   RO          952    i.on_connect        ble_tps.o
    0x0001ca52   0x00000002   PAD
    0x0001ca54   0x00000028   Code   RO         1283    i.on_cts_high       app_uart_fifo.o
    0x0001ca7c   0x00000054   Code   RO         1284    i.on_cts_low        app_uart_fifo.o
    0x0001cad0   0x00000008   Code   RO          686    i.on_disconnect     ble_bas.o
    0x0001cad8   0x00000044   Code   RO          742    i.on_disconnect     ble_conn_params.o
    0x0001cb1c   0x00000026   Code   RO          856    i.on_disconnect     ble_ias_c.o
    0x0001cb42   0x0000003a   Code   RO          911    i.on_disconnect     ble_lls.o
    0x0001cb7c   0x0000002c   Code   RO           27    i.on_ias_c_evt      main.o
    0x0001cba8   0x0000001a   Code   RO           28    i.on_ias_evt        main.o
    0x0001cbc2   0x0000001a   Code   RO           29    i.on_lls_evt        main.o
    0x0001cbdc   0x00000034   Code   RO          857    i.on_srv_disc_resp  ble_ias_c.o
    0x0001cc10   0x00000030   Code   RO           30    i.on_sys_evt        main.o
    0x0001cc40   0x0000002c   Code   RO         1285    i.on_tx_ready       app_uart_fifo.o
    0x0001cc6c   0x00000008   Code   RO         1286    i.on_uart_close     app_uart_fifo.o
    0x0001cc74   0x00000036   Code   RO         1287    i.on_uart_event     app_uart_fifo.o
    0x0001ccaa   0x00000002   PAD
    0x0001ccac   0x00000014   Code   RO         1288    i.on_uart_put       app_uart_fifo.o
    0x0001ccc0   0x00000050   Code   RO          687    i.on_write          ble_bas.o
    0x0001cd10   0x0000005c   Code   RO          743    i.on_write          ble_conn_params.o
    0x0001cd6c   0x0000002c   Code   RO          817    i.on_write          ble_ias.o
    0x0001cd98   0x00000050   Code   RO         1045    i.peer_instance_init  device_manager_peripheral.o
    0x0001cde8   0x0000000c   Code   RO         1560    i.pin_from_port_get  nrf_drv_gpiote.o
    0x0001cdf4   0x00000018   Code   RO         1561    i.pin_in_use_by_gpiote  nrf_drv_gpiote.o
    0x0001ce0c   0x00000018   Code   RO         1562    i.pin_in_use_by_port  nrf_drv_gpiote.o
    0x0001ce24   0x00000020   Code   RO         1563    i.pin_in_use_by_te  nrf_drv_gpiote.o
    0x0001ce44   0x00000010   Code   RO         1564    i.pin_in_use_clear  nrf_drv_gpiote.o
    0x0001ce54   0x00000020   Code   RO           31    i.power_manage      main.o
    0x0001ce74   0x0000002c   Code   RO         1765    i.pstorage_access_status_get  pstorage.o
    0x0001cea0   0x00000090   Code   RO         1766    i.pstorage_block_identifier_get  pstorage.o
    0x0001cf30   0x000000b0   Code   RO         1767    i.pstorage_clear    pstorage.o
    0x0001cfe0   0x00000028   Code   RO         1768    i.pstorage_flash_page_end  pstorage.o
    0x0001d008   0x0000000a   Code   RO         1769    i.pstorage_flash_page_size  pstorage.o
    0x0001d012   0x00000002   PAD
    0x0001d014   0x0000009c   Code   RO         1770    i.pstorage_init     pstorage.o
    0x0001d0b0   0x000000ec   Code   RO         1771    i.pstorage_load     pstorage.o
    0x0001d19c   0x00000140   Code   RO         1772    i.pstorage_register  pstorage.o
    0x0001d2dc   0x000000d4   Code   RO         1773    i.pstorage_store    pstorage.o
    0x0001d3b0   0x000001c4   Code   RO         1774    i.pstorage_sys_event_handler  pstorage.o
    0x0001d574   0x000000d4   Code   RO         1775    i.pstorage_update   pstorage.o
    0x0001d648   0x0000000c   Code   RO         2023    i.rtc1_counter_get  app_timer.o
    0x0001d654   0x00000018   Code   RO         2024    i.rtc1_init         app_timer.o
    0x0001d66c   0x0000003c   Code   RO         2025    i.rtc1_start        app_timer.o
    0x0001d6a8   0x00000058   Code   RO         2026    i.rtc1_stop         app_timer.o
    0x0001d700   0x0000008c   Code   RO          603    i.service_data_encode  ble_advdata.o
    0x0001d78c   0x00000014   Code   RO           32    i.service_error_handler  main.o
    0x0001d7a0   0x00000018   Code   RO           33    i.services_init     main.o
    0x0001d7b8   0x0000005e   Code   RO           34    i.sleep_mode_enter  main.o
    0x0001d816   0x00000012   Code   RO         2301    i.softdevice_assertion_handler  softdevice_handler.o
    0x0001d828   0x00000018   Code   RO         2302    i.softdevice_ble_evt_handler_set  softdevice_handler.o
    0x0001d840   0x00000068   Code   RO         2303    i.softdevice_handler_init  softdevice_handler.o
    0x0001d8a8   0x00000018   Code   RO         2305    i.softdevice_sys_evt_handler_set  softdevice_handler.o
    0x0001d8c0   0x00000010   Code   RO          604    i.srdata_check      ble_advdata.o
    0x0001d8d0   0x00000054   Code   RO          504    i.startup_event_extract  bsp_btn_ble.o
    0x0001d924   0x00000008   Code   RO         1046    i.storage_operation_dummy_handler  device_manager_peripheral.o
    0x0001d92c   0x000001b4   Code   RO         1776    i.swap_state_process  pstorage.o
    0x0001dae0   0x00000012   Code   RO           35    i.sys_evt_dispatch  main.o
    0x0001daf2   0x0000000a   Code   RO         2027    i.ticks_diff_get    app_timer.o
    0x0001dafc   0x00000040   Code   RO         2028    i.timeout_handler_exec  app_timer.o
    0x0001db3c   0x00000058   Code   RO         2029    i.timer_list_handler  app_timer.o
    0x0001db94   0x0000000a   Code   RO         2030    i.timer_list_handler_sched  app_timer.o
    0x0001db9e   0x00000002   PAD
    0x0001dba0   0x000000d8   Code   RO         2031    i.timer_list_insert  app_timer.o
    0x0001dc78   0x000000c4   Code   RO         2032    i.timer_list_remove  app_timer.o
    0x0001dd3c   0x00000054   Code   RO         2033    i.timer_start_op_schedule  app_timer.o
    0x0001dd90   0x00000040   Code   RO         2035    i.timer_stop_op_schedule  app_timer.o
    0x0001ddd0   0x00000098   Code   RO         2036    i.timer_timeouts_check  app_timer.o
    0x0001de68   0x0000000a   Code   RO         2037    i.timer_timeouts_check_sched  app_timer.o
    0x0001de72   0x00000002   PAD
    0x0001de74   0x00000060   Code   RO           36    i.timers_init       main.o
    0x0001ded4   0x0000006c   Code   RO           37    i.tps_init          main.o
    0x0001df40   0x000000b0   Code   RO          953    i.tx_power_level_char_add  ble_tps.o
    0x0001dff0   0x00000030   Code   RO          605    i.tx_power_level_encode  ble_advdata.o
    0x0001e020   0x00000012   Code   RO          606    i.uint16_encode     ble_advdata.o
    0x0001e032   0x00000002   PAD
    0x0001e034   0x00000014   Code   RO         1047    i.update_status_bit_reset  device_manager_peripheral.o
    0x0001e048   0x0000009c   Code   RO          744    i.update_timeout_handler  ble_conn_params.o
    0x0001e0e4   0x00000022   Code   RO         2038    i.user_id_get       app_timer.o
    0x0001e106   0x0000002c   Code   RO         2039    i.user_op_alloc     app_timer.o
    0x0001e132   0x00000004   Code   RO         2040    i.user_op_enque     app_timer.o
    0x0001e136   0x00000040   Code   RO          607    i.uuid_list_encode  ble_advdata.o
    0x0001e176   0x000000c4   Code   RO          608    i.uuid_list_sized_encode  ble_advdata.o
    0x0001e23a   0x0000002a   Code   RO          858    i.write_characteristic_value  ble_ias_c.o
    0x0001e264   0x00000014   Data   RO           39    .constdata          main.o
    0x0001e278   0x00000030   Data   RO          405    .constdata          bsp.o
    0x0001e2a8   0x00000034   Data   RO         1049    .constdata          device_manager_peripheral.o
    0x0001e2dc   0x00000004   Data   RO         1897    .constdata          app_button.o
    0x0001e2e0   0x00000020   Data   RO         2388    Region$$Table       anon$$obj.o


    Execution Region RW_IRAM1 (Base: 0x20002000, Size: 0x00000f60, Max: 0x00006000, ABSOLUTE)

    Base Addr    Size         Type   Attr      Idx    E Section Name        Object

    0x20002000   0x0000000d   Data   RW           40    .data               main.o
    0x2000200d   0x00000003   PAD
    0x20002010   0x00000024   Data   RW          406    .data               bsp.o
    0x20002034   0x00000008   Data   RW          505    .data               bsp_btn_ble.o
    0x2000203c   0x00000004   Data   RW          552    .data               system_nrf51.o
    0x20002040   0x0000001c   Data   RW          746    .data               ble_conn_params.o
    0x2000205c   0x00000004   Data   RW          859    .data               ble_ias_c.o
    0x20002060   0x00000017   Data   RW         1050    .data               device_manager_peripheral.o
    0x20002077   0x00000001   PAD
    0x20002078   0x00000008   Data   RW         1293    .data               app_uart_fifo.o
    0x20002080   0x0000000b   Data   RW         1778    .data               pstorage.o
    0x2000208b   0x00000001   PAD
    0x2000208c   0x00000018   Data   RW         1898    .data               app_button.o
    0x200020a4   0x00000026   Data   RW         2041    .data               app_timer.o
    0x200020ca   0x00000002   PAD
    0x200020cc   0x00000018   Data   RW         2306    .data               softdevice_handler.o
    0x200020e4   0x000003e4   Zero   RW           38    .bss                main.o
    0x200024c8   0x0000000c   Zero   RW          404    .bss                bsp.o
    0x200024d4   0x0000001c   Zero   RW          745    .bss                ble_conn_params.o
    0x200024f0   0x0000011f   Zero   RW         1048    .bss                device_manager_peripheral.o
    0x2000260f   0x00000001   PAD
    0x20002610   0x00000020   Zero   RW         1291    .bss                app_uart_fifo.o
    0x20002630   0x00000054   Zero   RW         1565    .bss                nrf_drv_gpiote.o
    0x20002684   0x000000dc   Zero   RW         1777    .bss                pstorage.o
    0x20002760   0x00000800   Zero   RW          588    STACK               arm_startup_nrf51.o


==============================================================================

Image component sizes


      Code (inc. data)   RO Data    RW Data    ZI Data      Debug   Object Name

       476         82          4         24          0       5574   app_button.o
        32         10          0          0          0       6544   app_error.o
        94          0          0          0          0       2106   app_fifo.o
      2886        330          0         38          0      30155   app_timer.o
       608        108          0          8         32      17116   app_uart_fifo.o
        56         18        192          0       2048        620   arm_startup_nrf51.o
      1446          4          0          0          0      13054   ble_advdata.o
       808         18          0          0          0      12927   ble_bas.o
       766        126          0         28         28       7200   ble_conn_params.o
       378         10          0          0          0       3560   ble_ias.o
       490         20          0          4          0       6897   ble_ias_c.o
       466          8          0          0          0       4870   ble_lls.o
        62          0          0          0          0       1156   ble_srv_common.o
       262         10          0          0          0       2876   ble_tps.o
      2054        170         48         36         12       8281   bsp.o
       490         20          0          8          0       4845   bsp_btn_ble.o
      4278        316         52         23        287      26535   device_manager_peripheral.o
      3596        260         20         13        996     104920   main.o
       116          8          0          0          0       3360   nrf_adc.o
       176         18          0          0          0       1820   nrf_drv_common.o
      1352        112          0          0         84      20648   nrf_drv_gpiote.o
      3162        184          0         11        220      19082   pstorage.o
       414         60          0         24          0       5532   softdevice_handler.o
       208         28          0          4          0       1671   system_nrf51.o

    ----------------------------------------------------------------------
     24724       1920        348        228       3708     311349   Object Totals
         0          0         32          0          0          0   (incl. Generated)
        48          0          0          7          1          0   (incl. Padding)

    ----------------------------------------------------------------------

      Code (inc. data)   RO Data    RW Data    ZI Data      Debug   Library Member Name

         0          0          0          0          0          0   entry.o
         0          0          0          0          0          0   entry10a.o
         0          0          0          0          0          0   entry11a.o
         8          4          0          0          0          0   entry2.o
         4          0          0          0          0          0   entry5.o
         0          0          0          0          0          0   entry7b.o
         0          0          0          0          0          0   entry8b.o
         8          4          0          0          0          0   entry9a.o
        30          0          0          0          0          0   handlers.o
        40          0          0          0          0         72   idiv.o
        36          8          0          0          0         68   init.o
        26          0          0          0          0         72   memcmp.o
        36          0          0          0          0         60   memcpya.o
        36          0          0          0          0        100   memseta.o
        44          0          0          0          0         72   uidiv.o

    ----------------------------------------------------------------------
       272         16          0          0          0        444   Library Totals
         4          0          0          0          0          0   (incl. Padding)

    ----------------------------------------------------------------------

      Code (inc. data)   RO Data    RW Data    ZI Data      Debug   Library Name

       268         16          0          0          0        444   mc_p.l

    ----------------------------------------------------------------------
       272         16          0          0          0        444   Library Totals

    ----------------------------------------------------------------------

==============================================================================


      Code (inc. data)   RO Data    RW Data    ZI Data      Debug   

     24996       1936        348        228       3708     301085   Grand Totals
     24996       1936        348        228       3708     301085   ELF Image Totals
     24996       1936        348        228          0          0   ROM Totals

==============================================================================

    Total RO  Size (Code + RO Data)                25344 (  24.75kB)
    Total RW  Size (RW Data + ZI Data)              3936 (   3.84kB)
    Total ROM Size (Code + RO Data + RW Data)      25572 (  24.97kB)

==============================================================================

