<html>
<body>
<pre>
<h1>µVision Build Log</h1>
<h2>Tool Versions:</h2>
IDE-Version: µVision V5.21.1.0
Copyright (C) 2016 ARM Ltd and ARM Germany GmbH. All rights reserved.
License Information: oem art, ar-devices, LIC=BL2VE-52BB4-WIM5K-ZGH96-N10VQ-5YP08
 
Tool Versions:
Toolchain:       MDK-ARM Professional  Version: 5.21a
Toolchain Path:  C:\Keil_v5\ARM\ARMCC\Bin
C Compiler:      Armcc.exe V5.06 update 3 (build 300)
Assembler:       Armasm.exe V5.06 update 3 (build 300)
Linker/Locator:  ArmLink.exe V5.06 update 3 (build 300)
Library Manager: ArmAr.exe V5.06 update 3 (build 300)
Hex Converter:   FromElf.exe V5.06 update 3 (build 300)
CPU DLL:         SARMCM3.DLL V5.21a
Dialog DLL:      DARMCM1.DLL V1.14.0.0
Target DLL:      Segger\JL2CM3.dll V2.99.23.0
Dialog DLL:      TARMCM1.DLL V1.10.0.0
 
<h2>Project:</h2>
C:\Users\art\Desktop\keil project test\test.uvprojx
Project File Date:  10/12/2016

<h2>Output:</h2>
*** Using Compiler 'V5.06 update 3 (build 300)', folder: 'C:\Keil_v5\ARM\ARMCC\Bin'
Rebuild target 'nrf'
compiling bsp_btn_ble.c...
compiling bsp.c...
assembling arm_startup_nrf51.s...
compiling main.c...
main.c(202): warning:  #177-D: variable "m_adv_uuids" was declared but never referenced
  static ble_uuid_t m_adv_uuids[] = {{ANCS_UUID_SERVICE,									 BLE_UUID_TYPE_VENDOR_BEGIN}
main.c(212): warning:  #177-D: variable "lit_catid" was declared but never referenced
  static const char * lit_catid[BLE_ANCS_NB_OF_CATEGORY_ID] =
main.c(228): warning:  #177-D: variable "lit_eventid" was declared but never referenced
  static const char * lit_eventid[BLE_ANCS_NB_OF_EVT_ID] =
main.c(235): warning:  #177-D: variable "lit_attrid" was declared but never referenced
  static const char * lit_attrid[BLE_ANCS_NB_OF_ATTRS] =
main.c: 4 warnings, 0 errors
compiling ble_advdata.c...
compiling ble_bas.c...
compiling system_nrf51.c...
compiling ble_conn_params.c...
compiling ble_srv_common.c...
compiling ble_dis.c...
compiling ble_advertising.c...
compiling device_manager_peripheral.c...
compiling ble_gogglepal.c...
ble_gogglepal.c(24): warning:  #177-D: variable "gp_empty_buffer" was declared but never referenced
  static uint8_t gp_empty_buffer[BLANK_DATA_SIZE] 	= {0xFF, 0xFF, 0xFF, 0xFF, 0xFF,
ble_gogglepal.c: 1 warning, 0 errors
compiling ble_ancs_c.c...
compiling ble_radio_notification.c...
compiling ble_db_discovery.c...
compiling nrf_delay.c...
compiling app_uart.c...
compiling nrf_drv_common.c...
compiling pstorage.c...
compiling nrf_drv_gpiote.c...
compiling app_button.c...
compiling app_fifo.c...
compiling app_trace.c...
compiling nrf_assert.c...
compiling app_error.c...
compiling sensorsim.c...
compiling app_timer.c...
compiling app_timer_appsh.c...
compiling retarget.c...
compiling app_scheduler.c...
compiling softdevice_handler.c...
linking...
Program Size: Code=32204 RO-data=736 RW-data=592 ZI-data=6040  
FromELF: creating hex file...
".\Objects\Gogglepal_wenyi.axf" - 0 Error(s), 5 Warning(s).

<h2>Collection of Component include folders:</h2>
  C:\Users\art\Desktop\keil project test\RTE
  C:\Keil_v5\ARM\PACK\NordicSemiconductor\nRF_DeviceFamilyPack\8.9.0\Device\Include

<h2>Collection of Component Files used:</h2>
Build Time Elapsed:  00:00:03
</pre>
</body>
</html>
