Component: ARM Compiler 5.06 update 3 (build 300) Tool: armlink [4d35c9]

==============================================================================

Section Cross References

    main.o(i.advertising_init) refers to memseta.o(.text) for __aeabi_memclr4
    main.o(i.advertising_init) refers to ble_advertising.o(i.ble_advertising_init) for ble_advertising_init
    main.o(i.advertising_init) refers to main.o(i.app_error_handler) for app_error_handler
    main.o(i.advertising_init) refers to main.o(i.on_adv_evt) for on_adv_evt
    main.o(i.app_error_handler) refers to main.o(i.NVIC_SystemReset) for NVIC_SystemReset
    main.o(i.app_uart_transmit) refers to app_uart.o(i.app_uart_put) for app_uart_put
    main.o(i.app_uart_transmit) refers to main.o(i.NVIC_SystemReset) for NVIC_SystemReset
    main.o(i.apple_notification_error_handler) refers to main.o(i.app_error_handler) for app_error_handler
    main.o(i.apple_notification_setup) refers to nrf_delay.o(i.nrf_delay_ms) for nrf_delay_ms
    main.o(i.apple_notification_setup) refers to ble_ancs_c.o(i.ble_ancs_c_notif_source_notif_enable) for ble_ancs_c_notif_source_notif_enable
    main.o(i.apple_notification_setup) refers to main.o(i.app_error_handler) for app_error_handler
    main.o(i.apple_notification_setup) refers to ble_ancs_c.o(i.ble_ancs_c_data_source_notif_enable) for ble_ancs_c_data_source_notif_enable
    main.o(i.apple_notification_setup) refers to main.o(.bss) for m_ancs_c
    main.o(i.assert_nrf_callback) refers to main.o(i.app_error_handler) for app_error_handler
    main.o(i.ble_evt_dispatch) refers to device_manager_peripheral.o(i.dm_ble_evt_handler) for dm_ble_evt_handler
    main.o(i.ble_evt_dispatch) refers to ble_db_discovery.o(i.ble_db_discovery_on_ble_evt) for ble_db_discovery_on_ble_evt
    main.o(i.ble_evt_dispatch) refers to ble_conn_params.o(i.ble_conn_params_on_ble_evt) for ble_conn_params_on_ble_evt
    main.o(i.ble_evt_dispatch) refers to ble_ancs_c.o(i.ble_ancs_c_on_ble_evt) for ble_ancs_c_on_ble_evt
    main.o(i.ble_evt_dispatch) refers to ble_gogglepal.o(i.ble_gogglepal_on_ble_evt) for ble_gogglepal_on_ble_evt
    main.o(i.ble_evt_dispatch) refers to main.o(i.on_ble_evt) for on_ble_evt
    main.o(i.ble_evt_dispatch) refers to ble_advertising.o(i.ble_advertising_on_ble_evt) for ble_advertising_on_ble_evt
    main.o(i.ble_evt_dispatch) refers to main.o(.bss) for m_ble_db_discovery
    main.o(i.ble_gogglepal_get_handle_object) refers to main.o(.bss) for m_gogglepal
    main.o(i.ble_stack_init) refers to softdevice_handler.o(i.softdevice_handler_init) for softdevice_handler_init
    main.o(i.ble_stack_init) refers to main.o(i.app_error_handler) for app_error_handler
    main.o(i.ble_stack_init) refers to softdevice_handler.o(i.softdevice_ble_evt_handler_set) for softdevice_ble_evt_handler_set
    main.o(i.ble_stack_init) refers to softdevice_handler.o(i.softdevice_sys_evt_handler_set) for softdevice_sys_evt_handler_set
    main.o(i.ble_stack_init) refers to main.o(.bss) for BLE_EVT_BUFFER
    main.o(i.ble_stack_init) refers to main.o(i.ble_evt_dispatch) for ble_evt_dispatch
    main.o(i.ble_stack_init) refers to main.o(i.sys_evt_dispatch) for sys_evt_dispatch
    main.o(i.bootloader_write_handler) refers to main.o(i.queueSerialEvent) for queueSerialEvent
    main.o(i.bootloader_write_handler) refers to main.o(.data) for gp_firmware_info
    main.o(i.conn_params_error_handler) refers to main.o(i.app_error_handler) for app_error_handler
    main.o(i.conn_params_init) refers to memseta.o(.text) for __aeabi_memclr4
    main.o(i.conn_params_init) refers to ble_conn_params.o(i.ble_conn_params_init) for ble_conn_params_init
    main.o(i.conn_params_init) refers to main.o(i.app_error_handler) for app_error_handler
    main.o(i.conn_params_init) refers to main.o(i.on_conn_params_evt) for on_conn_params_evt
    main.o(i.conn_params_init) refers to main.o(i.conn_params_error_handler) for conn_params_error_handler
    main.o(i.db_discovery_init) refers to ble_db_discovery.o(i.ble_db_discovery_init) for ble_db_discovery_init
    main.o(i.db_discovery_init) refers to main.o(i.app_error_handler) for app_error_handler
    main.o(i.device_manager_evt_handler) refers to memcpya.o(.text) for __aeabi_memcpy
    main.o(i.device_manager_evt_handler) refers to main.o(i.app_error_handler) for app_error_handler
    main.o(i.device_manager_evt_handler) refers to ble_ancs_c.o(i.ble_ancs_c_on_device_manager_evt) for ble_ancs_c_on_device_manager_evt
    main.o(i.device_manager_evt_handler) refers to app_timer.o(i.app_timer_start) for app_timer_start
    main.o(i.device_manager_evt_handler) refers to ble_db_discovery.o(i.ble_db_discovery_start) for ble_db_discovery_start
    main.o(i.device_manager_evt_handler) refers to main.o(.data) for m_dm_handle
    main.o(i.device_manager_evt_handler) refers to main.o(.bss) for m_ancs_c
    main.o(i.device_manager_init) refers to pstorage.o(i.pstorage_init) for pstorage_init
[...]
    i.on_write                               0x0001da84   Section        0  ble_conn_params.o(i.on_write)
    on_write                                 0x0001da85   Thumb Code    84  ble_conn_params.o(i.on_write)
    i.on_write                               0x0001dae0   Section        0  ble_gogglepal.o(i.on_write)
    on_write                                 0x0001dae1   Thumb Code   230  ble_gogglepal.o(i.on_write)
    i.parse_get_notif_attrs_response         0x0001dbc8   Section        0  ble_ancs_c.o(i.parse_get_notif_attrs_response)
    parse_get_notif_attrs_response           0x0001dbc9   Thumb Code   412  ble_ancs_c.o(i.parse_get_notif_attrs_response)
    i.parse_notif                            0x0001dd80   Section        0  ble_ancs_c.o(i.parse_notif)
    parse_notif                              0x0001dd81   Thumb Code   182  ble_ancs_c.o(i.parse_notif)
    i.peer_address_exists                    0x0001de3c   Section        0  ble_advertising.o(i.peer_address_exists)
    peer_address_exists                      0x0001de3d   Thumb Code    26  ble_advertising.o(i.peer_address_exists)
    i.peer_instance_init                     0x0001de58   Section        0  device_manager_peripheral.o(i.peer_instance_init)
    peer_instance_init                       0x0001de59   Thumb Code    76  device_manager_peripheral.o(i.peer_instance_init)
    i.pending_user_evts_send                 0x0001dea8   Section        0  ble_db_discovery.o(i.pending_user_evts_send)
    pending_user_evts_send                   0x0001dea9   Thumb Code    42  ble_db_discovery.o(i.pending_user_evts_send)
    i.pin_from_port_get                      0x0001dee0   Section        0  nrf_drv_gpiote.o(i.pin_from_port_get)
    pin_from_port_get                        0x0001dee1   Thumb Code     8  nrf_drv_gpiote.o(i.pin_from_port_get)
    i.pin_in_use_by_gpiote                   0x0001deec   Section        0  nrf_drv_gpiote.o(i.pin_in_use_by_gpiote)
    pin_in_use_by_gpiote                     0x0001deed   Thumb Code    22  nrf_drv_gpiote.o(i.pin_in_use_by_gpiote)
    i.pin_in_use_by_port                     0x0001df08   Section        0  nrf_drv_gpiote.o(i.pin_in_use_by_port)
    pin_in_use_by_port                       0x0001df09   Thumb Code    18  nrf_drv_gpiote.o(i.pin_in_use_by_port)
    i.pin_in_use_by_te                       0x0001df20   Section        0  nrf_drv_gpiote.o(i.pin_in_use_by_te)
    pin_in_use_by_te                         0x0001df21   Thumb Code    26  nrf_drv_gpiote.o(i.pin_in_use_by_te)
    i.pin_in_use_clear                       0x0001df40   Section        0  nrf_drv_gpiote.o(i.pin_in_use_clear)
    pin_in_use_clear                         0x0001df41   Thumb Code    10  nrf_drv_gpiote.o(i.pin_in_use_clear)
    i.pnp_id_encode                          0x0001df50   Section        0  ble_dis.o(i.pnp_id_encode)
    pnp_id_encode                            0x0001df51   Thumb Code   158  ble_dis.o(i.pnp_id_encode)
    i.power_manage                           0x0001dfee   Section        0  main.o(i.power_manage)
    power_manage                             0x0001dfef   Thumb Code    30  main.o(i.power_manage)
    i.process_mcu_msg                        0x0001e00c   Section        0  main.o(i.process_mcu_msg)
    process_mcu_msg                          0x0001e00d   Thumb Code   298  main.o(i.process_mcu_msg)
    i.process_uart_byte                      0x0001e154   Section        0  main.o(i.process_uart_byte)
    process_uart_byte                        0x0001e155   Thumb Code   164  main.o(i.process_uart_byte)
    i.pstorage_access_status_get             0x0001e200   Section        0  pstorage.o(i.pstorage_access_status_get)
    i.pstorage_block_identifier_get          0x0001e22c   Section        0  pstorage.o(i.pstorage_block_identifier_get)
    i.pstorage_clear                         0x0001e2bc   Section        0  pstorage.o(i.pstorage_clear)
    i.pstorage_flash_page_end                0x0001e36c   Section        0  pstorage.o(i.pstorage_flash_page_end)
    pstorage_flash_page_end                  0x0001e36d   Thumb Code    36  pstorage.o(i.pstorage_flash_page_end)
    i.pstorage_flash_page_size               0x0001e394   Section        0  pstorage.o(i.pstorage_flash_page_size)
    pstorage_flash_page_size                 0x0001e395   Thumb Code    10  pstorage.o(i.pstorage_flash_page_size)
    i.pstorage_init                          0x0001e3a0   Section        0  pstorage.o(i.pstorage_init)
    i.pstorage_load                          0x0001e43c   Section        0  pstorage.o(i.pstorage_load)
    i.pstorage_register                      0x0001e528   Section        0  pstorage.o(i.pstorage_register)
    i.pstorage_store                         0x0001e66c   Section        0  pstorage.o(i.pstorage_store)
    i.pstorage_sys_event_handler             0x0001e740   Section        0  pstorage.o(i.pstorage_sys_event_handler)
    i.pstorage_update                        0x0001e904   Section        0  pstorage.o(i.pstorage_update)
    i.queueSerialEvent                       0x0001e9d8   Section        0  main.o(i.queueSerialEvent)
    i.registered_handler_get                 0x0001ea4c   Section        0  ble_db_discovery.o(i.registered_handler_get)
    registered_handler_get                   0x0001ea4d   Thumb Code    56  ble_db_discovery.o(i.registered_handler_get)
    i.registered_handler_set                 0x0001ea8c   Section        0  ble_db_discovery.o(i.registered_handler_set)
    registered_handler_set                   0x0001ea8d   Thumb Code    58  ble_db_discovery.o(i.registered_handler_set)
    i.rtc1_counter_get                       0x0001ead0   Section        0  app_timer.o(i.rtc1_counter_get)
    rtc1_counter_get                         0x0001ead1   Thumb Code     6  app_timer.o(i.rtc1_counter_get)
    i.rtc1_init                              0x0001eadc   Section        0  app_timer.o(i.rtc1_init)
    rtc1_init                                0x0001eadd   Thumb Code    18  app_timer.o(i.rtc1_init)
    i.rtc1_start                             0x0001eaf4   Section        0  app_timer.o(i.rtc1_start)
    rtc1_start                               0x0001eaf5   Thumb Code    48  app_timer.o(i.rtc1_start)
    i.rtc1_stop                              0x0001eb30   Section        0  app_timer.o(i.rtc1_stop)
    rtc1_stop                                0x0001eb31   Thumb Code    66  app_timer.o(i.rtc1_stop)
    i.scheduler_init                         0x0001eb88   Section        0  main.o(i.scheduler_init)
    scheduler_init                           0x0001eb89   Thumb Code    42  main.o(i.scheduler_init)
    i.scoreboard_char_add                    0x0001ebb8   Section        0  ble_gogglepal.o(i.scoreboard_char_add)
    scoreboard_char_add                      0x0001ebb9   Thumb Code   318  ble_gogglepal.o(i.scoreboard_char_add)
    i.sec_req_timeout_handler                0x0001ed04   Section        0  main.o(i.sec_req_timeout_handler)
    sec_req_timeout_handler                  0x0001ed05   Thumb Code    86  main.o(i.sec_req_timeout_handler)
    i.service_data_encode                    0x0001ed68   Section        0  ble_advdata.o(i.service_data_encode)
    service_data_encode                      0x0001ed69   Thumb Code   140  ble_advdata.o(i.service_data_encode)
    i.services_init                          0x0001edf4   Section        0  main.o(i.services_init)
    services_init                            0x0001edf5   Thumb Code   758  main.o(i.services_init)
    i.set_sync_state                         0x0001f170   Section        0  ble_gogglepal.o(i.set_sync_state)
    i.sleep_mode_enter                       0x0001f17c   Section        0  main.o(i.sleep_mode_enter)
    sleep_mode_enter                         0x0001f17d   Thumb Code    30  main.o(i.sleep_mode_enter)
    i.softdevice_assertion_handler           0x0001f19a   Section        0  softdevice_handler.o(i.softdevice_assertion_handler)
    i.softdevice_ble_evt_handler_set         0x0001f1ac   Section        0  softdevice_handler.o(i.softdevice_ble_evt_handler_set)
    i.softdevice_handler_init                0x0001f1c4   Section        0  softdevice_handler.o(i.softdevice_handler_init)
    i.softdevice_sys_evt_handler_set         0x0001f22c   Section        0  softdevice_handler.o(i.softdevice_sys_evt_handler_set)
    i.srdata_check                           0x0001f244   Section        0  ble_advdata.o(i.srdata_check)
    srdata_check                             0x0001f245   Thumb Code    16  ble_advdata.o(i.srdata_check)
    i.storage_operation_dummy_handler        0x0001f254   Section        0  device_manager_peripheral.o(i.storage_operation_dummy_handler)
    storage_operation_dummy_handler          0x0001f255   Thumb Code     8  device_manager_peripheral.o(i.storage_operation_dummy_handler)
    i.swap_state_process                     0x0001f25c   Section        0  pstorage.o(i.swap_state_process)
    swap_state_process                       0x0001f25d   Thumb Code   430  pstorage.o(i.swap_state_process)
    i.sys_evt_dispatch                       0x0001f410   Section        0  main.o(i.sys_evt_dispatch)
    sys_evt_dispatch                         0x0001f411   Thumb Code    18  main.o(i.sys_evt_dispatch)
    i.sys_id_encode                          0x0001f422   Section        0  ble_dis.o(i.sys_id_encode)
    sys_id_encode                            0x0001f423   Thumb Code   164  ble_dis.o(i.sys_id_encode)
    i.ticks_diff_get                         0x0001f4c6   Section        0  app_timer.o(i.ticks_diff_get)
    ticks_diff_get                           0x0001f4c7   Thumb Code    10  app_timer.o(i.ticks_diff_get)
    i.timeout_handler_exec                   0x0001f4d0   Section        0  app_timer.o(i.timeout_handler_exec)
    timeout_handler_exec                     0x0001f4d1   Thumb Code    58  app_timer.o(i.timeout_handler_exec)
    i.timer_list_handler                     0x0001f510   Section        0  app_timer.o(i.timer_list_handler)
    timer_list_handler                       0x0001f511   Thumb Code    76  app_timer.o(i.timer_list_handler)
    i.timer_list_handler_sched               0x0001f568   Section        0  app_timer.o(i.timer_list_handler_sched)
    timer_list_handler_sched                 0x0001f569   Thumb Code    10  app_timer.o(i.timer_list_handler_sched)
    i.timer_list_insert                      0x0001f574   Section        0  app_timer.o(i.timer_list_insert)
    timer_list_insert                        0x0001f575   Thumb Code   212  app_timer.o(i.timer_list_insert)
    i.timer_list_remove                      0x0001f650   Section        0  app_timer.o(i.timer_list_remove)
    timer_list_remove                        0x0001f651   Thumb Code   184  app_timer.o(i.timer_list_remove)
    i.timer_start_op_schedule                0x0001f71c   Section        0  app_timer.o(i.timer_start_op_schedule)
    timer_start_op_schedule                  0x0001f71d   Thumb Code    80  app_timer.o(i.timer_start_op_schedule)
    i.timer_stop_op_schedule                 0x0001f770   Section        0  app_timer.o(i.timer_stop_op_schedule)
    timer_stop_op_schedule                   0x0001f771   Thumb Code    58  app_timer.o(i.timer_stop_op_schedule)
    i.timer_timeouts_check                   0x0001f7b0   Section        0  app_timer.o(i.timer_timeouts_check)
    timer_timeouts_check                     0x0001f7b1   Thumb Code   132  app_timer.o(i.timer_timeouts_check)
    i.timer_timeouts_check_sched             0x0001f84c   Section        0  app_timer.o(i.timer_timeouts_check_sched)
    timer_timeouts_check_sched               0x0001f84d   Thumb Code    10  app_timer.o(i.timer_timeouts_check_sched)
    i.tx_buffer_process                      0x0001f858   Section        0  ble_ancs_c.o(i.tx_buffer_process)
    tx_buffer_process                        0x0001f859   Thumb Code   126  ble_ancs_c.o(i.tx_buffer_process)
    i.tx_power_level_encode                  0x0001f8e4   Section        0  ble_advdata.o(i.tx_power_level_encode)
    tx_power_level_encode                    0x0001f8e5   Thumb Code    48  ble_advdata.o(i.tx_power_level_encode)
    i.uart_evt_handler                       0x0001f914   Section        0  main.o(i.uart_evt_handler)
    uart_evt_handler                         0x0001f915   Thumb Code    90  main.o(i.uart_evt_handler)
    i.uart_init                              0x0001f970   Section        0  main.o(i.uart_init)
    uart_init                                0x0001f971   Thumb Code    84  main.o(i.uart_init)
    i.uart_no_flow_control_init              0x0001f9d4   Section        0  app_uart.o(i.uart_no_flow_control_init)
    uart_no_flow_control_init                0x0001f9d5   Thumb Code    50  app_uart.o(i.uart_no_flow_control_init)
    i.uart_standard_flow_control_init        0x0001fa14   Section        0  app_uart.o(i.uart_standard_flow_control_init)
    uart_standard_flow_control_init          0x0001fa15   Thumb Code    50  app_uart.o(i.uart_standard_flow_control_init)
    i.uint16_encode                          0x0001fa54   Section        0  ble_advdata.o(i.uint16_encode)
    uint16_encode                            0x0001fa55   Thumb Code    18  ble_advdata.o(i.uint16_encode)
    i.uint16_encode                          0x0001fa66   Section        0  ble_dis.o(i.uint16_encode)
    uint16_encode                            0x0001fa67   Thumb Code    18  ble_dis.o(i.uint16_encode)
    i.uint32_decode                          0x0001fa78   Section        0  ble_ancs_c.o(i.uint32_decode)
    uint32_decode                            0x0001fa79   Thumb Code    24  ble_ancs_c.o(i.uint32_decode)
    i.update_status_bit_reset                0x0001fa90   Section        0  device_manager_peripheral.o(i.update_status_bit_reset)
    update_status_bit_reset                  0x0001fa91   Thumb Code    16  device_manager_peripheral.o(i.update_status_bit_reset)
    i.update_timeout_handler                 0x0001faa4   Section        0  ble_conn_params.o(i.update_timeout_handler)
    update_timeout_handler                   0x0001faa5   Thumb Code   136  ble_conn_params.o(i.update_timeout_handler)
    i.update_user_profile                    0x0001fb40   Section        0  ble_gogglepal.o(i.update_user_profile)
    i.user_id_get                            0x0001fb54   Section        0  app_timer.o(i.user_id_get)
    user_id_get                              0x0001fb55   Thumb Code    34  app_timer.o(i.user_id_get)
    i.user_op_alloc                          0x0001fb76   Section        0  app_timer.o(i.user_op_alloc)
    user_op_alloc                            0x0001fb77   Thumb Code    44  app_timer.o(i.user_op_alloc)
    i.user_op_enque                          0x0001fba2   Section        0  app_timer.o(i.user_op_enque)
    user_op_enque                            0x0001fba3   Thumb Code     4  app_timer.o(i.user_op_enque)
    i.user_profile_char_add                  0x0001fba8   Section        0  ble_gogglepal.o(i.user_profile_char_add)
    user_profile_char_add                    0x0001fba9   Thumb Code   248  ble_gogglepal.o(i.user_profile_char_add)
    i.user_profile_write_handler             0x0001fcac   Section        0  main.o(i.user_profile_write_handler)
    user_profile_write_handler               0x0001fcad   Thumb Code    26  main.o(i.user_profile_write_handler)
    i.uuid_list_encode                       0x0001fcc6   Section        0  ble_advdata.o(i.uuid_list_encode)
    uuid_list_encode                         0x0001fcc7   Thumb Code    64  ble_advdata.o(i.uuid_list_encode)
    i.uuid_list_sized_encode                 0x0001fd06   Section        0  ble_advdata.o(i.uuid_list_sized_encode)
    uuid_list_sized_encode                   0x0001fd07   Thumb Code   196  ble_advdata.o(i.uuid_list_sized_encode)
    i.whitelist_has_entries                  0x0001fdca   Section        0  ble_advertising.o(i.whitelist_has_entries)
    whitelist_has_entries                    0x0001fdcb   Thumb Code    22  ble_advertising.o(i.whitelist_has_entries)
    .constdata                               0x0001fde0   Section       12  main.o(.constdata)
    .constdata                               0x0001fdec   Section       52  device_manager_peripheral.o(.constdata)
    .constdata                               0x0001fe20   Section       76  ble_gogglepal.o(.constdata)
    .constdata                               0x0001fe6c   Section       64  ble_ancs_c.o(.constdata)
    .constdata                               0x0001feac   Section        8  app_uart.o(.constdata)
    .conststring                             0x0001feb4   Section      298  main.o(.conststring)
    .data                                    0x20002000   Section      157  main.o(.data)
    m_conn_handle                            0x20002000   Data           2  main.o(.data)
    gp_uart_handle_id                        0x20002002   Data           2  main.o(.data)
    gp_firmware_info                         0x20002004   Data          16  main.o(.data)
    gp_msgCount                              0x20002014   Data           2  main.o(.data)
    current_addr                             0x20002016   Data           7  main.o(.data)
    m_app_handle                             0x2000201f   Data           1  main.o(.data)
    m_dm_handle                              0x20002020   Data           4  main.o(.data)
    m_adv_uuids                              0x20002024   Data           4  main.o(.data)
    lit_catid                                0x20002028   Data          48  main.o(.data)
    lit_eventid                              0x20002058   Data          12  main.o(.data)
    lit_attrid                               0x20002064   Data          32  main.o(.data)
    m_ancs_uuid_type                         0x20002084   Data           1  main.o(.data)
    m_peer_handle                            0x20002085   Data           4  main.o(.data)
    m_sec_param                              0x20002089   Data           5  main.o(.data)
    m_sec_req_timer_id                       0x20002090   Data           4  main.o(.data)
    m_notification_latest                    0x20002094   Data           8  main.o(.data)
    sg_mcu_msg_state                         0x2000209c   Data           1  main.o(.data)
    .data                                    0x200020a0   Section        4  system_nrf51.o(.data)
    __tagsym$$used                           0x200020a0   Number         0  system_nrf51.o(.data)
    .data                                    0x200020a4   Section       25  ble_conn_params.o(.data)
    m_preferred_conn_params                  0x200020a4   Data           8  ble_conn_params.o(.data)
    m_update_count                           0x200020ac   Data           1  ble_conn_params.o(.data)
    m_conn_handle                            0x200020ae   Data           2  ble_conn_params.o(.data)
    m_current_conn_params                    0x200020b0   Data           8  ble_conn_params.o(.data)
    m_conn_params_timer_id                   0x200020b8   Data           4  ble_conn_params.o(.data)
    m_change_param                           0x200020bc   Data           1  ble_conn_params.o(.data)
    .data                                    0x200020c0   Section       20  device_manager_peripheral.o(.data)
    m_storage_handle                         0x200020c0   Data           8  device_manager_peripheral.o(.data)
    m_peer_addr_update                       0x200020c8   Data           4  device_manager_peripheral.o(.data)
    m_module_initialized                     0x200020cc   Data           1  device_manager_peripheral.o(.data)
    m_irk_index_table                        0x200020cd   Data           7  device_manager_peripheral.o(.data)
    .data                                    0x200020d4   Section       34  ble_advertising.o(.data)
    m_advertising_start_pending              0x200020d4   Data           1  ble_advertising.o(.data)
    m_peer_address                           0x200020d5   Data           7  ble_advertising.o(.data)
    m_adv_evt                                0x200020dc   Data           1  ble_advertising.o(.data)
    m_evt_handler                            0x200020e0   Data           4  ble_advertising.o(.data)
    m_error_handler                          0x200020e4   Data           4  ble_advertising.o(.data)
    m_adv_mode_current                       0x200020e8   Data           1  ble_advertising.o(.data)
    m_direct_adv_cnt                         0x200020e9   Data           1  ble_advertising.o(.data)
    m_whitelist_temporarily_disabled         0x200020ea   Data           1  ble_advertising.o(.data)
    m_whitelist_reply_expected               0x200020eb   Data           1  ble_advertising.o(.data)
    m_peer_addr_reply_expected               0x200020ec   Data           1  ble_advertising.o(.data)
    m_slave_conn_int                         0x200020ee   Data           4  ble_advertising.o(.data)
    m_tx_power_level                         0x200020f2   Data           1  ble_advertising.o(.data)
    current_slave_link_conn_handle           0x200020f4   Data           2  ble_advertising.o(.data)
    .data                                    0x200020f6   Section       74  ble_dis.o(.data)
    service_handle                           0x200020f6   Data           2  ble_dis.o(.data)
    manufact_name_handles                    0x200020f8   Data           8  ble_dis.o(.data)
    model_num_handles                        0x20002100   Data           8  ble_dis.o(.data)
    serial_num_handles                       0x20002108   Data           8  ble_dis.o(.data)
    hw_rev_handles                           0x20002110   Data           8  ble_dis.o(.data)
    fw_rev_handles                           0x20002118   Data           8  ble_dis.o(.data)
    sw_rev_handles                           0x20002120   Data           8  ble_dis.o(.data)
    sys_id_handles                           0x20002128   Data           8  ble_dis.o(.data)
    reg_cert_data_list_handles               0x20002130   Data           8  ble_dis.o(.data)
    pnp_id_handles                           0x20002138   Data           8  ble_dis.o(.data)
    .data                                    0x20002140   Section      106  ble_gogglepal.o(.data)
    gp_empty_buffer                          0x20002140   Data          20  ble_gogglepal.o(.data)
    gp_sync_end                              0x20002154   Data          20  ble_gogglepal.o(.data)
    gp_handshake_command                     0x20002168   Data           5  ble_gogglepal.o(.data)
    CurrentCountUserDesp                     0x2000216e   Data          20  ble_gogglepal.o(.data)
    FlashDataUserDesp                        0x20002182   Data          20  ble_gogglepal.o(.data)
    FlashHeaderUserDesp                      0x20002196   Data          20  ble_gogglepal.o(.data)
    .data                                    0x200021ac   Section        8  ble_radio_notification.o(.data)
    m_radio_active                           0x200021ac   Data           1  ble_radio_notification.o(.data)
    m_evt_handler                            0x200021b0   Data           4  ble_radio_notification.o(.data)
    .data                                    0x200021b4   Section       26  ble_ancs_c.o(.data)
    m_tx_insert_index                        0x200021b4   Data           4  ble_ancs_c.o(.data)
    m_tx_index                               0x200021b8   Data           4  ble_ancs_c.o(.data)
    mp_ble_ancs                              0x200021bc   Data           4  ble_ancs_c.o(.data)
    m_expected_number_of_attrs               0x200021c0   Data           4  ble_ancs_c.o(.data)
    m_parse_state                            0x200021c4   Data           1  ble_ancs_c.o(.data)
    p_data_dest                              0x200021c8   Data           4  ble_ancs_c.o(.data)
    current_attr_index                       0x200021cc   Data           2  ble_ancs_c.o(.data)
    .data                                    0x200021d0   Section       13  ble_db_discovery.o(.data)
    m_pending_usr_evt_index                  0x200021d0   Data           4  ble_db_discovery.o(.data)
    m_num_of_handlers_reg                    0x200021d4   Data           4  ble_db_discovery.o(.data)
    m_num_of_discoveries_made                0x200021d8   Data           4  ble_db_discovery.o(.data)
    m_initialized                            0x200021dc   Data           1  ble_db_discovery.o(.data)
    .data                                    0x200021e0   Section       13  app_uart.o(.data)
    m_tx_byte                                0x200021e0   Data           1  app_uart.o(.data)
    m_rx_byte                                0x200021e2   Data           2  app_uart.o(.data)
    m_instance_counter                       0x200021e4   Data           1  app_uart.o(.data)
    m_event_handler                          0x200021e8   Data           4  app_uart.o(.data)
    m_current_state                          0x200021ec   Data           1  app_uart.o(.data)
    .data                                    0x200021f0   Section       12  pstorage.o(.data)
    m_next_app_instance                      0x200021f0   Data           2  pstorage.o(.data)
    m_next_page_addr                         0x200021f4   Data           4  pstorage.o(.data)
    m_round_val                              0x200021f8   Data           2  pstorage.o(.data)
    m_module_initialized                     0x200021fa   Data           1  pstorage.o(.data)
    m_swap_state                             0x200021fb   Data           1  pstorage.o(.data)
    .data                                    0x200021fc   Section       42  app_timer.o(.data)
    m_node_array_size                        0x200021fc   Data           1  app_timer.o(.data)
    mp_nodes                                 0x20002200   Data           4  app_timer.o(.data)
    m_user_array_size                        0x20002204   Data           1  app_timer.o(.data)
    mp_users                                 0x20002208   Data           4  app_timer.o(.data)
    m_timer_id_head                          0x2000220c   Data           4  app_timer.o(.data)
    m_ticks_latest                           0x20002210   Data           4  app_timer.o(.data)
    m_ticks_elapsed                          0x20002214   Data           8  app_timer.o(.data)
    m_ticks_elapsed_q_read_ind               0x2000221c   Data           1  app_timer.o(.data)
    m_ticks_elapsed_q_write_ind              0x2000221d   Data           1  app_timer.o(.data)
    m_evt_schedule_func                      0x20002220   Data           4  app_timer.o(.data)
    m_rtc1_running                           0x20002224   Data           1  app_timer.o(.data)
    m_rtc1_reset                             0x20002225   Data           1  app_timer.o(.data)
    .data                                    0x20002228   Section       14  app_scheduler.o(.data)
    m_queue_event_headers                    0x20002228   Data           4  app_scheduler.o(.data)
    m_queue_event_data                       0x2000222c   Data           4  app_scheduler.o(.data)
    m_queue_start_index                      0x20002230   Data           1  app_scheduler.o(.data)
    m_queue_end_index                        0x20002231   Data           1  app_scheduler.o(.data)
    m_queue_event_size                       0x20002232   Data           2  app_scheduler.o(.data)
    m_queue_size                             0x20002234   Data           2  app_scheduler.o(.data)
    .data                                    0x20002238   Section       24  softdevice_handler.o(.data)
    m_evt_schedule_func                      0x20002238   Data           4  softdevice_handler.o(.data)
    m_softdevice_enabled                     0x2000223c   Data           1  softdevice_handler.o(.data)
    mp_ble_evt_buffer                        0x20002240   Data           4  softdevice_handler.o(.data)
    m_ble_evt_buffer_size                    0x20002244   Data           2  softdevice_handler.o(.data)
    m_ble_evt_handler                        0x20002248   Data           4  softdevice_handler.o(.data)
    m_sys_evt_handler                        0x2000224c   Data           4  softdevice_handler.o(.data)
    .bss                                     0x20002250   Section     2624  main.o(.bss)
    m_gogglepal                              0x20002250   Data          68  main.o(.bss)
    m_ancs_c                                 0x200022bc   Data          12  main.o(.bss)
    m_ble_db_discovery                       0x200022c8   Data          98  main.o(.bss)
    m_attr_title                             0x2000232a   Data          32  main.o(.bss)
    m_attr_subtitle                          0x2000234a   Data          32  main.o(.bss)
    m_attr_message                           0x2000236a   Data          32  main.o(.bss)
    m_attr_message_size                      0x2000238a   Data          32  main.o(.bss)
    m_attr_date                              0x200023aa   Data          32  main.o(.bss)
    m_attr_posaction                         0x200023ca   Data          32  main.o(.bss)
    m_attr_negaction                         0x200023ea   Data          32  main.o(.bss)
    APP_TIMER_BUF                            0x20002488   Data         768  main.o(.bss)
    APP_SCHED_BUF                            0x20002788   Data         352  main.o(.bss)
    BLE_EVT_BUFFER                           0x200028e8   Data          72  main.o(.bss)
    rx_buf                                   0x20002930   Data         256  main.o(.bss)
    tx_buf                                   0x20002a30   Data         256  main.o(.bss)
    APP_SCHED_BUF                            0x20002b30   Data         352  main.o(.bss)
    .bss                                     0x20002c90   Section       28  ble_conn_params.o(.bss)
    m_conn_params_config                     0x20002c90   Data          28  ble_conn_params.o(.bss)
    .bss                                     0x20002cac   Section      287  device_manager_peripheral.o(.bss)
    m_peer_table                             0x20002cac   Data         196  device_manager_peripheral.o(.bss)
    m_bond_table                             0x20002d70   Data          28  device_manager_peripheral.o(.bss)
    m_gatts_table                            0x20002d8c   Data          16  device_manager_peripheral.o(.bss)
    m_connection_table                       0x20002d9c   Data          12  device_manager_peripheral.o(.bss)
    m_application_table                      0x20002da8   Data          12  device_manager_peripheral.o(.bss)
    m_local_id_info                          0x20002db4   Data          23  device_manager_peripheral.o(.bss)
    .bss                                     0x20002dcc   Section      247  ble_advertising.o(.bss)
    m_advdata                                0x20002dcc   Data          48  ble_advertising.o(.bss)
    m_adv_modes_config                       0x20002dfc   Data          32  ble_advertising.o(.bss)
    m_whitelist                              0x20002e1c   Data          16  ble_advertising.o(.bss)
    mp_whitelist_addr                        0x20002e2c   Data          32  ble_advertising.o(.bss)
    mp_whitelist_irk                         0x20002e4c   Data          32  ble_advertising.o(.bss)
    m_manuf_specific_data                    0x20002e6c   Data          12  ble_advertising.o(.bss)
    m_manuf_data_array                       0x20002e78   Data          31  ble_advertising.o(.bss)
    m_service_data                           0x20002e98   Data          12  ble_advertising.o(.bss)
    m_service_data_array                     0x20002ea4   Data          31  ble_advertising.o(.bss)
    .bss                                     0x20002ec3   Section       60  ble_gogglepal.o(.bss)
    gp_blank_data                            0x20002ec3   Data          20  ble_gogglepal.o(.bss)
    gp_user_profile                          0x20002ed7   Data          20  ble_gogglepal.o(.bss)
    gp_temp_data                             0x20002eeb   Data          20  ble_gogglepal.o(.bss)
    .bss                                     0x20002f00   Section      464  ble_ancs_c.o(.bss)
    m_tx_buffer                              0x20002f00   Data         288  ble_ancs_c.o(.bss)
    m_service                                0x20003020   Data          46  ble_ancs_c.o(.bss)
    m_ancs_attr_list                         0x20003050   Data          64  ble_ancs_c.o(.bss)
    m_ancs_evt                               0x20003090   Data          32  ble_ancs_c.o(.bss)
    evt                                      0x200030b0   Data          32  ble_ancs_c.o(.bss)
    .bss                                     0x200030d0   Section      128  ble_db_discovery.o(.bss)
    m_registered_handlers                    0x200030d0   Data          16  ble_db_discovery.o(.bss)
    m_pending_user_evts                      0x200030e0   Data         112  ble_db_discovery.o(.bss)
    .bss                                     0x20003150   Section       84  nrf_drv_gpiote.o(.bss)
    m_cb                                     0x20003150   Data          84  nrf_drv_gpiote.o(.bss)
    .bss                                     0x200031a4   Section      220  pstorage.o(.bss)
    m_cmd_queue                              0x200031a4   Data         204  pstorage.o(.bss)
    m_app_table                              0x20003270   Data          16  pstorage.o(.bss)
    STACK                                    0x20003280   Section     2048  arm_startup_nrf51.o(STACK)

    Global Symbols

    Symbol Name                              Value     Ov Type        Size  Object(Section)

    BuildAttributes$$THM_ISAv3M$S$PE$A:L22$X:L11$S22$IEEE1$IW$USESV6$~STKCKD$USESV7$~SHL$OSPACE$ROPI$EBA8$MICROLIB$REQ8$PRES8$EABIv2 0x00000000   Number         0  anon$$obj.o ABSOLUTE
    __ARM_use_no_argv                        0x00000000   Number         0  main.o ABSOLUTE
    _printf_a                                0x00000000   Number         0  stubs.o ABSOLUTE
    _printf_c                                0x00000000   Number         0  stubs.o ABSOLUTE
    _printf_charcount                        0x00000000   Number         0  stubs.o ABSOLUTE
    _printf_d                                0x00000000   Number         0  stubs.o ABSOLUTE
    _printf_e                                0x00000000   Number         0  stubs.o ABSOLUTE
    _printf_f                                0x00000000   Number         0  stubs.o ABSOLUTE
    _printf_flags                            0x00000000   Number         0  stubs.o ABSOLUTE
    _printf_fp_dec                           0x00000000   Number         0  stubs.o ABSOLUTE
    _printf_fp_hex                           0x00000000   Number         0  stubs.o ABSOLUTE
    _printf_g                                0x00000000   Number         0  stubs.o ABSOLUTE
    _printf_i                                0x00000000   Number         0  stubs.o ABSOLUTE
    _printf_int_dec                          0x00000000   Number         0  stubs.o ABSOLUTE
    _printf_l                                0x00000000   Number         0  stubs.o ABSOLUTE
    _printf_lc                               0x00000000   Number         0  stubs.o ABSOLUTE
    _printf_ll                               0x00000000   Number         0  stubs.o ABSOLUTE
    _printf_lld                              0x00000000   Number         0  stubs.o ABSOLUTE
    _printf_lli                              0x00000000   Number         0  stubs.o ABSOLUTE
    _printf_llo                              0x00000000   Number         0  stubs.o ABSOLUTE
    _printf_llu                              0x00000000   Number         0  stubs.o ABSOLUTE
    _printf_llx                              0x00000000   Number         0  stubs.o ABSOLUTE
    _printf_longlong_dec                     0x00000000   Number         0  stubs.o ABSOLUTE
    _printf_longlong_hex                     0x00000000   Number         0  stubs.o ABSOLUTE
    _printf_longlong_oct                     0x00000000   Number         0  stubs.o ABSOLUTE
    _printf_ls                               0x00000000   Number         0  stubs.o ABSOLUTE
    _printf_mbtowc                           0x00000000   Number         0  stubs.o ABSOLUTE
    _printf_n                                0x00000000   Number         0  stubs.o ABSOLUTE
    _printf_o                                0x00000000   Number         0  stubs.o ABSOLUTE
    _printf_p                                0x00000000   Number         0  stubs.o ABSOLUTE
    _printf_percent                          0x00000000   Number         0  stubs.o ABSOLUTE
    _printf_pre_padding                      0x00000000   Number         0  stubs.o ABSOLUTE
    _printf_return_value                     0x00000000   Number         0  stubs.o ABSOLUTE
    _printf_s                                0x00000000   Number         0  stubs.o ABSOLUTE
    _printf_sizespec                         0x00000000   Number         0  stubs.o ABSOLUTE
    _printf_str                              0x00000000   Number         0  stubs.o ABSOLUTE
    _printf_truncate_signed                  0x00000000   Number         0  stubs.o ABSOLUTE
    _printf_truncate_unsigned                0x00000000   Number         0  stubs.o ABSOLUTE
    _printf_u                                0x00000000   Number         0  stubs.o ABSOLUTE
    _printf_wc                               0x00000000   Number         0  stubs.o ABSOLUTE
    _printf_wctomb                           0x00000000   Number         0  stubs.o ABSOLUTE
    _printf_widthprec                        0x00000000   Number         0  stubs.o ABSOLUTE
    _printf_x                                0x00000000   Number         0  stubs.o ABSOLUTE
    __cpp_initialize__aeabi_                  - Undefined Weak Reference
    __cxa_finalize                            - Undefined Weak Reference
    _clock_init                               - Undefined Weak Reference
    _microlib_exit                            - Undefined Weak Reference
    __Vectors_Size                           0x000000c0   Number         0  arm_startup_nrf51.o ABSOLUTE
    __Vectors                                0x00018000   Data           4  arm_startup_nrf51.o(RESET)
    __Vectors_End                            0x000180c0   Data           0  arm_startup_nrf51.o(RESET)
    __main                                   0x000180c1   Thumb Code     0  entry.o(.ARM.Collect$$$$00000000)
    _main_stk                                0x000180c1   Thumb Code     0  entry2.o(.ARM.Collect$$$$00000001)
    _main_scatterload                        0x000180c5   Thumb Code     0  entry5.o(.ARM.Collect$$$$00000004)
    __main_after_scatterload                 0x000180c9   Thumb Code     0  entry5.o(.ARM.Collect$$$$00000004)
    _main_clock                              0x000180c9   Thumb Code     0  entry7b.o(.ARM.Collect$$$$00000008)
    _main_cpp_init                           0x000180c9   Thumb Code     0  entry8b.o(.ARM.Collect$$$$0000000A)
    _main_init                               0x000180c9   Thumb Code     0  entry9a.o(.ARM.Collect$$$$0000000B)
    __rt_final_cpp                           0x000180d1   Thumb Code     0  entry10a.o(.ARM.Collect$$$$0000000D)
    __rt_final_exit                          0x000180d1   Thumb Code     0  entry11a.o(.ARM.Collect$$$$0000000F)
    __asm___11_nrf_delay_c_532987f3__nrf_delay_us 0x000180d5   Thumb Code    30  nrf_delay.o(.emb_text)
    __asm___11_app_timer_c_cd27f9c3__nrf_delay_us 0x000180f5   Thumb Code    30  app_timer.o(.emb_text)
    Reset_Handler                            0x00018115   Thumb Code    26  arm_startup_nrf51.o(.text)
    NMI_Handler                              0x0001812f   Thumb Code     2  arm_startup_nrf51.o(.text)
    HardFault_Handler                        0x00018131   Thumb Code     2  arm_startup_nrf51.o(.text)
    SVC_Handler                              0x00018133   Thumb Code     2  arm_startup_nrf51.o(.text)
    PendSV_Handler                           0x00018135   Thumb Code     2  arm_startup_nrf51.o(.text)
    SysTick_Handler                          0x00018137   Thumb Code     2  arm_startup_nrf51.o(.text)
    ADC_IRQHandler                           0x00018139   Thumb Code     0  arm_startup_nrf51.o(.text)
    CCM_AAR_IRQHandler                       0x00018139   Thumb Code     0  arm_startup_nrf51.o(.text)
    ECB_IRQHandler                           0x00018139   Thumb Code     0  arm_startup_nrf51.o(.text)
    LPCOMP_IRQHandler                        0x00018139   Thumb Code     0  arm_startup_nrf51.o(.text)
    POWER_CLOCK_IRQHandler                   0x00018139   Thumb Code     0  arm_startup_nrf51.o(.text)
    QDEC_IRQHandler                          0x00018139   Thumb Code     0  arm_startup_nrf51.o(.text)
    RADIO_IRQHandler                         0x00018139   Thumb Code     0  arm_startup_nrf51.o(.text)
    RNG_IRQHandler                           0x00018139   Thumb Code     0  arm_startup_nrf51.o(.text)
    RTC0_IRQHandler                          0x00018139   Thumb Code     0  arm_startup_nrf51.o(.text)
    SPI0_TWI0_IRQHandler                     0x00018139   Thumb Code     0  arm_startup_nrf51.o(.text)
    SPI1_TWI1_IRQHandler                     0x00018139   Thumb Code     0  arm_startup_nrf51.o(.text)
    SWI3_IRQHandler                          0x00018139   Thumb Code     0  arm_startup_nrf51.o(.text)
    SWI4_IRQHandler                          0x00018139   Thumb Code     0  arm_startup_nrf51.o(.text)
    SWI5_IRQHandler                          0x00018139   Thumb Code     0  arm_startup_nrf51.o(.text)
    TEMP_IRQHandler                          0x00018139   Thumb Code     0  arm_startup_nrf51.o(.text)
    TIMER0_IRQHandler                        0x00018139   Thumb Code     0  arm_startup_nrf51.o(.text)
    TIMER1_IRQHandler                        0x00018139   Thumb Code     0  arm_startup_nrf51.o(.text)
    TIMER2_IRQHandler                        0x00018139   Thumb Code     0  arm_startup_nrf51.o(.text)
    WDT_IRQHandler                           0x00018139   Thumb Code     0  arm_startup_nrf51.o(.text)
    __aeabi_uidiv                            0x0001814d   Thumb Code     0  uidiv.o(.text)
    __aeabi_uidivmod                         0x0001814d   Thumb Code    44  uidiv.o(.text)
    __aeabi_idiv                             0x00018179   Thumb Code     0  idiv.o(.text)
    __aeabi_idivmod                          0x00018179   Thumb Code    40  idiv.o(.text)
    __aeabi_memcpy                           0x000181a1   Thumb Code    36  memcpya.o(.text)
    __aeabi_memcpy4                          0x000181a1   Thumb Code     0  memcpya.o(.text)
    __aeabi_memcpy8                          0x000181a1   Thumb Code     0  memcpya.o(.text)
    __aeabi_memset                           0x000181c5   Thumb Code    14  memseta.o(.text)
    __aeabi_memset4                          0x000181c5   Thumb Code     0  memseta.o(.text)
    __aeabi_memset8                          0x000181c5   Thumb Code     0  memseta.o(.text)
    __aeabi_memclr                           0x000181d3   Thumb Code     4  memseta.o(.text)
    __aeabi_memclr4                          0x000181d3   Thumb Code     0  memseta.o(.text)
    __aeabi_memclr8                          0x000181d3   Thumb Code     0  memseta.o(.text)
    _memset$wrapper                          0x000181d7   Thumb Code    18  memseta.o(.text)
    strlen                                   0x000181e9   Thumb Code    14  strlen.o(.text)
    memcmp                                   0x000181f7   Thumb Code    26  memcmp.o(.text)
    __scatterload                            0x00018211   Thumb Code    28  init.o(.text)
    __scatterload_rt2                        0x00018211   Thumb Code     0  init.o(.text)
    __decompress                             0x00018235   Thumb Code     0  __dczerorl2.o(.text)
    __decompress1                            0x00018235   Thumb Code    86  __dczerorl2.o(.text)
    GPIOTE_IRQHandler                        0x0001828d   Thumb Code   380  nrf_drv_gpiote.o(i.GPIOTE_IRQHandler)
    RTC1_IRQHandler                          0x000185d5   Thumb Code    34  app_timer.o(i.RTC1_IRQHandler)
    SWI0_IRQHandler                          0x000185fd   Thumb Code     8  app_timer.o(i.SWI0_IRQHandler)
    SWI1_IRQHandler                          0x00018605   Thumb Code    34  ble_radio_notification.o(i.SWI1_IRQHandler)
    SWI2_IRQHandler                          0x00018631   Thumb Code    50  softdevice_handler.o(i.SWI2_IRQHandler)
    SystemInit                               0x00018669   Thumb Code    38  system_nrf51.o(i.SystemInit)
    UART0_IRQHandler                         0x000186a1   Thumb Code   148  app_uart.o(i.UART0_IRQHandler)
    __ARM_common_switch8                     0x00018749   Thumb Code    28  main.o(i.__ARM_common_switch8)
    __scatterload_copy                       0x00018765   Thumb Code    14  handlers.o(i.__scatterload_copy)
    __scatterload_null                       0x00018773   Thumb Code     2  handlers.o(i.__scatterload_null)
    __scatterload_zeroinit                   0x00018775   Thumb Code    14  handlers.o(i.__scatterload_zeroinit)
    action_tx_stop                           0x000187bd   Thumb Code    28  app_uart.o(i.action_tx_stop)
    app_error_handler                        0x000189c1   Thumb Code     4  main.o(i.app_error_handler)
    app_sched_event_put                      0x00018a7d   Thumb Code   252  app_scheduler.o(i.app_sched_event_put)
    app_sched_execute                        0x00018b91   Thumb Code    30  app_scheduler.o(i.app_sched_execute)
    app_sched_init                           0x00018bb1   Thumb Code    66  app_scheduler.o(i.app_sched_init)
    app_timer_create                         0x00018c0d   Thumb Code   108  app_timer.o(i.app_timer_create)
    app_timer_evt_schedule                   0x00018cb5   Thumb Code    22  app_timer_appsh.o(i.app_timer_evt_schedule)
    app_timer_init                           0x00018cd1   Thumb Code   204  app_timer.o(i.app_timer_init)
    app_timer_start                          0x00018dc1   Thumb Code    98  app_timer.o(i.app_timer_start)
    app_timer_stop                           0x00018e2d   Thumb Code    60  app_timer.o(i.app_timer_stop)
    app_uart_close                           0x00018e71   Thumb Code    36  app_uart.o(i.app_uart_close)
    app_uart_get                             0x00018e99   Thumb Code    34  app_uart.o(i.app_uart_get)
    app_uart_init                            0x00018ec5   Thumb Code   362  app_uart.o(i.app_uart_init)
    app_uart_put                             0x0001905d   Thumb Code    32  app_uart.o(i.app_uart_put)
    ble_advdata_set                          0x0001916d   Thumb Code   122  ble_advdata.o(i.ble_advdata_set)
    ble_advertising_init                     0x000191e9   Thumb Code   350  ble_advertising.o(i.ble_advertising_init)
    ble_advertising_on_ble_evt               0x00019381   Thumb Code   272  ble_advertising.o(i.ble_advertising_on_ble_evt)
    ble_advertising_on_sys_evt               0x000194b5   Thumb Code    70  ble_advertising.o(i.ble_advertising_on_sys_evt)
    ble_advertising_start                    0x00019519   Thumb Code   556  ble_advertising.o(i.ble_advertising_start)
    ble_advertising_whitelist_reply          0x00019771   Thumb Code    88  ble_advertising.o(i.ble_advertising_whitelist_reply)
    ble_ancs_c_attr_add                      0x000197d9   Thumb Code    50  ble_ancs_c.o(i.ble_ancs_c_attr_add)
    ble_ancs_c_data_source_notif_enable      0x00019811   Thumb Code    18  ble_ancs_c.o(i.ble_ancs_c_data_source_notif_enable)
    ble_ancs_c_init                          0x00019829   Thumb Code   110  ble_ancs_c.o(i.ble_ancs_c_init)
    ble_ancs_c_notif_source_notif_enable     0x000198ad   Thumb Code    18  ble_ancs_c.o(i.ble_ancs_c_notif_source_notif_enable)
    ble_ancs_c_on_ble_evt                    0x000198c5   Thumb Code    40  ble_ancs_c.o(i.ble_ancs_c_on_ble_evt)
    ble_ancs_c_on_device_manager_evt         0x000198ed   Thumb Code    26  ble_ancs_c.o(i.ble_ancs_c_on_device_manager_evt)
    ble_conn_params_init                     0x0001991d   Thumb Code    90  ble_conn_params.o(i.ble_conn_params_init)
    ble_conn_params_on_ble_evt               0x00019995   Thumb Code    62  ble_conn_params.o(i.ble_conn_params_on_ble_evt)
    ble_db_discovery_evt_register            0x000199d5   Thumb Code    52  ble_db_discovery.o(i.ble_db_discovery_evt_register)
    ble_db_discovery_init                    0x00019a11   Thumb Code    24  ble_db_discovery.o(i.ble_db_discovery_init)
    ble_db_discovery_on_ble_evt              0x00019a39   Thumb Code   118  ble_db_discovery.o(i.ble_db_discovery_on_ble_evt)
    ble_db_discovery_start                   0x00019ab5   Thumb Code   128  ble_db_discovery.o(i.ble_db_discovery_start)
    ble_dis_init                             0x00019b49   Thumb Code   386  ble_dis.o(i.ble_dis_init)
    ble_gogglepal_flash_data_transmit        0x00019d41   Thumb Code   190  ble_gogglepal.o(i.ble_gogglepal_flash_data_transmit)
    ble_gogglepal_flash_header_transmit      0x00019e15   Thumb Code   134  ble_gogglepal.o(i.ble_gogglepal_flash_header_transmit)
    ble_gogglepal_get_handle_object          0x00019ea5   Thumb Code     4  main.o(i.ble_gogglepal_get_handle_object)
    ble_gogglepal_init                       0x00019ead   Thumb Code   214  ble_gogglepal.o(i.ble_gogglepal_init)
    ble_gogglepal_on_ble_evt                 0x00019f8d   Thumb Code   116  ble_gogglepal.o(i.ble_gogglepal_on_ble_evt)
    ble_gogglepal_scoreboard_transmit        0x0001a001   Thumb Code   120  ble_gogglepal.o(i.ble_gogglepal_scoreboard_transmit)
    ble_srv_ascii_to_utf8                    0x0001a07d   Thumb Code    18  ble_srv_common.o(i.ble_srv_ascii_to_utf8)
    bond_data_load                           0x0001a141   Thumb Code    62  device_manager_peripheral.o(i.bond_data_load)
    dm_ble_evt_handler                       0x0001b1d9   Thumb Code  1552  device_manager_peripheral.o(i.dm_ble_evt_handler)
    dm_handle_initialize                     0x0001b805   Thumb Code    24  device_manager_peripheral.o(i.dm_handle_initialize)
    dm_init                                  0x0001b821   Thumb Code   234  device_manager_peripheral.o(i.dm_init)
    dm_register                              0x0001bb25   Thumb Code   176  device_manager_peripheral.o(i.dm_register)
    dm_security_setup_req                    0x0001bbe1   Thumb Code   136  device_manager_peripheral.o(i.dm_security_setup_req)
    dm_security_status_req                   0x0001bc79   Thumb Code   178  device_manager_peripheral.o(i.dm_security_status_req)
    dm_whitelist_create                      0x0001bd3d   Thumb Code   260  device_manager_peripheral.o(i.dm_whitelist_create)
    intern_softdevice_events_execute         0x0001c7e1   Thumb Code   168  softdevice_handler.o(i.intern_softdevice_events_execute)
    main                                     0x0001cbdd   Thumb Code   184  main.o(i.main)
    nrf_delay_ms                             0x0001ce49   Thumb Code    24  nrf_delay.o(i.nrf_delay_ms)
    nrf_drv_common_irq_enable                0x0001ce65   Thumb Code    48  nrf_drv_common.o(i.nrf_drv_common_irq_enable)
    nrf_drv_gpiote_in_event_disable          0x0001ce9d   Thumb Code   116  nrf_drv_gpiote.o(i.nrf_drv_gpiote_in_event_disable)
    nrf_drv_gpiote_in_event_enable           0x0001cf1d   Thumb Code   168  nrf_drv_gpiote.o(i.nrf_drv_gpiote_in_event_enable)
    nrf_drv_gpiote_in_init                   0x0001cfcd   Thumb Code   226  nrf_drv_gpiote.o(i.nrf_drv_gpiote_in_init)
    nrf_drv_gpiote_in_is_set                 0x0001d0c1   Thumb Code    26  nrf_drv_gpiote.o(i.nrf_drv_gpiote_in_is_set)
    nrf_drv_gpiote_in_uninit                 0x0001d0e1   Thumb Code    74  nrf_drv_gpiote.o(i.nrf_drv_gpiote_in_uninit)
    nrf_drv_gpiote_init                      0x0001d131   Thumb Code    76  nrf_drv_gpiote.o(i.nrf_drv_gpiote_init)
    nrf_drv_gpiote_is_init                   0x0001d181   Thumb Code    16  nrf_drv_gpiote.o(i.nrf_drv_gpiote_is_init)
    nrf_drv_gpiote_out_init                  0x0001d195   Thumb Code   226  nrf_drv_gpiote.o(i.nrf_drv_gpiote_out_init)
    pstorage_access_status_get               0x0001e201   Thumb Code    36  pstorage.o(i.pstorage_access_status_get)
    pstorage_block_identifier_get            0x0001e22d   Thumb Code   136  pstorage.o(i.pstorage_block_identifier_get)
    pstorage_clear                           0x0001e2bd   Thumb Code   166  pstorage.o(i.pstorage_clear)
    pstorage_init                            0x0001e3a1   Thumb Code   128  pstorage.o(i.pstorage_init)
    pstorage_load                            0x0001e43d   Thumb Code   226  pstorage.o(i.pstorage_load)
    pstorage_register                        0x0001e529   Thumb Code   306  pstorage.o(i.pstorage_register)
    pstorage_store                           0x0001e66d   Thumb Code   202  pstorage.o(i.pstorage_store)
    pstorage_sys_event_handler               0x0001e741   Thumb Code   436  pstorage.o(i.pstorage_sys_event_handler)
    pstorage_update                          0x0001e905   Thumb Code   202  pstorage.o(i.pstorage_update)
    queueSerialEvent                         0x0001e9d9   Thumb Code   116  main.o(i.queueSerialEvent)
    set_sync_state                           0x0001f171   Thumb Code     6  ble_gogglepal.o(i.set_sync_state)
    softdevice_assertion_handler             0x0001f19b   Thumb Code    18  softdevice_handler.o(i.softdevice_assertion_handler)
    softdevice_ble_evt_handler_set           0x0001f1ad   Thumb Code    18  softdevice_handler.o(i.softdevice_ble_evt_handler_set)
    softdevice_handler_init                  0x0001f1c5   Thumb Code    84  softdevice_handler.o(i.softdevice_handler_init)
    softdevice_sys_evt_handler_set           0x0001f22d   Thumb Code    18  softdevice_handler.o(i.softdevice_sys_evt_handler_set)
    update_user_profile                      0x0001fb41   Thumb Code    16  ble_gogglepal.o(i.update_user_profile)
    m_service_context_store                  0x0001fdec   Data          16  device_manager_peripheral.o(.constdata)
    m_service_context_load                   0x0001fdfc   Data          16  device_manager_peripheral.o(.constdata)
    m_service_context_apply                  0x0001fe0c   Data          16  device_manager_peripheral.o(.constdata)
    m_context_init_len                       0x0001fe1c   Data           4  device_manager_peripheral.o(.constdata)
    ble_ancs_base_uuid128                    0x0001fe6c   Data          16  ble_ancs_c.o(.constdata)
    ble_ancs_cp_base_uuid128                 0x0001fe7c   Data          16  ble_ancs_c.o(.constdata)
    ble_ancs_ns_base_uuid128                 0x0001fe8c   Data          16  ble_ancs_c.o(.constdata)
    ble_ancs_ds_base_uuid128                 0x0001fe9c   Data          16  ble_ancs_c.o(.constdata)
    Region$$Table$$Base                      0x0001ffe0   Number         0  anon$$obj.o(Region$$Table)
    Region$$Table$$Limit                     0x00020000   Number         0  anon$$obj.o(Region$$Table)
    sg_MCU_Send_Again_State                  0x2000201d   Data           1  main.o(.data)
    sg_SYNC_Data_Packet_Type                 0x2000201e   Data           1  main.o(.data)
    SystemCoreClock                          0x200020a0   Data           4  system_nrf51.o(.data)
    gogglepal_sync_started                   0x2000216d   Data           1  ble_gogglepal.o(.data)
    gogglepal_temp_flash_header              0x20002294   Data          20  main.o(.bss)
    gogglepal_temp_data_buffer               0x200022a8   Data          20  main.o(.bss)
    sg_mcu_msg                               0x2000240a   Data         123  main.o(.bss)
    __initial_sp                             0x20003a80   Data           0  arm_startup_nrf51.o(STACK)



==============================================================================

Memory Map of the image

  Image Entry point : 0x000180c1

  Load Region LR_IROM1 (Base: 0x00018000, Size: 0x00008250, Max: 0x00028000, ABSOLUTE, COMPRESSED[0x0000808c])

    Execution Region ER_IROM1 (Base: 0x00018000, Size: 0x00008000, Max: 0x00028000, ABSOLUTE)

    Base Addr    Size         Type   Attr      Idx    E Section Name        Object

    0x00018000   0x000000c0   Data   RO          613    RESET               arm_startup_nrf51.o
    0x000180c0   0x00000000   Code   RO         2781  * .ARM.Collect$$$$00000000  mc_p.l(entry.o)
    0x000180c0   0x00000004   Code   RO         3059    .ARM.Collect$$$$00000001  mc_p.l(entry2.o)
    0x000180c4   0x00000004   Code   RO         3062    .ARM.Collect$$$$00000004  mc_p.l(entry5.o)
    0x000180c8   0x00000000   Code   RO         3064    .ARM.Collect$$$$00000008  mc_p.l(entry7b.o)
    0x000180c8   0x00000000   Code   RO         3066    .ARM.Collect$$$$0000000A  mc_p.l(entry8b.o)
    0x000180c8   0x00000008   Code   RO         3067    .ARM.Collect$$$$0000000B  mc_p.l(entry9a.o)
    0x000180d0   0x00000000   Code   RO         3069    .ARM.Collect$$$$0000000D  mc_p.l(entry10a.o)
    0x000180d0   0x00000000   Code   RO         3071    .ARM.Collect$$$$0000000F  mc_p.l(entry11a.o)
    0x000180d0   0x00000004   Code   RO         3060    .ARM.Collect$$$$00002712  mc_p.l(entry2.o)
    0x000180d4   0x0000001e   Code   RO         1790    .emb_text           nrf_delay.o
    0x000180f2   0x00000002   PAD
    0x000180f4   0x0000001e   Code   RO         2336    .emb_text           app_timer.o
    0x00018112   0x00000002   PAD
    0x00018114   0x00000038   Code   RO          614    .text               arm_startup_nrf51.o
    0x0001814c   0x0000002c   Code   RO         2784    .text               mc_p.l(uidiv.o)
    0x00018178   0x00000028   Code   RO         2786    .text               mc_p.l(idiv.o)
    0x000181a0   0x00000024   Code   RO         2788    .text               mc_p.l(memcpya.o)
    0x000181c4   0x00000024   Code   RO         2790    .text               mc_p.l(memseta.o)
    0x000181e8   0x0000000e   Code   RO         2792    .text               mc_p.l(strlen.o)
    0x000181f6   0x0000001a   Code   RO         2794    .text               mc_p.l(memcmp.o)
    0x00018210   0x00000024   Code   RO         3086    .text               mc_p.l(init.o)
    0x00018234   0x00000056   Code   RO         3106    .text               mc_p.l(__dczerorl2.o)
    0x0001828a   0x00000002   PAD
    0x0001828c   0x00000188   Code   RO         1849    i.GPIOTE_IRQHandler  nrf_drv_gpiote.o
    0x00018414   0x00000014   Code   RO         2337    i.NVIC_ClearPendingIRQ  app_timer.o
    0x00018428   0x00000014   Code   RO         2338    i.NVIC_EnableIRQ    app_timer.o
    0x0001843c   0x00000014   Code   RO         2339    i.NVIC_SetPendingIRQ  app_timer.o
    0x00018450   0x00000078   Code   RO         1642    i.NVIC_SetPriority  app_uart.o
    0x000184c8   0x00000078   Code   RO         1821    i.NVIC_SetPriority  nrf_drv_common.o
    0x00018540   0x00000078   Code   RO         2340    i.NVIC_SetPriority  app_timer.o
    0x000185b8   0x0000001c   Code   RO            4    i.NVIC_SystemReset  main.o
    0x000185d4   0x00000028   Code   RO         2341    i.RTC1_IRQHandler   app_timer.o
    0x000185fc   0x00000008   Code   RO         2342    i.SWI0_IRQHandler   app_timer.o
    0x00018604   0x0000002c   Code   RO         1376    i.SWI1_IRQHandler   ble_radio_notification.o
    0x00018630   0x00000038   Code   RO         2716    i.SWI2_IRQHandler   softdevice_handler.o
    0x00018668   0x00000038   Code   RO          572    i.SystemInit        system_nrf51.o
    0x000186a0   0x000000a8   Code   RO         1643    i.UART0_IRQHandler  app_uart.o
    0x00018748   0x0000001c   Code   RO          224    i.__ARM_common_switch8  main.o
    0x00018764   0x0000000e   Code   RO         3100    i.__scatterload_copy  mc_p.l(handlers.o)
    0x00018772   0x00000002   Code   RO         3101    i.__scatterload_null  mc_p.l(handlers.o)
    0x00018774   0x0000000e   Code   RO         3102    i.__scatterload_zeroinit  mc_p.l(handlers.o)
    0x00018782   0x00000008   Code   RO         1644    i.action_tx_ready   app_uart.o
    0x0001878a   0x00000002   PAD
    0x0001878c   0x00000030   Code   RO         1645    i.action_tx_send    app_uart.o
    0x000187bc   0x00000028   Code   RO         1646    i.action_tx_stop    app_uart.o
    0x000187e4   0x00000024   Code   RO         1647    i.action_uart_deactivate  app_uart.o
    0x00018808   0x00000136   Code   RO          618    i.adv_data_encode   ble_advdata.o
    0x0001893e   0x00000014   Code   RO          619    i.advdata_check     ble_advdata.o
    0x00018952   0x00000002   PAD
    0x00018954   0x0000006c   Code   RO            5    i.advertising_init  main.o
    0x000189c0   0x00000004   Code   RO            6    i.app_error_handler  main.o
    0x000189c4   0x0000001c   Code   RO          864    i.app_evt_notify    device_manager_peripheral.o
    0x000189e0   0x00000028   Code   RO         2082    i.app_notify        pstorage.o
    0x00018a08   0x00000074   Code   RO         2641    i.app_sched_event_get  app_scheduler.o
    0x00018a7c   0x00000114   Code   RO         2642    i.app_sched_event_put  app_scheduler.o
    0x00018b90   0x0000001e   Code   RO         2643    i.app_sched_execute  app_scheduler.o
    0x00018bae   0x00000002   PAD
    0x00018bb0   0x0000005c   Code   RO         2644    i.app_sched_init    app_scheduler.o
    0x00018c0c   0x00000074   Code   RO         2345    i.app_timer_create  app_timer.o
    0x00018c80   0x00000032   Code   RO         2694    i.app_timer_evt_get  app_timer_appsh.o
    0x00018cb2   0x00000002   PAD
    0x00018cb4   0x0000001c   Code   RO         2695    i.app_timer_evt_schedule  app_timer_appsh.o
    0x00018cd0   0x000000f0   Code   RO         2346    i.app_timer_init    app_timer.o
    0x00018dc0   0x0000006c   Code   RO         2347    i.app_timer_start   app_timer.o
    0x00018e2c   0x00000044   Code   RO         2348    i.app_timer_stop    app_timer.o
    0x00018e70   0x00000028   Code   RO         1648    i.app_uart_close    app_uart.o
    0x00018e98   0x0000002c   Code   RO         1650    i.app_uart_get      app_uart.o
    0x00018ec4   0x00000198   Code   RO         1652    i.app_uart_init     app_uart.o
    0x0001905c   0x00000028   Code   RO         1653    i.app_uart_put      app_uart.o
    0x00019084   0x00000042   Code   RO            7    i.app_uart_transmit  main.o
    0x000190c6   0x0000004a   Code   RO          620    i.appearance_encode  ble_advdata.o
    0x00019110   0x0000000e   Code   RO            8    i.apple_notification_error_handler  main.o
    0x0001911e   0x00000002   PAD
    0x00019120   0x0000004c   Code   RO            9    i.apple_notification_setup  main.o
    0x0001916c   0x0000007a   Code   RO          621    i.ble_advdata_set   ble_advdata.o
    0x000191e6   0x00000002   PAD
    0x000191e8   0x00000198   Code   RO         1137    i.ble_advertising_init  ble_advertising.o
    0x00019380   0x00000134   Code   RO         1138    i.ble_advertising_on_ble_evt  ble_advertising.o
    0x000194b4   0x00000054   Code   RO         1139    i.ble_advertising_on_sys_evt  ble_advertising.o
    0x00019508   0x00000010   Code   RO         1141    i.ble_advertising_peer_address_clear  ble_advertising.o
    0x00019518   0x00000258   Code   RO         1143    i.ble_advertising_start  ble_advertising.o
    0x00019770   0x00000068   Code   RO         1144    i.ble_advertising_whitelist_reply  ble_advertising.o
    0x000197d8   0x00000038   Code   RO         1405    i.ble_ancs_c_attr_add  ble_ancs_c.o
    0x00019810   0x00000018   Code   RO         1407    i.ble_ancs_c_data_source_notif_enable  ble_ancs_c.o
    0x00019828   0x00000084   Code   RO         1408    i.ble_ancs_c_init   ble_ancs_c.o
    0x000198ac   0x00000018   Code   RO         1410    i.ble_ancs_c_notif_source_notif_enable  ble_ancs_c.o
    0x000198c4   0x00000028   Code   RO         1411    i.ble_ancs_c_on_ble_evt  ble_ancs_c.o
    0x000198ec   0x0000001a   Code   RO         1412    i.ble_ancs_c_on_device_manager_evt  ble_ancs_c.o
    0x00019906   0x00000016   Code   RO         1415    i.ble_ancs_verify_notification_format  ble_ancs_c.o
    0x0001991c   0x00000078   Code   RO          764    i.ble_conn_params_init  ble_conn_params.o
    0x00019994   0x0000003e   Code   RO          765    i.ble_conn_params_on_ble_evt  ble_conn_params.o
    0x000199d2   0x00000002   PAD
    0x000199d4   0x0000003c   Code   RO         1534    i.ble_db_discovery_evt_register  ble_db_discovery.o
    0x00019a10   0x00000028   Code   RO         1535    i.ble_db_discovery_init  ble_db_discovery.o
    0x00019a38   0x0000007c   Code   RO         1536    i.ble_db_discovery_on_ble_evt  ble_db_discovery.o
    0x00019ab4   0x00000094   Code   RO         1537    i.ble_db_discovery_start  ble_db_discovery.o
    0x00019b48   0x000001b4   Code   RO         1212    i.ble_dis_init      ble_dis.o
    0x00019cfc   0x00000044   Code   RO           11    i.ble_evt_dispatch  main.o
    0x00019d40   0x000000d4   Code   RO         1252    i.ble_gogglepal_flash_data_transmit  ble_gogglepal.o
    0x00019e14   0x00000090   Code   RO         1253    i.ble_gogglepal_flash_header_transmit  ble_gogglepal.o
    0x00019ea4   0x00000008   Code   RO           12    i.ble_gogglepal_get_handle_object  main.o
    0x00019eac   0x000000e0   Code   RO         1254    i.ble_gogglepal_init  ble_gogglepal.o
    0x00019f8c   0x00000074   Code   RO         1255    i.ble_gogglepal_on_ble_evt  ble_gogglepal.o
    0x0001a000   0x0000007c   Code   RO         1256    i.ble_gogglepal_scoreboard_transmit  ble_gogglepal.o
    0x0001a07c   0x00000012   Code   RO          844    i.ble_srv_ascii_to_utf8  ble_srv_common.o
    0x0001a08e   0x00000014   Code   RO         1257    i.ble_srv_is_notification_enabled  ble_gogglepal.o
    0x0001a0a2   0x00000002   PAD
    0x0001a0a4   0x0000009c   Code   RO           13    i.ble_stack_init    main.o
    0x0001a140   0x00000050   Code   RO          865    i.bond_data_load    device_manager_peripheral.o
    0x0001a190   0x00000104   Code   RO         1258    i.bootloader_char_add  ble_gogglepal.o
    0x0001a294   0x00000058   Code   RO           14    i.bootloader_write_handler  main.o
    0x0001a2ec   0x00000060   Code   RO         1416    i.cccd_configure    ble_ancs_c.o
    0x0001a34c   0x00000020   Code   RO         1850    i.channel_free      nrf_drv_gpiote.o
    0x0001a36c   0x00000010   Code   RO         1851    i.channel_handler_get  nrf_drv_gpiote.o
    0x0001a37c   0x00000078   Code   RO         1852    i.channel_port_alloc  nrf_drv_gpiote.o
    0x0001a3f4   0x0000000c   Code   RO         1853    i.channel_port_get  nrf_drv_gpiote.o
    0x0001a400   0x000000f0   Code   RO         1213    i.char_add          ble_dis.o
    0x0001a4f0   0x00000050   Code   RO         1538    i.characteristics_discover  ble_db_discovery.o
    0x0001a540   0x00000168   Code   RO         2083    i.cmd_process       pstorage.o
    0x0001a6a8   0x0000002c   Code   RO         2084    i.cmd_queue_dequeue  pstorage.o
    0x0001a6d4   0x0000003c   Code   RO         2085    i.cmd_queue_element_init  pstorage.o
    0x0001a710   0x00000098   Code   RO         2086    i.cmd_queue_enqueue  pstorage.o
    0x0001a7a8   0x00000034   Code   RO         2087    i.cmd_queue_init    pstorage.o
    0x0001a7dc   0x00000090   Code   RO         2350    i.compare_reg_update  app_timer.o
    0x0001a86c   0x0000005c   Code   RO          622    i.conn_int_check    ble_advdata.o
    0x0001a8c8   0x0000005c   Code   RO          623    i.conn_int_encode   ble_advdata.o
    0x0001a924   0x0000000e   Code   RO           15    i.conn_params_error_handler  main.o
    0x0001a932   0x00000002   PAD
    0x0001a934   0x0000005c   Code   RO           16    i.conn_params_init  main.o
    0x0001a990   0x00000094   Code   RO          767    i.conn_params_negotiation  ble_conn_params.o
    0x0001aa24   0x00000048   Code   RO          866    i.connection_instance_find  device_manager_peripheral.o
    0x0001aa6c   0x00000038   Code   RO          867    i.connection_instance_init  device_manager_peripheral.o
    0x0001aaa4   0x0000005c   Code   RO         2351    i.current_int_priority_get  app_timer.o
    0x0001ab00   0x0000005c   Code   RO         2645    i.current_int_priority_get  app_scheduler.o
    0x0001ab5c   0x00000130   Code   RO         1417    i.db_discover_evt_handler  ble_ancs_c.o
    0x0001ac8c   0x00000020   Code   RO           17    i.db_discovery_init  main.o
    0x0001acac   0x000000b2   Code   RO         1539    i.descriptors_discover  ble_db_discovery.o
    0x0001ad5e   0x00000002   PAD
    0x0001ad60   0x000000d0   Code   RO          868    i.device_context_store  device_manager_peripheral.o
    0x0001ae30   0x0000007c   Code   RO          869    i.device_instance_allocate  device_manager_peripheral.o
    0x0001aeac   0x00000058   Code   RO          870    i.device_instance_find  device_manager_peripheral.o
    0x0001af04   0x00000030   Code   RO          871    i.device_instance_free  device_manager_peripheral.o
    0x0001af34   0x000000b0   Code   RO           18    i.device_manager_evt_handler  main.o
    0x0001afe4   0x000000c8   Code   RO           19    i.device_manager_init  main.o
    0x0001b0ac   0x000000a4   Code   RO         1540    i.discovery_complete_evt_trigger  ble_db_discovery.o
    0x0001b150   0x00000088   Code   RO         1541    i.discovery_error_evt_trigger  ble_db_discovery.o
    0x0001b1d8   0x0000062c   Code   RO          876    i.dm_ble_evt_handler  device_manager_peripheral.o
    0x0001b804   0x0000001c   Code   RO          882    i.dm_handle_initialize  device_manager_peripheral.o
    0x0001b820   0x0000010c   Code   RO          883    i.dm_init           device_manager_peripheral.o
    0x0001b92c   0x000001f8   Code   RO          886    i.dm_pstorage_cb_handler  device_manager_peripheral.o
    0x0001bb24   0x000000bc   Code   RO          887    i.dm_register       device_manager_peripheral.o
    0x0001bbe0   0x00000098   Code   RO          888    i.dm_security_setup_req  device_manager_peripheral.o
    0x0001bc78   0x000000c4   Code   RO          889    i.dm_security_status_req  device_manager_peripheral.o
    0x0001bd3c   0x0000011c   Code   RO          893    i.dm_whitelist_create  device_manager_peripheral.o
    0x0001be58   0x00000064   Code   RO         2352    i.elapsed_ticks_acquire  app_timer.o
    0x0001bebc   0x0000006c   Code   RO         2353    i.expired_timers_handler  app_timer.o
    0x0001bf28   0x0000014c   Code   RO         1259    i.flash_data_char_add  ble_gogglepal.o
    0x0001c074   0x0000014c   Code   RO         1260    i.flash_header_char_add  ble_gogglepal.o
    0x0001c1c0   0x000000a0   Code   RO           20    i.gap_params_init   main.o
    0x0001c260   0x00000006   Code   RO          894    i.gattc_context_apply  device_manager_peripheral.o
    0x0001c266   0x00000006   Code   RO          895    i.gattc_context_load  device_manager_peripheral.o
    0x0001c26c   0x00000006   Code   RO          896    i.gattc_context_store  device_manager_peripheral.o
    0x0001c272   0x00000002   PAD
    0x0001c274   0x000000e8   Code   RO          897    i.gatts_context_apply  device_manager_peripheral.o
    0x0001c35c   0x00000040   Code   RO          898    i.gatts_context_load  device_manager_peripheral.o
    0x0001c39c   0x000000cc   Code   RO          899    i.gatts_context_store  device_manager_peripheral.o
    0x0001c468   0x0000001a   Code   RO          900    i.gattsc_context_apply  device_manager_peripheral.o
    0x0001c482   0x0000001e   Code   RO          901    i.gattsc_context_load  device_manager_peripheral.o
    0x0001c4a0   0x0000001e   Code   RO          902    i.gattsc_context_store  device_manager_peripheral.o
    0x0001c4be   0x00000002   PAD
    0x0001c4c0   0x00000064   Code   RO           21    i.gogglepal_timers_init  main.o
    0x0001c524   0x00000020   Code   RO         1654    i.gpiote_uart_event_handler  app_uart.o
    0x0001c544   0x00000104   Code   RO         1261    i.hdsk_cmd_char_add  ble_gogglepal.o
    0x0001c648   0x00000198   Code   RO           22    i.hdsk_cmd_write_handler  main.o
    0x0001c7e0   0x000000bc   Code   RO         2717    i.intern_softdevice_events_execute  softdevice_handler.o
    0x0001c89c   0x0000001e   Code   RO         1542    i.is_char_discovery_reqd  ble_db_discovery.o
    0x0001c8ba   0x00000002   PAD
    0x0001c8bc   0x00000024   Code   RO          768    i.is_conn_params_ok  ble_conn_params.o
    0x0001c8e0   0x00000054   Code   RO         1543    i.is_desc_discovery_reqd  ble_db_discovery.o
    0x0001c934   0x00000038   Code   RO          573    i.is_disabled_in_debug_needed  system_nrf51.o
    0x0001c96c   0x0000006c   Code   RO          574    i.is_manual_peripheral_setup_needed  system_nrf51.o
    0x0001c9d8   0x00000012   Code   RO         2088    i.is_word_aligned   pstorage.o
    0x0001c9ea   0x00000002   PAD
    0x0001c9ec   0x000000c0   Code   RO         2354    i.list_deletions_handler  app_timer.o
    0x0001caac   0x00000130   Code   RO         2355    i.list_insertions_handler  app_timer.o
    0x0001cbdc   0x000000c8   Code   RO           23    i.main              main.o
    0x0001cca4   0x0000006a   Code   RO          624    i.manuf_specific_data_encode  ble_advdata.o
    0x0001cd0e   0x00000096   Code   RO          625    i.name_encode       ble_advdata.o
    0x0001cda4   0x00000018   Code   RO         2646    i.next_index        app_scheduler.o
    0x0001cdbc   0x00000006   Code   RO          903    i.no_service_context_apply  device_manager_peripheral.o
    0x0001cdc2   0x00000006   Code   RO          904    i.no_service_context_load  device_manager_peripheral.o
    0x0001cdc8   0x00000006   Code   RO          905    i.no_service_context_store  device_manager_peripheral.o
    0x0001cdce   0x0000000a   Code   RO           24    i.notif_attr_print  main.o
    0x0001cdd8   0x00000070   Code   RO           25    i.notif_print       main.o
    0x0001ce48   0x0000001c   Code   RO         1791    i.nrf_delay_ms      nrf_delay.o
    0x0001ce64   0x00000038   Code   RO         1822    i.nrf_drv_common_irq_enable  nrf_drv_common.o
    0x0001ce9c   0x00000080   Code   RO         1855    i.nrf_drv_gpiote_in_event_disable  nrf_drv_gpiote.o
    0x0001cf1c   0x000000b0   Code   RO         1856    i.nrf_drv_gpiote_in_event_enable  nrf_drv_gpiote.o
    0x0001cfcc   0x000000f4   Code   RO         1857    i.nrf_drv_gpiote_in_init  nrf_drv_gpiote.o
    0x0001d0c0   0x00000020   Code   RO         1858    i.nrf_drv_gpiote_in_is_set  nrf_drv_gpiote.o
    0x0001d0e0   0x00000050   Code   RO         1859    i.nrf_drv_gpiote_in_uninit  nrf_drv_gpiote.o
    0x0001d130   0x00000050   Code   RO         1860    i.nrf_drv_gpiote_init  nrf_drv_gpiote.o
    0x0001d180   0x00000014   Code   RO         1861    i.nrf_drv_gpiote_is_init  nrf_drv_gpiote.o
    0x0001d194   0x000000f0   Code   RO         1863    i.nrf_drv_gpiote_out_init  nrf_drv_gpiote.o
    0x0001d284   0x00000012   Code   RO         1873    i.nrf_gpio_cfg_default  nrf_drv_gpiote.o
    0x0001d296   0x00000046   Code   RO         1874    i.nrf_gpio_cfg_sense_set  nrf_drv_gpiote.o
    0x0001d2dc   0x00000010   Code   RO         1875    i.nrf_gpio_pin_clear  nrf_drv_gpiote.o
    0x0001d2ec   0x00000010   Code   RO         1876    i.nrf_gpio_pin_set  nrf_drv_gpiote.o
    0x0001d2fc   0x0000000c   Code   RO         1877    i.nrf_gpiote_event_addr_get  nrf_drv_gpiote.o
    0x0001d308   0x00000010   Code   RO         1878    i.nrf_gpiote_event_clear  nrf_drv_gpiote.o
    0x0001d318   0x00000016   Code   RO         1879    i.nrf_gpiote_event_is_set  nrf_drv_gpiote.o
    0x0001d32e   0x00000002   PAD
    0x0001d330   0x0000000c   Code   RO         1880    i.nrf_gpiote_int_enable  nrf_drv_gpiote.o
    0x0001d33c   0x00000080   Code   RO           26    i.on_adv_evt        main.o
    0x0001d3bc   0x0000007c   Code   RO           27    i.on_ancs_c_evt     main.o
    0x0001d438   0x00000138   Code   RO           28    i.on_ble_evt        main.o
    0x0001d570   0x00000116   Code   RO         1544    i.on_characteristic_discovery_rsp  ble_db_discovery.o
    0x0001d686   0x00000002   PAD
    0x0001d688   0x00000030   Code   RO           29    i.on_conn_params_evt  main.o
    0x0001d6b8   0x00000018   Code   RO          769    i.on_conn_params_update  ble_conn_params.o
    0x0001d6d0   0x0000003c   Code   RO          770    i.on_connect        ble_conn_params.o
    0x0001d70c   0x00000006   Code   RO         1262    i.on_connect        ble_gogglepal.o
    0x0001d712   0x00000002   PAD
    0x0001d714   0x00000028   Code   RO         1655    i.on_cts_high       app_uart.o
    0x0001d73c   0x0000003c   Code   RO         1656    i.on_cts_low        app_uart.o
    0x0001d778   0x000000b8   Code   RO         1545    i.on_descriptor_discovery_rsp  ble_db_discovery.o
    0x0001d830   0x00000044   Code   RO          771    i.on_disconnect     ble_conn_params.o
    0x0001d874   0x00000008   Code   RO         1263    i.on_disconnect     ble_gogglepal.o
    0x0001d87c   0x00000068   Code   RO         1418    i.on_evt_gattc_notif  ble_ancs_c.o
    0x0001d8e4   0x00000008   Code   RO         1419    i.on_evt_write_rsp  ble_ancs_c.o
    0x0001d8ec   0x00000010   Code   RO         1264    i.on_hvc            ble_gogglepal.o
    0x0001d8fc   0x00000058   Code   RO         1546    i.on_primary_srv_discovery_rsp  ble_db_discovery.o
    0x0001d954   0x00000028   Code   RO         1265    i.on_rw_authorize_request  ble_gogglepal.o
    0x0001d97c   0x00000084   Code   RO         1547    i.on_srv_disc_completion  ble_db_discovery.o
    0x0001da00   0x00000002   Code   RO         1266    i.on_tx_complete    ble_gogglepal.o
    0x0001da02   0x00000002   PAD
    0x0001da04   0x0000002c   Code   RO         1657    i.on_tx_ready       app_uart.o
    0x0001da30   0x00000008   Code   RO         1658    i.on_uart_close     app_uart.o
    0x0001da38   0x00000036   Code   RO         1659    i.on_uart_event     app_uart.o
    0x0001da6e   0x00000002   PAD
    0x0001da70   0x00000014   Code   RO         1660    i.on_uart_put       app_uart.o
    0x0001da84   0x0000005c   Code   RO          772    i.on_write          ble_conn_params.o
    0x0001dae0   0x000000e6   Code   RO         1267    i.on_write          ble_gogglepal.o
    0x0001dbc6   0x00000002   PAD
    0x0001dbc8   0x000001b8   Code   RO         1420    i.parse_get_notif_attrs_response  ble_ancs_c.o
    0x0001dd80   0x000000bc   Code   RO         1421    i.parse_notif       ble_ancs_c.o
    0x0001de3c   0x0000001a   Code   RO         1145    i.peer_address_exists  ble_advertising.o
    0x0001de56   0x00000002   PAD
    0x0001de58   0x00000050   Code   RO          906    i.peer_instance_init  device_manager_peripheral.o
    0x0001dea8   0x00000038   Code   RO         1548    i.pending_user_evts_send  ble_db_discovery.o
    0x0001dee0   0x0000000c   Code   RO         1881    i.pin_from_port_get  nrf_drv_gpiote.o
    0x0001deec   0x0000001c   Code   RO         1882    i.pin_in_use_by_gpiote  nrf_drv_gpiote.o
    0x0001df08   0x00000018   Code   RO         1883    i.pin_in_use_by_port  nrf_drv_gpiote.o
    0x0001df20   0x00000020   Code   RO         1884    i.pin_in_use_by_te  nrf_drv_gpiote.o
    0x0001df40   0x00000010   Code   RO         1885    i.pin_in_use_clear  nrf_drv_gpiote.o
    0x0001df50   0x0000009e   Code   RO         1214    i.pnp_id_encode     ble_dis.o
    0x0001dfee   0x0000001e   Code   RO           30    i.power_manage      main.o
    0x0001e00c   0x00000148   Code   RO           31    i.process_mcu_msg   main.o
    0x0001e154   0x000000ac   Code   RO           32    i.process_uart_byte  main.o
    0x0001e200   0x0000002c   Code   RO         2089    i.pstorage_access_status_get  pstorage.o
    0x0001e22c   0x00000090   Code   RO         2090    i.pstorage_block_identifier_get  pstorage.o
    0x0001e2bc   0x000000b0   Code   RO         2091    i.pstorage_clear    pstorage.o
    0x0001e36c   0x00000028   Code   RO         2092    i.pstorage_flash_page_end  pstorage.o
    0x0001e394   0x0000000a   Code   RO         2093    i.pstorage_flash_page_size  pstorage.o
    0x0001e39e   0x00000002   PAD
    0x0001e3a0   0x0000009c   Code   RO         2094    i.pstorage_init     pstorage.o
    0x0001e43c   0x000000ec   Code   RO         2095    i.pstorage_load     pstorage.o
    0x0001e528   0x00000144   Code   RO         2096    i.pstorage_register  pstorage.o
    0x0001e66c   0x000000d4   Code   RO         2097    i.pstorage_store    pstorage.o
    0x0001e740   0x000001c4   Code   RO         2098    i.pstorage_sys_event_handler  pstorage.o
    0x0001e904   0x000000d4   Code   RO         2099    i.pstorage_update   pstorage.o
    0x0001e9d8   0x00000074   Code   RO           33    i.queueSerialEvent  main.o
    0x0001ea4c   0x00000040   Code   RO         1549    i.registered_handler_get  ble_db_discovery.o
    0x0001ea8c   0x00000044   Code   RO         1550    i.registered_handler_set  ble_db_discovery.o
    0x0001ead0   0x0000000c   Code   RO         2356    i.rtc1_counter_get  app_timer.o
    0x0001eadc   0x00000018   Code   RO         2357    i.rtc1_init         app_timer.o
    0x0001eaf4   0x0000003c   Code   RO         2358    i.rtc1_start        app_timer.o
    0x0001eb30   0x00000058   Code   RO         2359    i.rtc1_stop         app_timer.o
    0x0001eb88   0x00000030   Code   RO           34    i.scheduler_init    main.o
    0x0001ebb8   0x0000014c   Code   RO         1268    i.scoreboard_char_add  ble_gogglepal.o
    0x0001ed04   0x00000064   Code   RO           35    i.sec_req_timeout_handler  main.o
    0x0001ed68   0x0000008c   Code   RO          626    i.service_data_encode  ble_advdata.o
    0x0001edf4   0x0000037c   Code   RO           36    i.services_init     main.o
    0x0001f170   0x0000000c   Code   RO         1269    i.set_sync_state    ble_gogglepal.o
    0x0001f17c   0x0000001e   Code   RO           37    i.sleep_mode_enter  main.o
    0x0001f19a   0x00000012   Code   RO         2718    i.softdevice_assertion_handler  softdevice_handler.o
    0x0001f1ac   0x00000018   Code   RO         2719    i.softdevice_ble_evt_handler_set  softdevice_handler.o
    0x0001f1c4   0x00000068   Code   RO         2720    i.softdevice_handler_init  softdevice_handler.o
    0x0001f22c   0x00000018   Code   RO         2722    i.softdevice_sys_evt_handler_set  softdevice_handler.o
    0x0001f244   0x00000010   Code   RO          627    i.srdata_check      ble_advdata.o
    0x0001f254   0x00000008   Code   RO          907    i.storage_operation_dummy_handler  device_manager_peripheral.o
    0x0001f25c   0x000001b4   Code   RO         2100    i.swap_state_process  pstorage.o
    0x0001f410   0x00000012   Code   RO           38    i.sys_evt_dispatch  main.o
    0x0001f422   0x000000a4   Code   RO         1215    i.sys_id_encode     ble_dis.o
    0x0001f4c6   0x0000000a   Code   RO         2360    i.ticks_diff_get    app_timer.o
    0x0001f4d0   0x00000040   Code   RO         2361    i.timeout_handler_exec  app_timer.o
    0x0001f510   0x00000058   Code   RO         2362    i.timer_list_handler  app_timer.o
    0x0001f568   0x0000000a   Code   RO         2363    i.timer_list_handler_sched  app_timer.o
    0x0001f572   0x00000002   PAD
    0x0001f574   0x000000dc   Code   RO         2364    i.timer_list_insert  app_timer.o
    0x0001f650   0x000000cc   Code   RO         2365    i.timer_list_remove  app_timer.o
    0x0001f71c   0x00000054   Code   RO         2366    i.timer_start_op_schedule  app_timer.o
    0x0001f770   0x00000040   Code   RO         2368    i.timer_stop_op_schedule  app_timer.o
    0x0001f7b0   0x0000009c   Code   RO         2369    i.timer_timeouts_check  app_timer.o
    0x0001f84c   0x0000000a   Code   RO         2370    i.timer_timeouts_check_sched  app_timer.o
    0x0001f856   0x00000002   PAD
    0x0001f858   0x0000008c   Code   RO         1422    i.tx_buffer_process  ble_ancs_c.o
    0x0001f8e4   0x00000030   Code   RO          628    i.tx_power_level_encode  ble_advdata.o
    0x0001f914   0x0000005a   Code   RO           40    i.uart_evt_handler  main.o
    0x0001f96e   0x00000002   PAD
    0x0001f970   0x00000064   Code   RO           41    i.uart_init         main.o
    0x0001f9d4   0x00000040   Code   RO         1661    i.uart_no_flow_control_init  app_uart.o
    0x0001fa14   0x00000040   Code   RO         1662    i.uart_standard_flow_control_init  app_uart.o
    0x0001fa54   0x00000012   Code   RO          629    i.uint16_encode     ble_advdata.o
    0x0001fa66   0x00000012   Code   RO         1216    i.uint16_encode     ble_dis.o
    0x0001fa78   0x00000018   Code   RO         1423    i.uint32_decode     ble_ancs_c.o
    0x0001fa90   0x00000014   Code   RO          908    i.update_status_bit_reset  device_manager_peripheral.o
    0x0001faa4   0x0000009c   Code   RO          773    i.update_timeout_handler  ble_conn_params.o
    0x0001fb40   0x00000014   Code   RO         1270    i.update_user_profile  ble_gogglepal.o
    0x0001fb54   0x00000022   Code   RO         2371    i.user_id_get       app_timer.o
    0x0001fb76   0x0000002c   Code   RO         2372    i.user_op_alloc     app_timer.o
    0x0001fba2   0x00000004   Code   RO         2373    i.user_op_enque     app_timer.o
    0x0001fba6   0x00000002   PAD
    0x0001fba8   0x00000104   Code   RO         1271    i.user_profile_char_add  ble_gogglepal.o
    0x0001fcac   0x0000001a   Code   RO           42    i.user_profile_write_handler  main.o
    0x0001fcc6   0x00000040   Code   RO          630    i.uuid_list_encode  ble_advdata.o
    0x0001fd06   0x000000c4   Code   RO          631    i.uuid_list_sized_encode  ble_advdata.o
    0x0001fdca   0x00000016   Code   RO         1146    i.whitelist_has_entries  ble_advertising.o
    0x0001fde0   0x0000000c   Data   RO           44    .constdata          main.o
    0x0001fdec   0x00000034   Data   RO          910    .constdata          device_manager_peripheral.o
    0x0001fe20   0x0000004c   Data   RO         1273    .constdata          ble_gogglepal.o
    0x0001fe6c   0x00000040   Data   RO         1425    .constdata          ble_ancs_c.o
    0x0001feac   0x00000008   Data   RO         1663    .constdata          app_uart.o
    0x0001feb4   0x0000012a   Data   RO           45    .conststring        main.o
    0x0001ffde   0x00000002   PAD
    0x0001ffe0   0x00000020   Data   RO         3098    Region$$Table       anon$$obj.o


    Execution Region RW_IRAM1 (Base: 0x20002000, Size: 0x00001a80, Max: 0x00002000, ABSOLUTE, COMPRESSED[0x0000008c])

    Base Addr    Size         Type   Attr      Idx    E Section Name        Object

    0x20002000   0x0000009d   Data   RW           46    .data               main.o
    0x2000209d   0x00000003   PAD
    0x200020a0   0x00000004   Data   RW          575    .data               system_nrf51.o
    0x200020a4   0x00000019   Data   RW          775    .data               ble_conn_params.o
    0x200020bd   0x00000003   PAD
    0x200020c0   0x00000014   Data   RW          911    .data               device_manager_peripheral.o
    0x200020d4   0x00000022   Data   RW         1148    .data               ble_advertising.o
    0x200020f6   0x0000004a   Data   RW         1217    .data               ble_dis.o
    0x20002140   0x0000006a   Data   RW         1274    .data               ble_gogglepal.o
    0x200021aa   0x00000002   PAD
    0x200021ac   0x00000008   Data   RW         1378    .data               ble_radio_notification.o
    0x200021b4   0x0000001a   Data   RW         1426    .data               ble_ancs_c.o
    0x200021ce   0x00000002   PAD
    0x200021d0   0x0000000d   Data   RW         1552    .data               ble_db_discovery.o
    0x200021dd   0x00000003   PAD
    0x200021e0   0x0000000d   Data   RW         1664    .data               app_uart.o
    0x200021ed   0x00000003   PAD
    0x200021f0   0x0000000c   Data   RW         2102    .data               pstorage.o
    0x200021fc   0x0000002a   Data   RW         2374    .data               app_timer.o
    0x20002226   0x00000002   PAD
    0x20002228   0x0000000e   Data   RW         2647    .data               app_scheduler.o
    0x20002236   0x00000002   PAD
    0x20002238   0x00000018   Data   RW         2723    .data               softdevice_handler.o
    0x20002250   0x00000a40   Zero   RW           43    .bss                main.o
    0x20002c90   0x0000001c   Zero   RW          774    .bss                ble_conn_params.o
    0x20002cac   0x0000011f   Zero   RW          909    .bss                device_manager_peripheral.o
    0x20002dcb   0x00000001   PAD
    0x20002dcc   0x000000f7   Zero   RW         1147    .bss                ble_advertising.o
    0x20002ec3   0x0000003c   Zero   RW         1272    .bss                ble_gogglepal.o
    0x20002eff   0x00000001   PAD
    0x20002f00   0x000001d0   Zero   RW         1424    .bss                ble_ancs_c.o
    0x200030d0   0x00000080   Zero   RW         1551    .bss                ble_db_discovery.o
    0x20003150   0x00000054   Zero   RW         1886    .bss                nrf_drv_gpiote.o
    0x200031a4   0x000000dc   Zero   RW         2101    .bss                pstorage.o
    0x20003280   0x00000800   Zero   RW          611    STACK               arm_startup_nrf51.o


==============================================================================

Image component sizes


      Code (inc. data)   RO Data    RW Data    ZI Data      Debug   Object Name

       630         82          0         14          0      12539   app_scheduler.o
      2906        320          0         42          0      32251   app_timer.o
        78          6          0          0          0       2325   app_timer_appsh.o
      1338        206          8         13          0      25415   app_uart.o
        56         18        192          0       2048        628   arm_startup_nrf51.o
      1448          4          0          0          0      18510   ble_advdata.o
      1568        172          0         34        247       9319   ble_advertising.o
      1628        132         64         26        464      19679   ble_ancs_c.o
         0          0          0          0          0       6328   ble_bas.o
       766        126          0         25         28      12364   ble_conn_params.o
      1914        124          0         13        128      15295   ble_db_discovery.o
      1016         54          0         74          0       6167   ble_dis.o
      2950        132         76        106         60      18570   ble_gogglepal.o
        44         10          0          8          0       1290   ble_radio_notification.o
        18          0          0          0          0       1048   ble_srv_common.o
      4634        342         52         20        287      31264   device_manager_peripheral.o
      4710        440        310        157       2624     118475   main.o
        58          4          0          0          0       1319   nrf_delay.o
       176         18          0          0          0       1248   nrf_drv_common.o
      1866        154          0          0         84      25651   nrf_drv_gpiote.o
      3168        184          0         12        220      19554   pstorage.o
       414         58          0         24          0       7444   softdevice_handler.o
       220         26          0          4          0       1691   system_nrf51.o

    ----------------------------------------------------------------------
     31662       2612        736        592       6192     388374   Object Totals
         0          0         32          0          0          0   (incl. Generated)
        56          0          2         20          2          0   (incl. Padding)

    ----------------------------------------------------------------------

      Code (inc. data)   RO Data    RW Data    ZI Data      Debug   Library Member Name

        86          0          0          0          0          0   __dczerorl2.o
         0          0          0          0          0          0   entry.o
         0          0          0          0          0          0   entry10a.o
         0          0          0          0          0          0   entry11a.o
         8          4          0          0          0          0   entry2.o
         4          0          0          0          0          0   entry5.o
         0          0          0          0          0          0   entry7b.o
         0          0          0          0          0          0   entry8b.o
         8          4          0          0          0          0   entry9a.o
        30          0          0          0          0          0   handlers.o
        40          0          0          0          0         72   idiv.o
        36          8          0          0          0         68   init.o
        26          0          0          0          0         72   memcmp.o
        36          0          0          0          0         60   memcpya.o
        36          0          0          0          0        100   memseta.o
        14          0          0          0          0         60   strlen.o
        44          0          0          0          0         72   uidiv.o

    ----------------------------------------------------------------------
       370         16          0          0          0        504   Library Totals
         2          0          0          0          0          0   (incl. Padding)

    ----------------------------------------------------------------------

      Code (inc. data)   RO Data    RW Data    ZI Data      Debug   Library Name

       368         16          0          0          0        504   mc_p.l

    ----------------------------------------------------------------------
       370         16          0          0          0        504   Library Totals

    ----------------------------------------------------------------------

==============================================================================


      Code (inc. data)   RO Data    RW Data    ZI Data      Debug   

     32032       2628        736        592       6192     376810   Grand Totals
     32032       2628        736        140       6192     376810   ELF Image Totals (compressed)
     32032       2628        736        140          0          0   ROM Totals

==============================================================================

    Total RO  Size (Code + RO Data)                32768 (  32.00kB)
    Total RW  Size (RW Data + ZI Data)              6784 (   6.63kB)
    Total ROM Size (Code + RO Data + RW Data)      32908 (  32.14kB)

==============================================================================

